Archive member included because of file (symbol)

C:/ev3/API\libev3api.a(ev3_button.o)
                              ./src/Control/wander.o (ButtonIsDown)
C:/ev3/API\libev3api.a(ev3_output.o)
                              ./src/Control/control_setup.o (OutputInitialized)
C:/ev3/API\libev3api.a(ev3.o)
                              ./src/Sensors/sensors.o (FreeEV3)
C:/ev3/API\libev3api.a(ev3_sensor.o)
                              ./src/Sensors/sensors.o (SensorsInitialized)
C:/ev3/API\libev3api.a(ev3_lcd.o)
                              C:/ev3/API\libev3api.a(ev3.o) (LcdClean)
C:/ev3/API\libev3api.a(ev3_timer.o)
                              C:/ev3/API\libev3api.a(ev3_lcd.o) (SetTimerCallback)
C:/ev3/API\libev3api.a(ev3_command.o)
                              ./src/Control/lego_control.o (Wait)
C:/ev3/API\libev3api.a(ev3_sound.o)
                              ./src/main.o (SoundInit)
c:/program files (x86)/codesourcery/sourcery g++ lite/bin/../lib/gcc/arm-none-linux-gnueabi/4.3.3/armv4t\libgcc.a(_udivsi3.o)
                              C:/ev3/API\libev3api.a(ev3_timer.o) (__aeabi_uidiv)
c:/program files (x86)/codesourcery/sourcery g++ lite/bin/../lib/gcc/arm-none-linux-gnueabi/4.3.3/armv4t\libgcc.a(_divsi3.o)
                              C:/ev3/API\libev3api.a(ev3_output.o) (__aeabi_idiv)
c:/program files (x86)/codesourcery/sourcery g++ lite/bin/../lib/gcc/arm-none-linux-gnueabi/4.3.3/armv4t\libgcc.a(_lshrdi3.o)
                              C:/ev3/API\libev3api.a(ev3_sensor.o) (__aeabi_llsr)
c:/program files (x86)/codesourcery/sourcery g++ lite/bin/../lib/gcc/arm-none-linux-gnueabi/4.3.3/armv4t\libgcc.a(_arm_addsubdf3.o)
                              ./src/Control/goalfinding.o (__aeabi_dadd)
c:/program files (x86)/codesourcery/sourcery g++ lite/bin/../lib/gcc/arm-none-linux-gnueabi/4.3.3/armv4t\libgcc.a(_arm_muldivdf3.o)
                              ./src/Control/lego_control.o (__aeabi_dmul)
c:/program files (x86)/codesourcery/sourcery g++ lite/bin/../lib/gcc/arm-none-linux-gnueabi/4.3.3/armv4t\libgcc.a(_arm_fixdfsi.o)
                              ./src/Control/goalfinding.o (__aeabi_d2iz)
c:/program files (x86)/codesourcery/sourcery g++ lite/bin/../lib/gcc/arm-none-linux-gnueabi/4.3.3/armv4t\libgcc.a(_arm_muldivsf3.o)
                              C:/ev3/API\libev3api.a(ev3_button.o) (__aeabi_fmul)
c:/program files (x86)/codesourcery/sourcery g++ lite/bin/../lib/gcc/arm-none-linux-gnueabi/4.3.3/armv4t\libgcc.a(_aeabi_uldivmod.o)
                              C:/ev3/API\libev3api.a(ev3_timer.o) (__aeabi_uldivmod)
c:/program files (x86)/codesourcery/sourcery g++ lite/bin/../lib/gcc/arm-none-linux-gnueabi/4.3.3/armv4t\libgcc.a(_dvmd_lnx.o)
                              c:/program files (x86)/codesourcery/sourcery g++ lite/bin/../lib/gcc/arm-none-linux-gnueabi/4.3.3/armv4t\libgcc.a(_udivsi3.o) (__aeabi_idiv0)
c:/program files (x86)/codesourcery/sourcery g++ lite/bin/../lib/gcc/arm-none-linux-gnueabi/4.3.3/armv4t\libgcc.a(bpabi.o)
                              c:/program files (x86)/codesourcery/sourcery g++ lite/bin/../lib/gcc/arm-none-linux-gnueabi/4.3.3/armv4t\libgcc.a(_aeabi_uldivmod.o) (__gnu_uldivmod_helper)
c:/program files (x86)/codesourcery/sourcery g++ lite/bin/../lib/gcc/arm-none-linux-gnueabi/4.3.3/armv4t\libgcc.a(_divdi3.o)
                              c:/program files (x86)/codesourcery/sourcery g++ lite/bin/../lib/gcc/arm-none-linux-gnueabi/4.3.3/armv4t\libgcc.a(bpabi.o) (__divdi3)
c:/program files (x86)/codesourcery/sourcery g++ lite/bin/../lib/gcc/arm-none-linux-gnueabi/4.3.3/armv4t\libgcc.a(_udivdi3.o)
                              c:/program files (x86)/codesourcery/sourcery g++ lite/bin/../lib/gcc/arm-none-linux-gnueabi/4.3.3/armv4t\libgcc.a(bpabi.o) (__udivdi3)
c:/program files (x86)/codesourcery/sourcery g++ lite/bin/../lib/gcc/arm-none-linux-gnueabi/4.3.3/armv4t\libgcc.a(_clz.o)
                              c:/program files (x86)/codesourcery/sourcery g++ lite/bin/../lib/gcc/arm-none-linux-gnueabi/4.3.3/armv4t\libgcc.a(_divdi3.o) (__clz_tab)
c:\program files (x86)\codesourcery\sourcery g++ lite\bin\../arm-none-linux-gnueabi/libc/armv4t/usr/lib/libc_nonshared.a(elf-init.oS)
                              c:/program files (x86)/codesourcery/sourcery g++ lite/bin/../arm-none-linux-gnueabi/libc/armv4t/usr/lib/crt1.o (__libc_csu_fini)
c:\program files (x86)\codesourcery\sourcery g++ lite\bin\../arm-none-linux-gnueabi/libc/armv4t/usr/lib/libc_nonshared.a(stat.oS)
                              C:/ev3/API\libev3api.a(ev3_sound.o) (stat)

Allocating common symbols
Common symbol       size              file

ir_sensor_channel   0x10              C:/ev3/API\libev3api.a(ev3_sensor.o)
LCDInstance         0xb98             C:/ev3/API\libev3api.a(ev3_lcd.o)
hwBuffer            0x1e00            C:/ev3/API\libev3api.a(ev3_lcd.o)
OutputInstance      0x48              C:/ev3/API\libev3api.a(ev3_output.o)
HwVers              0x6               C:/ev3/API\libev3api.a(ev3_button.o)
ButtonLedInstance   0x18              C:/ev3/API\libev3api.a(ev3_button.o)
SoundInstance       0x208             C:/ev3/API\libev3api.a(ev3_sound.o)
sensor_setup_NAME   0x10              C:/ev3/API\libev3api.a(ev3_sensor.o)

Discarded input sections

 .note.ABI-tag  0x00000000        0x0 c:/program files (x86)/codesourcery/sourcery g++ lite/bin/../arm-none-linux-gnueabi/libc/armv4t/usr/lib/crt1.o
 .rodata.cst4   0x00000000        0x0 c:/program files (x86)/codesourcery/sourcery g++ lite/bin/../arm-none-linux-gnueabi/libc/armv4t/usr/lib/crt1.o
 .ARM.extab     0x00000000        0x0 c:/program files (x86)/codesourcery/sourcery g++ lite/bin/../arm-none-linux-gnueabi/libc/armv4t/usr/lib/crt1.o
 .data          0x00000000        0x0 c:/program files (x86)/codesourcery/sourcery g++ lite/bin/../arm-none-linux-gnueabi/libc/armv4t/usr/lib/crt1.o
 .bss           0x00000000        0x0 c:/program files (x86)/codesourcery/sourcery g++ lite/bin/../arm-none-linux-gnueabi/libc/armv4t/usr/lib/crt1.o
 .note.GNU-stack
                0x00000000        0x0 c:/program files (x86)/codesourcery/sourcery g++ lite/bin/../arm-none-linux-gnueabi/libc/armv4t/usr/lib/crt1.o
 .data          0x00000000        0x0 c:/program files (x86)/codesourcery/sourcery g++ lite/bin/../arm-none-linux-gnueabi/libc/armv4t/usr/lib/crti.o
 .bss           0x00000000        0x0 c:/program files (x86)/codesourcery/sourcery g++ lite/bin/../arm-none-linux-gnueabi/libc/armv4t/usr/lib/crti.o
 .ARM.extab     0x00000000        0x0 c:/program files (x86)/codesourcery/sourcery g++ lite/bin/../arm-none-linux-gnueabi/libc/armv4t/usr/lib/crti.o
 .note.GNU-stack
                0x00000000        0x0 c:/program files (x86)/codesourcery/sourcery g++ lite/bin/../arm-none-linux-gnueabi/libc/armv4t/usr/lib/crti.o
 .data          0x00000000        0x0 c:/program files (x86)/codesourcery/sourcery g++ lite/bin/../lib/gcc/arm-none-linux-gnueabi/4.3.3/armv4t/crtbegin.o
 .ARM.extab     0x00000000        0x0 c:/program files (x86)/codesourcery/sourcery g++ lite/bin/../lib/gcc/arm-none-linux-gnueabi/4.3.3/armv4t/crtbegin.o
 .note.GNU-stack
                0x00000000        0x0 c:/program files (x86)/codesourcery/sourcery g++ lite/bin/../lib/gcc/arm-none-linux-gnueabi/4.3.3/armv4t/crtbegin.o
 .text          0x00000000        0x0 ./src/Sensors/sensors.o
 .data          0x00000000        0x0 ./src/Sensors/sensors.o
 .bss           0x00000000        0x0 ./src/Sensors/sensors.o
 .debug_abbrev  0x00000000        0x0 ./src/Sensors/sensors.o
 .debug_info    0x00000000        0x0 ./src/Sensors/sensors.o
 .debug_line    0x00000000        0x0 ./src/Sensors/sensors.o
 .debug_macinfo
                0x00000000        0x0 ./src/Sensors/sensors.o
 .data.__reference_InitEV3
                0x00000000        0x0 ./src/Sensors/sensors.o
 .data.__reference_FreeEV3
                0x00000000        0x0 ./src/Sensors/sensors.o
 .debug_frame   0x00000000        0x0 ./src/Sensors/sensors.o
 .debug_loc     0x00000000        0x0 ./src/Sensors/sensors.o
 .debug_pubnames
                0x00000000        0x0 ./src/Sensors/sensors.o
 .debug_aranges
                0x00000000        0x0 ./src/Sensors/sensors.o
 .debug_ranges  0x00000000        0x0 ./src/Sensors/sensors.o
 .debug_str     0x00000000        0x0 ./src/Sensors/sensors.o
 .note.GNU-stack
                0x00000000        0x0 ./src/Sensors/sensors.o
 .text          0x00000000        0x0 ./src/Control/control_setup.o
 .data          0x00000000        0x0 ./src/Control/control_setup.o
 .bss           0x00000000        0x0 ./src/Control/control_setup.o
 .debug_abbrev  0x00000000        0x0 ./src/Control/control_setup.o
 .debug_info    0x00000000        0x0 ./src/Control/control_setup.o
 .debug_line    0x00000000        0x0 ./src/Control/control_setup.o
 .debug_macinfo
                0x00000000        0x0 ./src/Control/control_setup.o
 .data.__reference_InitEV3
                0x00000000        0x0 ./src/Control/control_setup.o
 .data.__reference_FreeEV3
                0x00000000        0x0 ./src/Control/control_setup.o
 .rodata        0x00000000        0x0 ./src/Control/control_setup.o
 .text.setup    0x00000000        0x0 ./src/Control/control_setup.o
 .ARM.extab.text.setup
                0x00000000        0x0 ./src/Control/control_setup.o
 .ARM.exidx.text.setup
                0x00000000        0x0 ./src/Control/control_setup.o
 .debug_frame   0x00000000        0x0 ./src/Control/control_setup.o
 .debug_loc     0x00000000        0x0 ./src/Control/control_setup.o
 .debug_pubnames
                0x00000000        0x0 ./src/Control/control_setup.o
 .debug_aranges
                0x00000000        0x0 ./src/Control/control_setup.o
 .debug_ranges  0x00000000        0x0 ./src/Control/control_setup.o
 .debug_str     0x00000000        0x0 ./src/Control/control_setup.o
 .note.GNU-stack
                0x00000000        0x0 ./src/Control/control_setup.o
 .text          0x00000000        0x0 ./src/Control/goalfinding.o
 .data          0x00000000        0x0 ./src/Control/goalfinding.o
 .bss           0x00000000        0x0 ./src/Control/goalfinding.o
 .debug_abbrev  0x00000000        0x0 ./src/Control/goalfinding.o
 .debug_info    0x00000000        0x0 ./src/Control/goalfinding.o
 .debug_line    0x00000000        0x0 ./src/Control/goalfinding.o
 .debug_macinfo
                0x00000000        0x0 ./src/Control/goalfinding.o
 .data.__reference_InitEV3
                0x00000000        0x0 ./src/Control/goalfinding.o
 .data.__reference_FreeEV3
                0x00000000        0x0 ./src/Control/goalfinding.o
 .debug_frame   0x00000000        0x0 ./src/Control/goalfinding.o
 .debug_loc     0x00000000        0x0 ./src/Control/goalfinding.o
 .debug_pubnames
                0x00000000        0x0 ./src/Control/goalfinding.o
 .debug_aranges
                0x00000000        0x0 ./src/Control/goalfinding.o
 .debug_ranges  0x00000000        0x0 ./src/Control/goalfinding.o
 .debug_str     0x00000000        0x0 ./src/Control/goalfinding.o
 .note.GNU-stack
                0x00000000        0x0 ./src/Control/goalfinding.o
 .text          0x00000000        0x0 ./src/Control/lego_control.o
 .data          0x00000000        0x0 ./src/Control/lego_control.o
 .bss           0x00000000        0x0 ./src/Control/lego_control.o
 .debug_abbrev  0x00000000        0x0 ./src/Control/lego_control.o
 .debug_info    0x00000000        0x0 ./src/Control/lego_control.o
 .debug_line    0x00000000        0x0 ./src/Control/lego_control.o
 .debug_macinfo
                0x00000000        0x0 ./src/Control/lego_control.o
 .data.__reference_InitEV3
                0x00000000        0x0 ./src/Control/lego_control.o
 .data.__reference_FreeEV3
                0x00000000        0x0 ./src/Control/lego_control.o
 .text.setUpControl
                0x00000000        0x0 ./src/Control/lego_control.o
 .ARM.extab.text.setUpControl
                0x00000000        0x0 ./src/Control/lego_control.o
 .ARM.exidx.text.setUpControl
                0x00000000        0x0 ./src/Control/lego_control.o
 .text.turnVehicleRight
                0x00000000        0x0 ./src/Control/lego_control.o
 .ARM.extab.text.turnVehicleRight
                0x00000000        0x0 ./src/Control/lego_control.o
 .ARM.exidx.text.turnVehicleRight
                0x00000000        0x0 ./src/Control/lego_control.o
 .text.turnVehicleLeft
                0x00000000        0x0 ./src/Control/lego_control.o
 .ARM.extab.text.turnVehicleLeft
                0x00000000        0x0 ./src/Control/lego_control.o
 .ARM.exidx.text.turnVehicleLeft
                0x00000000        0x0 ./src/Control/lego_control.o
 .text.goReverse
                0x00000000        0x0 ./src/Control/lego_control.o
 .ARM.extab.text.goReverse
                0x00000000        0x0 ./src/Control/lego_control.o
 .ARM.exidx.text.goReverse
                0x00000000        0x0 ./src/Control/lego_control.o
 .debug_frame   0x00000000        0x0 ./src/Control/lego_control.o
 .debug_loc     0x00000000        0x0 ./src/Control/lego_control.o
 .debug_pubnames
                0x00000000        0x0 ./src/Control/lego_control.o
 .debug_aranges
                0x00000000        0x0 ./src/Control/lego_control.o
 .debug_ranges  0x00000000        0x0 ./src/Control/lego_control.o
 .debug_str     0x00000000        0x0 ./src/Control/lego_control.o
 .note.GNU-stack
                0x00000000        0x0 ./src/Control/lego_control.o
 .text          0x00000000        0x0 ./src/Control/wander.o
 .data          0x00000000        0x0 ./src/Control/wander.o
 .bss           0x00000000        0x0 ./src/Control/wander.o
 .debug_abbrev  0x00000000        0x0 ./src/Control/wander.o
 .debug_info    0x00000000        0x0 ./src/Control/wander.o
 .debug_line    0x00000000        0x0 ./src/Control/wander.o
 .debug_macinfo
                0x00000000        0x0 ./src/Control/wander.o
 .data.__reference_InitEV3
                0x00000000        0x0 ./src/Control/wander.o
 .data.__reference_FreeEV3
                0x00000000        0x0 ./src/Control/wander.o
 .debug_frame   0x00000000        0x0 ./src/Control/wander.o
 .debug_loc     0x00000000        0x0 ./src/Control/wander.o
 .debug_pubnames
                0x00000000        0x0 ./src/Control/wander.o
 .debug_aranges
                0x00000000        0x0 ./src/Control/wander.o
 .debug_ranges  0x00000000        0x0 ./src/Control/wander.o
 .debug_str     0x00000000        0x0 ./src/Control/wander.o
 .note.GNU-stack
                0x00000000        0x0 ./src/Control/wander.o
 .text          0x00000000        0x0 ./src/main.o
 .data          0x00000000        0x0 ./src/main.o
 .bss           0x00000000        0x0 ./src/main.o
 .debug_abbrev  0x00000000        0x0 ./src/main.o
 .debug_info    0x00000000        0x0 ./src/main.o
 .debug_line    0x00000000        0x0 ./src/main.o
 .debug_macinfo
                0x00000000        0x0 ./src/main.o
 .data.__reference_InitEV3
                0x00000000        0x0 ./src/main.o
 .data.__reference_FreeEV3
                0x00000000        0x0 ./src/main.o
 .debug_frame   0x00000000        0x0 ./src/main.o
 .debug_loc     0x00000000        0x0 ./src/main.o
 .debug_pubnames
                0x00000000        0x0 ./src/main.o
 .debug_aranges
                0x00000000        0x0 ./src/main.o
 .debug_ranges  0x00000000        0x0 ./src/main.o
 .debug_str     0x00000000        0x0 ./src/main.o
 .note.GNU-stack
                0x00000000        0x0 ./src/main.o
 .data          0x00000000        0x0 C:/ev3/API\libev3api.a(ev3_button.o)
 .bss           0x00000000        0x0 C:/ev3/API\libev3api.a(ev3_button.o)
 .ARM.extab     0x00000000        0x0 C:/ev3/API\libev3api.a(ev3_button.o)
 .note.GNU-stack
                0x00000000        0x0 C:/ev3/API\libev3api.a(ev3_button.o)
 .data          0x00000000        0x0 C:/ev3/API\libev3api.a(ev3_output.o)
 .bss           0x00000000        0x0 C:/ev3/API\libev3api.a(ev3_output.o)
 .note.GNU-stack
                0x00000000        0x0 C:/ev3/API\libev3api.a(ev3_output.o)
 .data          0x00000000        0x0 C:/ev3/API\libev3api.a(ev3.o)
 .ARM.extab     0x00000000        0x0 C:/ev3/API\libev3api.a(ev3.o)
 .note.GNU-stack
                0x00000000        0x0 C:/ev3/API\libev3api.a(ev3.o)
 .data          0x00000000        0x0 C:/ev3/API\libev3api.a(ev3_sensor.o)
 .ARM.extab     0x00000000        0x0 C:/ev3/API\libev3api.a(ev3_sensor.o)
 .note.GNU-stack
                0x00000000        0x0 C:/ev3/API\libev3api.a(ev3_sensor.o)
 .note.GNU-stack
                0x00000000        0x0 C:/ev3/API\libev3api.a(ev3_lcd.o)
 .ARM.extab     0x00000000        0x0 C:/ev3/API\libev3api.a(ev3_timer.o)
 .note.GNU-stack
                0x00000000        0x0 C:/ev3/API\libev3api.a(ev3_timer.o)
 .data          0x00000000        0x0 C:/ev3/API\libev3api.a(ev3_command.o)
 .bss           0x00000000        0x0 C:/ev3/API\libev3api.a(ev3_command.o)
 .ARM.extab     0x00000000        0x0 C:/ev3/API\libev3api.a(ev3_command.o)
 .note.GNU-stack
                0x00000000        0x0 C:/ev3/API\libev3api.a(ev3_command.o)
 .data          0x00000000        0x0 C:/ev3/API\libev3api.a(ev3_sound.o)
 .bss           0x00000000        0x0 C:/ev3/API\libev3api.a(ev3_sound.o)
 .note.GNU-stack
                0x00000000        0x0 C:/ev3/API\libev3api.a(ev3_sound.o)
 .data          0x00000000        0x0 c:/program files (x86)/codesourcery/sourcery g++ lite/bin/../lib/gcc/arm-none-linux-gnueabi/4.3.3/armv4t\libgcc.a(_udivsi3.o)
 .bss           0x00000000        0x0 c:/program files (x86)/codesourcery/sourcery g++ lite/bin/../lib/gcc/arm-none-linux-gnueabi/4.3.3/armv4t\libgcc.a(_udivsi3.o)
 .note.GNU-stack
                0x00000000        0x0 c:/program files (x86)/codesourcery/sourcery g++ lite/bin/../lib/gcc/arm-none-linux-gnueabi/4.3.3/armv4t\libgcc.a(_udivsi3.o)
 .debug_frame   0x00000000        0x0 c:/program files (x86)/codesourcery/sourcery g++ lite/bin/../lib/gcc/arm-none-linux-gnueabi/4.3.3/armv4t\libgcc.a(_udivsi3.o)
 .data          0x00000000        0x0 c:/program files (x86)/codesourcery/sourcery g++ lite/bin/../lib/gcc/arm-none-linux-gnueabi/4.3.3/armv4t\libgcc.a(_divsi3.o)
 .bss           0x00000000        0x0 c:/program files (x86)/codesourcery/sourcery g++ lite/bin/../lib/gcc/arm-none-linux-gnueabi/4.3.3/armv4t\libgcc.a(_divsi3.o)
 .note.GNU-stack
                0x00000000        0x0 c:/program files (x86)/codesourcery/sourcery g++ lite/bin/../lib/gcc/arm-none-linux-gnueabi/4.3.3/armv4t\libgcc.a(_divsi3.o)
 .debug_frame   0x00000000        0x0 c:/program files (x86)/codesourcery/sourcery g++ lite/bin/../lib/gcc/arm-none-linux-gnueabi/4.3.3/armv4t\libgcc.a(_divsi3.o)
 .data          0x00000000        0x0 c:/program files (x86)/codesourcery/sourcery g++ lite/bin/../lib/gcc/arm-none-linux-gnueabi/4.3.3/armv4t\libgcc.a(_lshrdi3.o)
 .bss           0x00000000        0x0 c:/program files (x86)/codesourcery/sourcery g++ lite/bin/../lib/gcc/arm-none-linux-gnueabi/4.3.3/armv4t\libgcc.a(_lshrdi3.o)
 .note.GNU-stack
                0x00000000        0x0 c:/program files (x86)/codesourcery/sourcery g++ lite/bin/../lib/gcc/arm-none-linux-gnueabi/4.3.3/armv4t\libgcc.a(_lshrdi3.o)
 .data          0x00000000        0x0 c:/program files (x86)/codesourcery/sourcery g++ lite/bin/../lib/gcc/arm-none-linux-gnueabi/4.3.3/armv4t\libgcc.a(_arm_addsubdf3.o)
 .bss           0x00000000        0x0 c:/program files (x86)/codesourcery/sourcery g++ lite/bin/../lib/gcc/arm-none-linux-gnueabi/4.3.3/armv4t\libgcc.a(_arm_addsubdf3.o)
 .note.GNU-stack
                0x00000000        0x0 c:/program files (x86)/codesourcery/sourcery g++ lite/bin/../lib/gcc/arm-none-linux-gnueabi/4.3.3/armv4t\libgcc.a(_arm_addsubdf3.o)
 .data          0x00000000        0x0 c:/program files (x86)/codesourcery/sourcery g++ lite/bin/../lib/gcc/arm-none-linux-gnueabi/4.3.3/armv4t\libgcc.a(_arm_muldivdf3.o)
 .bss           0x00000000        0x0 c:/program files (x86)/codesourcery/sourcery g++ lite/bin/../lib/gcc/arm-none-linux-gnueabi/4.3.3/armv4t\libgcc.a(_arm_muldivdf3.o)
 .note.GNU-stack
                0x00000000        0x0 c:/program files (x86)/codesourcery/sourcery g++ lite/bin/../lib/gcc/arm-none-linux-gnueabi/4.3.3/armv4t\libgcc.a(_arm_muldivdf3.o)
 .data          0x00000000        0x0 c:/program files (x86)/codesourcery/sourcery g++ lite/bin/../lib/gcc/arm-none-linux-gnueabi/4.3.3/armv4t\libgcc.a(_arm_fixdfsi.o)
 .bss           0x00000000        0x0 c:/program files (x86)/codesourcery/sourcery g++ lite/bin/../lib/gcc/arm-none-linux-gnueabi/4.3.3/armv4t\libgcc.a(_arm_fixdfsi.o)
 .note.GNU-stack
                0x00000000        0x0 c:/program files (x86)/codesourcery/sourcery g++ lite/bin/../lib/gcc/arm-none-linux-gnueabi/4.3.3/armv4t\libgcc.a(_arm_fixdfsi.o)
 .data          0x00000000        0x0 c:/program files (x86)/codesourcery/sourcery g++ lite/bin/../lib/gcc/arm-none-linux-gnueabi/4.3.3/armv4t\libgcc.a(_arm_muldivsf3.o)
 .bss           0x00000000        0x0 c:/program files (x86)/codesourcery/sourcery g++ lite/bin/../lib/gcc/arm-none-linux-gnueabi/4.3.3/armv4t\libgcc.a(_arm_muldivsf3.o)
 .note.GNU-stack
                0x00000000        0x0 c:/program files (x86)/codesourcery/sourcery g++ lite/bin/../lib/gcc/arm-none-linux-gnueabi/4.3.3/armv4t\libgcc.a(_arm_muldivsf3.o)
 .data          0x00000000        0x0 c:/program files (x86)/codesourcery/sourcery g++ lite/bin/../lib/gcc/arm-none-linux-gnueabi/4.3.3/armv4t\libgcc.a(_aeabi_uldivmod.o)
 .bss           0x00000000        0x0 c:/program files (x86)/codesourcery/sourcery g++ lite/bin/../lib/gcc/arm-none-linux-gnueabi/4.3.3/armv4t\libgcc.a(_aeabi_uldivmod.o)
 .note.GNU-stack
                0x00000000        0x0 c:/program files (x86)/codesourcery/sourcery g++ lite/bin/../lib/gcc/arm-none-linux-gnueabi/4.3.3/armv4t\libgcc.a(_aeabi_uldivmod.o)
 .data          0x00000000        0x0 c:/program files (x86)/codesourcery/sourcery g++ lite/bin/../lib/gcc/arm-none-linux-gnueabi/4.3.3/armv4t\libgcc.a(_dvmd_lnx.o)
 .bss           0x00000000        0x0 c:/program files (x86)/codesourcery/sourcery g++ lite/bin/../lib/gcc/arm-none-linux-gnueabi/4.3.3/armv4t\libgcc.a(_dvmd_lnx.o)
 .note.GNU-stack
                0x00000000        0x0 c:/program files (x86)/codesourcery/sourcery g++ lite/bin/../lib/gcc/arm-none-linux-gnueabi/4.3.3/armv4t\libgcc.a(_dvmd_lnx.o)
 .data          0x00000000        0x0 c:/program files (x86)/codesourcery/sourcery g++ lite/bin/../lib/gcc/arm-none-linux-gnueabi/4.3.3/armv4t\libgcc.a(bpabi.o)
 .bss           0x00000000        0x0 c:/program files (x86)/codesourcery/sourcery g++ lite/bin/../lib/gcc/arm-none-linux-gnueabi/4.3.3/armv4t\libgcc.a(bpabi.o)
 .ARM.extab     0x00000000        0x0 c:/program files (x86)/codesourcery/sourcery g++ lite/bin/../lib/gcc/arm-none-linux-gnueabi/4.3.3/armv4t\libgcc.a(bpabi.o)
 .debug_frame   0x00000000        0x0 c:/program files (x86)/codesourcery/sourcery g++ lite/bin/../lib/gcc/arm-none-linux-gnueabi/4.3.3/armv4t\libgcc.a(bpabi.o)
 .note.GNU-stack
                0x00000000        0x0 c:/program files (x86)/codesourcery/sourcery g++ lite/bin/../lib/gcc/arm-none-linux-gnueabi/4.3.3/armv4t\libgcc.a(bpabi.o)
 .data          0x00000000        0x0 c:/program files (x86)/codesourcery/sourcery g++ lite/bin/../lib/gcc/arm-none-linux-gnueabi/4.3.3/armv4t\libgcc.a(_divdi3.o)
 .bss           0x00000000        0x0 c:/program files (x86)/codesourcery/sourcery g++ lite/bin/../lib/gcc/arm-none-linux-gnueabi/4.3.3/armv4t\libgcc.a(_divdi3.o)
 .ARM.extab     0x00000000        0x0 c:/program files (x86)/codesourcery/sourcery g++ lite/bin/../lib/gcc/arm-none-linux-gnueabi/4.3.3/armv4t\libgcc.a(_divdi3.o)
 .debug_frame   0x00000000        0x0 c:/program files (x86)/codesourcery/sourcery g++ lite/bin/../lib/gcc/arm-none-linux-gnueabi/4.3.3/armv4t\libgcc.a(_divdi3.o)
 .note.GNU-stack
                0x00000000        0x0 c:/program files (x86)/codesourcery/sourcery g++ lite/bin/../lib/gcc/arm-none-linux-gnueabi/4.3.3/armv4t\libgcc.a(_divdi3.o)
 .data          0x00000000        0x0 c:/program files (x86)/codesourcery/sourcery g++ lite/bin/../lib/gcc/arm-none-linux-gnueabi/4.3.3/armv4t\libgcc.a(_udivdi3.o)
 .bss           0x00000000        0x0 c:/program files (x86)/codesourcery/sourcery g++ lite/bin/../lib/gcc/arm-none-linux-gnueabi/4.3.3/armv4t\libgcc.a(_udivdi3.o)
 .ARM.extab     0x00000000        0x0 c:/program files (x86)/codesourcery/sourcery g++ lite/bin/../lib/gcc/arm-none-linux-gnueabi/4.3.3/armv4t\libgcc.a(_udivdi3.o)
 .debug_frame   0x00000000        0x0 c:/program files (x86)/codesourcery/sourcery g++ lite/bin/../lib/gcc/arm-none-linux-gnueabi/4.3.3/armv4t\libgcc.a(_udivdi3.o)
 .note.GNU-stack
                0x00000000        0x0 c:/program files (x86)/codesourcery/sourcery g++ lite/bin/../lib/gcc/arm-none-linux-gnueabi/4.3.3/armv4t\libgcc.a(_udivdi3.o)
 .text          0x00000000        0x0 c:/program files (x86)/codesourcery/sourcery g++ lite/bin/../lib/gcc/arm-none-linux-gnueabi/4.3.3/armv4t\libgcc.a(_clz.o)
 .data          0x00000000        0x0 c:/program files (x86)/codesourcery/sourcery g++ lite/bin/../lib/gcc/arm-none-linux-gnueabi/4.3.3/armv4t\libgcc.a(_clz.o)
 .bss           0x00000000        0x0 c:/program files (x86)/codesourcery/sourcery g++ lite/bin/../lib/gcc/arm-none-linux-gnueabi/4.3.3/armv4t\libgcc.a(_clz.o)
 .note.GNU-stack
                0x00000000        0x0 c:/program files (x86)/codesourcery/sourcery g++ lite/bin/../lib/gcc/arm-none-linux-gnueabi/4.3.3/armv4t\libgcc.a(_clz.o)
 .data          0x00000000        0x0 c:\program files (x86)\codesourcery\sourcery g++ lite\bin\../arm-none-linux-gnueabi/libc/armv4t/usr/lib/libc_nonshared.a(elf-init.oS)
 .bss           0x00000000        0x0 c:\program files (x86)\codesourcery\sourcery g++ lite\bin\../arm-none-linux-gnueabi/libc/armv4t/usr/lib/libc_nonshared.a(elf-init.oS)
 .ARM.extab     0x00000000        0x0 c:\program files (x86)\codesourcery\sourcery g++ lite\bin\../arm-none-linux-gnueabi/libc/armv4t/usr/lib/libc_nonshared.a(elf-init.oS)
 .debug_frame   0x00000000        0x0 c:\program files (x86)\codesourcery\sourcery g++ lite\bin\../arm-none-linux-gnueabi/libc/armv4t/usr/lib/libc_nonshared.a(elf-init.oS)
 .note.GNU-stack
                0x00000000        0x0 c:\program files (x86)\codesourcery\sourcery g++ lite\bin\../arm-none-linux-gnueabi/libc/armv4t/usr/lib/libc_nonshared.a(elf-init.oS)
 .data          0x00000000        0x0 c:\program files (x86)\codesourcery\sourcery g++ lite\bin\../arm-none-linux-gnueabi/libc/armv4t/usr/lib/libc_nonshared.a(stat.oS)
 .bss           0x00000000        0x0 c:\program files (x86)\codesourcery\sourcery g++ lite\bin\../arm-none-linux-gnueabi/libc/armv4t/usr/lib/libc_nonshared.a(stat.oS)
 .ARM.extab     0x00000000        0x0 c:\program files (x86)\codesourcery\sourcery g++ lite\bin\../arm-none-linux-gnueabi/libc/armv4t/usr/lib/libc_nonshared.a(stat.oS)
 .debug_frame   0x00000000        0x0 c:\program files (x86)\codesourcery\sourcery g++ lite\bin\../arm-none-linux-gnueabi/libc/armv4t/usr/lib/libc_nonshared.a(stat.oS)
 .note.GNU-stack
                0x00000000        0x0 c:\program files (x86)\codesourcery\sourcery g++ lite\bin\../arm-none-linux-gnueabi/libc/armv4t/usr/lib/libc_nonshared.a(stat.oS)
 .text          0x00000000        0x0 c:/program files (x86)/codesourcery/sourcery g++ lite/bin/../lib/gcc/arm-none-linux-gnueabi/4.3.3/armv4t/crtend.o
 .data          0x00000000        0x0 c:/program files (x86)/codesourcery/sourcery g++ lite/bin/../lib/gcc/arm-none-linux-gnueabi/4.3.3/armv4t/crtend.o
 .bss           0x00000000        0x0 c:/program files (x86)/codesourcery/sourcery g++ lite/bin/../lib/gcc/arm-none-linux-gnueabi/4.3.3/armv4t/crtend.o
 .note.GNU-stack
                0x00000000        0x0 c:/program files (x86)/codesourcery/sourcery g++ lite/bin/../lib/gcc/arm-none-linux-gnueabi/4.3.3/armv4t/crtend.o
 .text          0x00000000        0x0 c:/program files (x86)/codesourcery/sourcery g++ lite/bin/../arm-none-linux-gnueabi/libc/armv4t/usr/lib/crtn.o
 .data          0x00000000        0x0 c:/program files (x86)/codesourcery/sourcery g++ lite/bin/../arm-none-linux-gnueabi/libc/armv4t/usr/lib/crtn.o
 .bss           0x00000000        0x0 c:/program files (x86)/codesourcery/sourcery g++ lite/bin/../arm-none-linux-gnueabi/libc/armv4t/usr/lib/crtn.o
 .ARM.extab.init
                0x00000000        0x0 c:/program files (x86)/codesourcery/sourcery g++ lite/bin/../arm-none-linux-gnueabi/libc/armv4t/usr/lib/crtn.o
 .ARM.extab.fini
                0x00000000        0x0 c:/program files (x86)/codesourcery/sourcery g++ lite/bin/../arm-none-linux-gnueabi/libc/armv4t/usr/lib/crtn.o
 .note.GNU-stack
                0x00000000        0x0 c:/program files (x86)/codesourcery/sourcery g++ lite/bin/../arm-none-linux-gnueabi/libc/armv4t/usr/lib/crtn.o

Memory Configuration

Name             Origin             Length             Attributes
*default*        0x00000000         0xffffffff

Linker script and memory map

LOAD c:/program files (x86)/codesourcery/sourcery g++ lite/bin/../arm-none-linux-gnueabi/libc/armv4t/usr/lib/crt1.o
LOAD c:/program files (x86)/codesourcery/sourcery g++ lite/bin/../arm-none-linux-gnueabi/libc/armv4t/usr/lib/crti.o
LOAD c:/program files (x86)/codesourcery/sourcery g++ lite/bin/../lib/gcc/arm-none-linux-gnueabi/4.3.3/armv4t/crtbegin.o
LOAD ./src/Sensors/sensors.o
LOAD ./src/Control/control_setup.o
LOAD ./src/Control/goalfinding.o
LOAD ./src/Control/lego_control.o
LOAD ./src/Control/wander.o
LOAD ./src/main.o
LOAD C:/ev3/API\libev3api.a
LOAD c:/program files (x86)/codesourcery/sourcery g++ lite/bin/../arm-none-linux-gnueabi/libc/armv4t/usr/lib/libm.so
LOAD c:/program files (x86)/codesourcery/sourcery g++ lite/bin/../lib/gcc/arm-none-linux-gnueabi/4.3.3/armv4t\libgcc.a
LOAD c:/program files (x86)/codesourcery/sourcery g++ lite/bin/../arm-none-linux-gnueabi/libc/armv4t/lib/libgcc_s.so
LOAD c:/program files (x86)/codesourcery/sourcery g++ lite/bin/../arm-none-linux-gnueabi/libc/armv4t/usr/lib/libc.so
START GROUP
LOAD c:\program files (x86)\codesourcery\sourcery g++ lite\bin\../arm-none-linux-gnueabi/libc/armv4t/lib/libc.so.6
LOAD c:\program files (x86)\codesourcery\sourcery g++ lite\bin\../arm-none-linux-gnueabi/libc/armv4t/usr/lib/libc_nonshared.a
LOAD c:\program files (x86)\codesourcery\sourcery g++ lite\bin\../arm-none-linux-gnueabi/libc/armv4t/lib/ld-linux.so.3
END GROUP
LOAD c:/program files (x86)/codesourcery/sourcery g++ lite/bin/../lib/gcc/arm-none-linux-gnueabi/4.3.3/armv4t\libgcc.a
LOAD c:/program files (x86)/codesourcery/sourcery g++ lite/bin/../arm-none-linux-gnueabi/libc/armv4t/lib/libgcc_s.so
LOAD c:/program files (x86)/codesourcery/sourcery g++ lite/bin/../lib/gcc/arm-none-linux-gnueabi/4.3.3/armv4t/crtend.o
LOAD c:/program files (x86)/codesourcery/sourcery g++ lite/bin/../arm-none-linux-gnueabi/libc/armv4t/usr/lib/crtn.o
                0x00008000                PROVIDE (__executable_start, 0x8000)
                0x00008114                . = (0x8000 + SIZEOF_HEADERS)

.interp         0x00008114       0x13
 *(.interp)
 .interp        0x00008114       0x13 c:/program files (x86)/codesourcery/sourcery g++ lite/bin/../arm-none-linux-gnueabi/libc/armv4t/usr/lib/crti.o

.note.gnu.build-id
 *(.note.gnu.build-id)

.hash           0x00008128      0x154
 *(.hash)
 .hash          0x00008128      0x154 c:/program files (x86)/codesourcery/sourcery g++ lite/bin/../arm-none-linux-gnueabi/libc/armv4t/usr/lib/crti.o

.gnu.hash
 *(.gnu.hash)

.dynsym         0x0000827c      0x2e0
 *(.dynsym)
 .dynsym        0x0000827c      0x2e0 c:/program files (x86)/codesourcery/sourcery g++ lite/bin/../arm-none-linux-gnueabi/libc/armv4t/usr/lib/crti.o

.dynstr         0x0000855c      0x1a6
 *(.dynstr)
 .dynstr        0x0000855c      0x1a6 c:/program files (x86)/codesourcery/sourcery g++ lite/bin/../arm-none-linux-gnueabi/libc/armv4t/usr/lib/crti.o

.gnu.version    0x00008702       0x5c
 *(.gnu.version)
 .gnu.version   0x00008702       0x5c c:/program files (x86)/codesourcery/sourcery g++ lite/bin/../arm-none-linux-gnueabi/libc/armv4t/usr/lib/crti.o

.gnu.version_d  0x00008760        0x0 load address 0x0000875e
 *(.gnu.version_d)
 .gnu.version_d
                0x00000000        0x0 c:/program files (x86)/codesourcery/sourcery g++ lite/bin/../arm-none-linux-gnueabi/libc/armv4t/usr/lib/crti.o

.gnu.version_r  0x00008760       0x40
 *(.gnu.version_r)
 .gnu.version_r
                0x00008760       0x40 c:/program files (x86)/codesourcery/sourcery g++ lite/bin/../arm-none-linux-gnueabi/libc/armv4t/usr/lib/crti.o

.rel.dyn        0x000087a0        0x8
 *(.rel.init)
 *(.rel.text .rel.text.* .rel.gnu.linkonce.t.*)
 *(.rel.fini)
 *(.rel.rodata .rel.rodata.* .rel.gnu.linkonce.r.*)
 *(.rel.data.rel.ro* .rel.gnu.linkonce.d.rel.ro.*)
 *(.rel.data .rel.data.* .rel.gnu.linkonce.d.*)
 *(.rel.tdata .rel.tdata.* .rel.gnu.linkonce.td.*)
 *(.rel.tbss .rel.tbss.* .rel.gnu.linkonce.tb.*)
 *(.rel.ctors)
 *(.rel.dtors)
 *(.rel.got)
 .rel.got       0x000087a0        0x8 c:/program files (x86)/codesourcery/sourcery g++ lite/bin/../arm-none-linux-gnueabi/libc/armv4t/usr/lib/crti.o
 *(.rel.bss .rel.bss.* .rel.gnu.linkonce.b.*)
 .rel.bss       0x00000000        0x0 c:/program files (x86)/codesourcery/sourcery g++ lite/bin/../arm-none-linux-gnueabi/libc/armv4t/usr/lib/crti.o

.rel.ifunc.dyn
 *(.rel.ifunc.*)

.rela.dyn
 *(.rela.init)
 *(.rela.text .rela.text.* .rela.gnu.linkonce.t.*)
 *(.rela.fini)
 *(.rela.rodata .rela.rodata.* .rela.gnu.linkonce.r.*)
 *(.rela.data .rela.data.* .rela.gnu.linkonce.d.*)
 *(.rela.tdata .rela.tdata.* .rela.gnu.linkonce.td.*)
 *(.rela.tbss .rela.tbss.* .rela.gnu.linkonce.tb.*)
 *(.rela.ctors)
 *(.rela.dtors)
 *(.rela.got)
 *(.rela.bss .rela.bss.* .rela.gnu.linkonce.b.*)

.rela.ifunc.dyn
 *(.rela.ifunc.*)

.rel.plt        0x000087a8      0x140
 *(.rel.plt)
 .rel.plt       0x000087a8      0x140 c:/program files (x86)/codesourcery/sourcery g++ lite/bin/../arm-none-linux-gnueabi/libc/armv4t/usr/lib/crti.o

.rela.plt
 *(.rela.plt)

.init           0x000088e8       0x10
 *(.init)
 .init          0x000088e8        0x8 c:/program files (x86)/codesourcery/sourcery g++ lite/bin/../arm-none-linux-gnueabi/libc/armv4t/usr/lib/crti.o
                0x000088e8                _init
 .init          0x000088f0        0x8 c:/program files (x86)/codesourcery/sourcery g++ lite/bin/../arm-none-linux-gnueabi/libc/armv4t/usr/lib/crtn.o

.plt            0x000088f8      0x1f4
 *(.plt)
 .plt           0x000088f8      0x1f4 c:/program files (x86)/codesourcery/sourcery g++ lite/bin/../arm-none-linux-gnueabi/libc/armv4t/usr/lib/crti.o
                0x0000890c                open@@GLIBC_2.4
                0x00008918                mmap@@GLIBC_2.4
                0x00008924                abort@@GLIBC_2.4
                0x00008930                __xstat@@GLIBC_2.4
                0x0000893c                __libc_start_main@@GLIBC_2.4
                0x00008954                vsnprintf@@GLIBC_2.4
                0x00008960                vsprintf@@GLIBC_2.4
                0x0000896c                fclose@@GLIBC_2.4
                0x00008978                dirname@@GLIBC_2.4
                0x00008984                fopen@@GLIBC_2.4
                0x00008990                memset@@GLIBC_2.4
                0x0000899c                strrchr@@GLIBC_2.4
                0x000089a8                setitimer@@GLIBC_2.4
                0x000089b4                usleep@@GLIBC_2.4
                0x000089c0                read@@GLIBC_2.4
                0x000089cc                write@@GLIBC_2.4
                0x000089d8                gettimeofday@@GLIBC_2.4
                0x000089e4                ioctl@@GLIBC_2.4
                0x000089f0                strlen@@GLIBC_2.4
                0x000089fc                sscanf@@GLIBC_2.4
                0x00008a08                __xpg_basename@@GLIBC_2.4
                0x00008a14                strcpy@@GLIBC_2.4
                0x00008a20                strncat@@GLIBC_2.4
                0x00008a2c                raise@@GLIBC_2.4
                0x00008a38                strstr@@GLIBC_2.4
                0x00008a44                close@@GLIBC_2.4
                0x00008a50                fwrite@@GLIBC_2.4
                0x00008a5c                fprintf@@GLIBC_2.4
                0x00008a68                strdup@@GLIBC_2.4
                0x00008a74                malloc@@GLIBC_2.4
                0x00008a80                sigaction@@GLIBC_2.4
                0x00008a8c                fputc@@GLIBC_2.4
                0x00008a98                strcat@@GLIBC_2.4
                0x00008aa4                memmove@@GLIBC_2.4
                0x00008ab0                puts@@GLIBC_2.4
                0x00008abc                munmap@@GLIBC_2.4
                0x00008ac8                nanosleep@@GLIBC_2.4
                0x00008ad4                exit@@GLIBC_2.4
                0x00008ae0                fputs@@GLIBC_2.4

.text           0x00008af0     0x8b7c
 *(.text .stub .text.* .gnu.linkonce.t.*)
 .text          0x00008af0       0x38 c:/program files (x86)/codesourcery/sourcery g++ lite/bin/../arm-none-linux-gnueabi/libc/armv4t/usr/lib/crt1.o
                0x00008af0                _start
 .text          0x00008b28       0x2c c:/program files (x86)/codesourcery/sourcery g++ lite/bin/../arm-none-linux-gnueabi/libc/armv4t/usr/lib/crti.o
 .text          0x00008b54       0x50 c:/program files (x86)/codesourcery/sourcery g++ lite/bin/../lib/gcc/arm-none-linux-gnueabi/4.3.3/armv4t/crtbegin.o
 .text.setUpSensors
                0x00008ba4       0x58 ./src/Sensors/sensors.o
                0x00008ba4                setUpSensors
 .text.readColorSensor
                0x00008bfc       0x30 ./src/Sensors/sensors.o
                0x00008bfc                readColorSensor
 .text.readUltraSonicSensor
                0x00008c2c       0x40 ./src/Sensors/sensors.o
                0x00008c2c                readUltraSonicSensor
 *fill*         0x00008c6c        0x4 00000000
 .text.goalfinding
                0x00008c70      0x118 ./src/Control/goalfinding.o
                0x00008c70                goalfinding
 .text.goalfindingspin
                0x00008d88      0x158 ./src/Control/goalfinding.o
                0x00008d88                goalfindingspin
 .text.turnVehicledeg
                0x00008ee0       0xe0 ./src/Control/lego_control.o
                0x00008ee0                turnVehicledeg
 .text.goForward
                0x00008fc0       0x90 ./src/Control/lego_control.o
                0x00008fc0                goForward
 .text.wander   0x00009050      0x110 ./src/Control/wander.o
                0x00009050                wander
 .text.main     0x00009160       0xc0 ./src/main.o
                0x00009160                main
 .text          0x00009220      0x604 C:/ev3/API\libev3api.a(ev3_button.o)
                0x00009488                ButtonWaitForPress
                0x00009324                readButtons
                0x000093a8                buttonClear
                0x000093fc                ButtonWaitForAnyPress
                0x0000933c                ButtonIsUp
                0x00009690                SetLedPattern
                0x000092bc                LedWarning
                0x00009738                ButtonLedExit
                0x00009220                checkButtons
                0x00009600                WriteToButtonLedDevice
                0x00009758                ButtonLedInit
                0x000097ec                SetLedWarning
                0x000093a4                ButtonPressedEx
                0x00009284                MappedPattern
                0x000092fc                getButtons
                0x0000959c                HardwareVersion
                0x000096c4                ButtonLedCloseDevices
                0x0000953c                ButtonWaitForPressAndRelease
                0x000093c4                ButtonLedClose
                0x00009640                UpdateLed
                0x00009384                ReadButtonEx
                0x00009560                HardwareVersionString
                0x00009358                ButtonIsDown
                0x0000925c                ButtonLedInitialized
                0x0000936c                ButtonState
                0x000094a4                ButtonWaitForAnyEvent
                0x000092d8                LedPattern
                0x000093e0                ButtonLedOpen
 .text          0x00009824     0x1430 C:/ev3/API\libev3api.a(ev3_output.o)
                0x0000a930                OnForEx
                0x000099bc                OutputGetActualSpeed
                0x00009cc8                ResetRotationCount
                0x0000a918                OffEx
                0x000099f8                MotorBlockTachoCount
                0x00009ccc                OutputTimeSyncEx
                0x0000a5a4                SetSpeed
                0x0000a080                RotateMotorRampNoWait
                0x00009b14                OutputTest
                0x00009898                OutputInitialized
                0x0000a5a8                OutputReset
                0x0000a848                OutputStop
                0x0000a0ec                RotateMotorNoWaitEx
                0x00009c28                OutputClearCount
                0x00009fb0                OutputStepSpeedEx
                0x0000aa08                OnFwdEx
                0x0000a2b4                OutputStepPowerEx
                0x0000a384                OutputPolarity
                0x000098c0                OutputRead
                0x00009be8                WriteToPWMDevice
                0x0000a428                OutputStartEx
                0x0000a0a8                RotateMotorRamp
                0x000099dc                MotorTachoCount
                0x0000ab8c                OutputInit
                0x0000a1a0                RotateMotorEx
                0x0000aa9c                ResetOutputs
                0x00009a30                MotorActualSpeed
                0x0000a3f0                SetDirection
                0x0000aac4                OutputExit
                0x0000a924                OnEx
                0x0000a90c                FloatEx
                0x0000a534                SetPower
                0x00009a68                OutputState
                0x00009824                OutputToMotorNum
                0x0000a6c4                OutputSetTypes
                0x0000a624                ResetTachoCount
                0x0000ab4c                OutputOpen
                0x0000a420                Toggle
                0x00009dec                OutputStepSyncEx
                0x00009998                OutputGetTachoCount
                0x0000a4c8                OutputPower
                0x0000a974                OnRevEx
                0x0000a8b4                SetOutputEx
                0x0000a60c                ResetAllTachoCounts
                0x00009ee0                OutputTimeSpeedEx
                0x0000a418                Fwd
                0x0000ab34                OutputClose
                0x00009a14                MotorPower
                0x00009a4c                MotorRotationCount
                0x0000a1e4                OutputTimePowerEx
                0x0000a62c                ResetBlockTachoCount
                0x0000a6b4                OnRevSyncEx
                0x00009bcc                MotorBusy
                0x0000a630                ResetCount
                0x00009974                OutputGetCount
                0x0000a784                OutputSetTypesArray
                0x00009dc0                OnForSyncEx
                0x0000a628                ResetBlockAndTachoCount
                0x0000a814                OutputProgramStop
                0x0000a538                OutputSpeed
                0x0000a79c                OutputSetType
                0x0000a410                Rev
                0x0000aa40                OnFwdRegEx
                0x0000a9ac                OnRevRegEx
                0x0000a678                OnFwdSyncEx
                0x0000987c                DecodeOutputs
 .text          0x0000ac54       0x80 C:/ev3/API\libev3api.a(ev3.o)
                0x0000ac64                FreeEV3
                0x0000ac94                InitEV3
                0x0000ac54                EV3IsInitialized
 .text          0x0000acd4      0x8e0 C:/ev3/API\libev3api.a(ev3_sensor.o)
                0x0000b134                SetSensorMode
                0x0000b13c                SetIRBeaconCH
                0x0000ae6c                ReadSensor
                0x0000ad70                readIicSensor
                0x0000acd4                SensorsInitialized
                0x0000addc                readNxtColor
                0x0000ade4                ReadSensorData
                0x0000ad30                readUartSensor
                0x0000b150                SensorsExit
                0x0000adc8                readOldDumbSensor
                0x0000adb0                readNewDumbSensor
                0x0000b1d4                SensorsInit
                0x0000b310                SetAllSensorMode
 .text          0x0000b5b4     0x2f98 C:/ev3/API\libev3api.a(ev3_lcd.o)
                0x0000e320                LcdUpdate
                0x0000b8f4                dLcdDrawPixel
                0x0000cd28                CmdDrawLine
                0x0000c8a4                vasprintf
                0x0000ba08                dLcdDrawChar
                0x0000df78                LcdScroll
                0x0000c5c0                DisplayLineX
                0x0000b5cc                dLcdGetFontHeight
                0x0000b794                lcdToFrameBuffer
                0x0000cc24                DisplayDraw
                0x0000c234                LcdText
                0x0000d8f4                CmdDrawCircle
                0x0000c3b8                DisplayClrPixel
                0x0000c224                reverse_bits
                0x0000c8fc                LcdPrintf
                0x0000bf58                dLcdDrawBitmap
                0x0000b8cc                LcdInitialized
                0x0000c208                LcdGetDisplay
                0x0000c1d0                LcdSelectFont
                0x0000dae0                Ev3Clear
                0x0000d300                CmdDrawEllipse
                0x0000e274                TermPrintln
                0x0000b62c                dLcdGetNumIcons
                0x0000b5e4                dLcdGetIconBits
                0x0000d088                CmdDrawRect
                0x0000e44c                LcdInit
                0x0000c364                DisplaySetPixel
                0x0000bdd0                dLcdDrawPicture
                0x0000cb3c                LcdTextf
                0x0000c340                DisplayLineHeight
                0x0000d994                LcdFillWindow
                0x0000d018                LineOutEx
                0x0000cb88                asprintf
                0x0000daf0                LcdBmpFile
                0x0000e34c                LcdSplash
                0x0000c84c                LcdSetCursorX
                0x0000cac8                Ev3Printf
                0x0000d878                EllipseOutEx
                0x0000e040                TermPrintf
                0x0000c748                DisplayFrame
                0x0000bf34                dLcdGetBitmapSize
                0x0000e308                LcdRefresh
                0x0000c2f0                LcdPicture
                0x0000e3b0                LcdUpdateHandler
                0x0000dec0                LcdWriteDisplayToFile
                0x0000b5b4                dLcdGetFontWidth
                0x0000c86c                LcdGetCursorX
                0x0000c1c0                LcdSetAutoRefresh
                0x0000cbb0                DisplayErase
                0x0000c460                DisplayFillScreen
                0x0000b614                dLcdGetIconHeight
                0x0000db84                _lcdWriteBytesToFile
                0x0000c28c                LcdIcon
                0x0000e50c                WriteToLcdDevice
                0x0000bd50                dLcdDrawText
                0x0000c85c                LcdSetCursorY
                0x0000df3c                LcdWriteFrameBufferToFile
                0x0000d1e8                RectOutEx
                0x0000da90                LcdClean
                0x0000c694                DisplayLineY
                0x0000cbd8                DisplayEraseLine
                0x0000c40c                DisplayXorPixel
                0x0000e2b0                doUpdateScreen
                0x0000b9a0                dLcdReadPixel
                0x0000defc                LcdGetFrameBuffer
                0x0000b5fc                dLcdGetIconWidth
                0x0000c7d0                CmdResolveDrawingMode
                0x0000c88c                LcdResetCursor
                0x0000cb00                Ev3Println
                0x0000e3c8                LcdCloseDevices
                0x0000c87c                LcdGetCursorY
                0x0000e41c                LcdExit
                0x0000b65c                frameBufferToLcd
                0x0000d928                CircleOutEx
                0x0000be90                dLcdDrawIcon
                0x0000d25c                CmdSetPixel
                0x0000d2ac                PointOutEx
 .text          0x0000e54c      0x724 C:/ev3/API\libev3api.a(ev3_timer.o)
                0x0000e828                TimerGetMS
                0x0000e8c0                ClearTimer
                0x0000e54c                _timerSigHandler
                0x0000ea50                ClearTimerUS
                0x0000ec40                TimerReady
                0x0000ea7c                TimerUS
                0x0000e754                SetTimerCallback
                0x0000eaac                _timerCallbackInit
                0x0000e9cc                TimerWait
                0x0000e970                ClearTimerMS
                0x0000ea10                SetTimerUS
                0x0000e880                SetTimer
                0x0000e8ec                FastTimer
                0x0000e9e0                TimerGetUS
                0x0000e91c                Timer
                0x0000e99c                TimerMS
                0x0000ebac                TimerInit
                0x0000e930                SetTimerMS
                0x0000e864                TimerGetCS
 .text          0x0000ec70       0x48 C:/ev3/API\libev3api.a(ev3_command.o)
                0x0000ec70                Wait
 .text          0x0000ecb8      0xefc C:/ev3/API\libev3api.a(ev3_sound.o)
                0x0000f218                PlayTonesEx
                0x0000efd0                SoundCloseDevices
                0x0000ece8                SoundTest
                0x0000f144                ClearSound
                0x0000f740                _playRSOFile
                0x0000eedc                _readInt
                0x0000ee78                _readShort
                0x0000f174                SoundExit
                0x0000ef94                SoundReady
                0x0000f194                PlayToneEx
                0x0000f0b0                WriteToSoundDevice
                0x0000f018                SoundInit
                0x0000ed18                _soundInitAdPcm
                0x0000f5e0                _playSoundSamplesFromStream
                0x0000ed3c                _soundGetAdPcmValue
                0x0000fb00                PlayFileEx
                0x0000f8d4                _playWAVFile
                0x0000ecc0                SoundInitialized
                0x0000ecb8                SoundOpen
                0x0000f164                SoundClose
                0x0000ee48                SoundState
                0x0000f3f4                _playRMDFile
                0x0000f0f8                StopSound
                0x0000f148                MuteSound
                0x0000f284                PlaySound
                0x0000ee64                UnmuteSound
 .text          0x0000fbb4      0x114 c:/program files (x86)/codesourcery/sourcery g++ lite/bin/../lib/gcc/arm-none-linux-gnueabi/4.3.3/armv4t\libgcc.a(_udivsi3.o)
                0x0000fbb4                __udivsi3
                0x0000fbb4                __aeabi_uidiv
                0x0000fca8                __aeabi_uidivmod
 .text          0x0000fcc8      0x148 c:/program files (x86)/codesourcery/sourcery g++ lite/bin/../lib/gcc/arm-none-linux-gnueabi/4.3.3/armv4t\libgcc.a(_divsi3.o)
                0x0000fcc8                __divsi3
                0x0000fdf0                __aeabi_idivmod
                0x0000fcc8                __aeabi_idiv
 .text          0x0000fe10       0x1c c:/program files (x86)/codesourcery/sourcery g++ lite/bin/../lib/gcc/arm-none-linux-gnueabi/4.3.3/armv4t\libgcc.a(_lshrdi3.o)
                0x0000fe10                __aeabi_llsr
                0x0000fe10                __lshrdi3
 .text          0x0000fe2c      0x41c c:/program files (x86)/codesourcery/sourcery g++ lite/bin/../lib/gcc/arm-none-linux-gnueabi/4.3.3/armv4t\libgcc.a(_arm_addsubdf3.o)
                0x000101d4                __floatundidf
                0x0001016c                __floatsidf
                0x00010148                __aeabi_ui2d
                0x0001016c                __aeabi_i2d
                0x00010148                __floatunsidf
                0x0000fe34                __subdf3
                0x000101e8                __floatdidf
                0x0000fe38                __adddf3
                0x000101e8                __aeabi_l2d
                0x00010194                __aeabi_f2d
                0x000101d4                __aeabi_ul2d
                0x0000fe2c                __aeabi_drsub
                0x00010194                __extendsfdf2
                0x0000fe38                __aeabi_dadd
                0x0000fe34                __aeabi_dsub
 .text          0x00010248      0x49c c:/program files (x86)/codesourcery/sourcery g++ lite/bin/../lib/gcc/arm-none-linux-gnueabi/4.3.3/armv4t\libgcc.a(_arm_muldivdf3.o)
                0x00010248                __muldf3
                0x000104d8                __divdf3
                0x00010248                __aeabi_dmul
                0x000104d8                __aeabi_ddiv
 .text          0x000106e4       0x5c c:/program files (x86)/codesourcery/sourcery g++ lite/bin/../lib/gcc/arm-none-linux-gnueabi/4.3.3/armv4t\libgcc.a(_arm_fixdfsi.o)
                0x000106e4                __fixdfsi
                0x000106e4                __aeabi_d2iz
 .text          0x00010740      0x2f8 c:/program files (x86)/codesourcery/sourcery g++ lite/bin/../lib/gcc/arm-none-linux-gnueabi/4.3.3/armv4t\libgcc.a(_arm_muldivsf3.o)
                0x000108d8                __aeabi_fdiv
                0x000108d8                __divsf3
                0x00010740                __aeabi_fmul
                0x00010740                __mulsf3
 .text          0x00010a38       0x3c c:/program files (x86)/codesourcery/sourcery g++ lite/bin/../lib/gcc/arm-none-linux-gnueabi/4.3.3/armv4t\libgcc.a(_aeabi_uldivmod.o)
                0x00010a38                __aeabi_uldivmod
 .text          0x00010a74       0x14 c:/program files (x86)/codesourcery/sourcery g++ lite/bin/../lib/gcc/arm-none-linux-gnueabi/4.3.3/armv4t\libgcc.a(_dvmd_lnx.o)
                0x00010a74                __aeabi_idiv0
                0x00010a74                __aeabi_ldiv0
 .text          0x00010a88       0x80 c:/program files (x86)/codesourcery/sourcery g++ lite/bin/../lib/gcc/arm-none-linux-gnueabi/4.3.3/armv4t\libgcc.a(bpabi.o)
                0x00010ac8                __gnu_ldivmod_helper
                0x00010a88                __gnu_uldivmod_helper
 .text          0x00010b08      0x5a4 c:/program files (x86)/codesourcery/sourcery g++ lite/bin/../lib/gcc/arm-none-linux-gnueabi/4.3.3/armv4t\libgcc.a(_divdi3.o)
                0x00010b08                __divdi3
 .text          0x000110ac      0x52c c:/program files (x86)/codesourcery/sourcery g++ lite/bin/../lib/gcc/arm-none-linux-gnueabi/4.3.3/armv4t\libgcc.a(_udivdi3.o)
                0x000110ac                __udivdi3
 .text          0x000115d8       0x78 c:\program files (x86)\codesourcery\sourcery g++ lite\bin\../arm-none-linux-gnueabi/libc/armv4t/usr/lib/libc_nonshared.a(elf-init.oS)
                0x000115d8                __libc_csu_fini
                0x000115dc                __libc_csu_init
 .text          0x00011650       0x1c c:\program files (x86)\codesourcery\sourcery g++ lite\bin\../arm-none-linux-gnueabi/libc/armv4t/usr/lib/libc_nonshared.a(stat.oS)
                0x00011650                __stat
                0x00011650                stat
 *(.gnu.warning)
 *(.glue_7t)
 .glue_7t       0x00000000        0x0 linker stubs
 *(.glue_7)
 .glue_7        0x00000000        0x0 linker stubs
 *(.vfp11_veneer)
 .vfp11_veneer  0x00000000        0x0 linker stubs
 *(.v4_bx)
 .v4_bx         0x00000000        0x0 linker stubs

.fini           0x0001166c        0xc
 *(.fini)
 .fini          0x0001166c        0x4 c:/program files (x86)/codesourcery/sourcery g++ lite/bin/../arm-none-linux-gnueabi/libc/armv4t/usr/lib/crti.o
                0x0001166c                _fini
 .fini          0x00011670        0x8 c:/program files (x86)/codesourcery/sourcery g++ lite/bin/../arm-none-linux-gnueabi/libc/armv4t/usr/lib/crtn.o
                0x00011678                PROVIDE (__etext, .)
                0x00011678                PROVIDE (_etext, .)
                0x00011678                PROVIDE (etext, .)

.rodata         0x00011678      0x47d
 *(.rodata .rodata.* .gnu.linkonce.r.*)
 .rodata        0x00011678       0x4c ./src/Sensors/sensors.o
 .rodata        0x000116c4       0x28 ./src/main.o
 .rodata.str1.1
                0x000116ec        0xf C:/ev3/API\libev3api.a(ev3_button.o)
                                 0x10 (size before relaxing)
 .rodata.str1.1
                0x000116fb       0x22 C:/ev3/API\libev3api.a(ev3_output.o)
 .rodata.str1.1
                0x0001171d       0x2b C:/ev3/API\libev3api.a(ev3_sensor.o)
 .rodata        0x00011748      0x100 C:/ev3/API\libev3api.a(ev3_lcd.o)
 .rodata.str1.1
                0x00011848       0xc1 C:/ev3/API\libev3api.a(ev3_lcd.o)
 *fill*         0x00011909        0x1 00
 .rodata        0x0001190a       0xd2 C:/ev3/API\libev3api.a(ev3_sound.o)
                0x0001190a                StepSizeTable
                0x000119bc                IndexTable
 .rodata.str1.1
                0x000119dc       0x19 C:/ev3/API\libev3api.a(ev3_sound.o)
 .rodata        0x000119f5      0x100 c:/program files (x86)/codesourcery/sourcery g++ lite/bin/../lib/gcc/arm-none-linux-gnueabi/4.3.3/armv4t\libgcc.a(_clz.o)
                0x000119f5                __clz_tab

.rodata1
 *(.rodata1)

.ARM.extab      0x00011af8      0x18c
 *(.ARM.extab* .gnu.linkonce.armextab.*)
 .ARM.extab.text.setUpSensors
                0x00011af8        0xc ./src/Sensors/sensors.o
 .ARM.extab.text.readColorSensor
                0x00011b04        0xc ./src/Sensors/sensors.o
 .ARM.extab.text.readUltraSonicSensor
                0x00011b10        0xc ./src/Sensors/sensors.o
 .ARM.extab.text.goalfinding
                0x00011b1c        0xc ./src/Control/goalfinding.o
 .ARM.extab.text.goalfindingspin
                0x00011b28        0xc ./src/Control/goalfinding.o
 .ARM.extab.text.turnVehicledeg
                0x00011b34        0xc ./src/Control/lego_control.o
 .ARM.extab.text.goForward
                0x00011b40        0xc ./src/Control/lego_control.o
 .ARM.extab.text.wander
                0x00011b4c        0xc ./src/Control/wander.o
 .ARM.extab.text.main
                0x00011b58        0xc ./src/main.o
 .ARM.extab     0x00011b64       0x90 C:/ev3/API\libev3api.a(ev3_output.o)
 .ARM.extab     0x00011bf4       0x78 C:/ev3/API\libev3api.a(ev3_lcd.o)
 .ARM.extab     0x00011c6c       0x18 C:/ev3/API\libev3api.a(ev3_sound.o)
                0x00011c84                __exidx_start = .

.ARM.exidx      0x00011c84      0x5d8
 *(.ARM.exidx* .gnu.linkonce.armexidx.*)
 .ARM.exidx     0x00011c94        0x0 c:/program files (x86)/codesourcery/sourcery g++ lite/bin/../arm-none-linux-gnueabi/libc/armv4t/usr/lib/crt1.o
                                  0x8 (size before relaxing)
 .ARM.exidx     0x00011c94        0x8 c:/program files (x86)/codesourcery/sourcery g++ lite/bin/../arm-none-linux-gnueabi/libc/armv4t/usr/lib/crti.o
 .ARM.exidx     0x00011c9c       0x10 c:/program files (x86)/codesourcery/sourcery g++ lite/bin/../lib/gcc/arm-none-linux-gnueabi/4.3.3/armv4t/crtbegin.o
 .ARM.exidx.text.setUpSensors
                0x00011cac        0x8 ./src/Sensors/sensors.o
 .ARM.exidx.text.readColorSensor
                0x00011cb4        0x8 ./src/Sensors/sensors.o
 .ARM.exidx.text.readUltraSonicSensor
                0x00011cbc        0x8 ./src/Sensors/sensors.o
 .ARM.exidx.text.goalfinding
                0x00011cc4        0x8 ./src/Control/goalfinding.o
 .ARM.exidx.text.goalfindingspin
                0x00011ccc        0x8 ./src/Control/goalfinding.o
 .ARM.exidx.text.turnVehicledeg
                0x00011cd4        0x8 ./src/Control/lego_control.o
 .ARM.exidx.text.goForward
                0x00011cdc        0x8 ./src/Control/lego_control.o
 .ARM.exidx.text.wander
                0x00011ce4        0x8 ./src/Control/wander.o
 .ARM.exidx.text.main
                0x00011cec        0x8 ./src/main.o
 .ARM.exidx     0x00011cf4       0x70 C:/ev3/API\libev3api.a(ev3_button.o)
                                 0xe0 (size before relaxing)
 .ARM.exidx     0x00011d64      0x178 C:/ev3/API\libev3api.a(ev3_output.o)
                                0x210 (size before relaxing)
 .ARM.exidx     0x00011edc       0x10 C:/ev3/API\libev3api.a(ev3.o)
                                 0x18 (size before relaxing)
 .ARM.exidx     0x00011eec       0x30 C:/ev3/API\libev3api.a(ev3_sensor.o)
                                 0x68 (size before relaxing)
 .ARM.exidx     0x00011f1c      0x1d8 C:/ev3/API\libev3api.a(ev3_lcd.o)
                                0x268 (size before relaxing)
 .ARM.exidx     0x000120f4       0x70 C:/ev3/API\libev3api.a(ev3_timer.o)
                                 0x98 (size before relaxing)
 .ARM.exidx     0x00012164        0x8 C:/ev3/API\libev3api.a(ev3_command.o)
 .ARM.exidx     0x0001216c       0xb0 C:/ev3/API\libev3api.a(ev3_sound.o)
                                 0xd0 (size before relaxing)
 .ARM.exidx     0x0001221c        0x8 c:/program files (x86)/codesourcery/sourcery g++ lite/bin/../lib/gcc/arm-none-linux-gnueabi/4.3.3/armv4t\libgcc.a(bpabi.o)
                                 0x10 (size before relaxing)
 .ARM.exidx     0x00012224        0x8 c:/program files (x86)/codesourcery/sourcery g++ lite/bin/../lib/gcc/arm-none-linux-gnueabi/4.3.3/armv4t\libgcc.a(_divdi3.o)
 .ARM.exidx     0x0001222c        0x0 c:/program files (x86)/codesourcery/sourcery g++ lite/bin/../lib/gcc/arm-none-linux-gnueabi/4.3.3/armv4t\libgcc.a(_udivdi3.o)
                                  0x8 (size before relaxing)
 .ARM.exidx     0x0001222c       0x10 c:\program files (x86)\codesourcery\sourcery g++ lite\bin\../arm-none-linux-gnueabi/libc/armv4t/usr/lib/libc_nonshared.a(elf-init.oS)
 .ARM.exidx     0x0001223c       0x10 c:\program files (x86)\codesourcery\sourcery g++ lite\bin\../arm-none-linux-gnueabi/libc/armv4t/usr/lib/libc_nonshared.a(stat.oS)
                                  0x8 (size before relaxing)
 .ARM.exidx.init
                0x00011c84       0x10 c:/program files (x86)/codesourcery/sourcery g++ lite/bin/../arm-none-linux-gnueabi/libc/armv4t/usr/lib/crtn.o
                                  0x8 (size before relaxing)
 .ARM.exidx.fini
                0x0001224c       0x10 c:/program files (x86)/codesourcery/sourcery g++ lite/bin/../arm-none-linux-gnueabi/libc/armv4t/usr/lib/crtn.o
                                  0x8 (size before relaxing)
                0x0001225c                __exidx_end = .

.eh_frame_hdr
 *(.eh_frame_hdr)

.eh_frame       0x0001225c        0x4
 *(.eh_frame)
 .eh_frame      0x0001225c        0x4 c:/program files (x86)/codesourcery/sourcery g++ lite/bin/../lib/gcc/arm-none-linux-gnueabi/4.3.3/armv4t/crtend.o

.gcc_except_table
 *(.gcc_except_table .gcc_except_table.*)
                0x00012260                . = (ALIGN (0x8000) - ((0x8000 - .) & 0x7fff))
                0x0001a260                . = (0x8000 DATA_SEGMENT_ALIGN 0x1000)

.eh_frame
 *(.eh_frame)

.gcc_except_table
 *(.gcc_except_table .gcc_except_table.*)

.tdata
 *(.tdata .tdata.* .gnu.linkonce.td.*)

.tbss
 *(.tbss .tbss.* .gnu.linkonce.tb.*)
 *(.tcommon)

.preinit_array  0x0001a260        0x0
                0x0001a260                PROVIDE (__preinit_array_start, .)
 *(.preinit_array)
                0x0001a260                PROVIDE (__preinit_array_end, .)

.init_array     0x0001a260        0x8
                0x0001a260                PROVIDE (__init_array_start, .)
 *(SORT(.init_array.*))
 *(.init_array)
 .init_array    0x0001a260        0x4 c:/program files (x86)/codesourcery/sourcery g++ lite/bin/../lib/gcc/arm-none-linux-gnueabi/4.3.3/armv4t/crtbegin.o
 .init_array    0x0001a264        0x4 C:/ev3/API\libev3api.a(ev3.o)
                0x0001a268                PROVIDE (__init_array_end, .)

.fini_array     0x0001a268        0x8
                0x0001a268                PROVIDE (__fini_array_start, .)
 *(.fini_array)
 .fini_array    0x0001a268        0x4 c:/program files (x86)/codesourcery/sourcery g++ lite/bin/../lib/gcc/arm-none-linux-gnueabi/4.3.3/armv4t/crtbegin.o
 .fini_array    0x0001a26c        0x4 C:/ev3/API\libev3api.a(ev3.o)
 *(SORT(.fini_array.*))
                0x0001a270                PROVIDE (__fini_array_end, .)

.ctors
 *crtbegin.o(.ctors)
 *crtbegin?.o(.ctors)
 *(EXCLUDE_FILE(*crtend?.o *crtend.o) .ctors)
 *(SORT(.ctors.*))
 *(.ctors)

.dtors
 *crtbegin.o(.dtors)
 *crtbegin?.o(.dtors)
 *(EXCLUDE_FILE(*crtend?.o *crtend.o) .dtors)
 *(SORT(.dtors.*))
 *(.dtors)

.jcr            0x0001a270        0x4
 *(.jcr)
 .jcr           0x0001a270        0x0 c:/program files (x86)/codesourcery/sourcery g++ lite/bin/../lib/gcc/arm-none-linux-gnueabi/4.3.3/armv4t/crtbegin.o
 .jcr           0x0001a270        0x4 c:/program files (x86)/codesourcery/sourcery g++ lite/bin/../lib/gcc/arm-none-linux-gnueabi/4.3.3/armv4t/crtend.o

.data.rel.ro
 *(.data.rel.ro.local* .gnu.linkonce.d.rel.ro.local.*)
 *(.data.rel.ro* .gnu.linkonce.d.rel.ro.*)

.dynamic        0x0001a274       0xf8
 *(.dynamic)
 .dynamic       0x0001a274       0xf8 c:/program files (x86)/codesourcery/sourcery g++ lite/bin/../arm-none-linux-gnueabi/libc/armv4t/usr/lib/crti.o
                0x0001a274                _DYNAMIC
                0x0001a36c                . = (. DATA_SEGMENT_RELRO_END 0x0)

.got            0x0001a36c       0xb4
 *(.got.plt)
 .got.plt       0x0001a36c       0xac c:/program files (x86)/codesourcery/sourcery g++ lite/bin/../arm-none-linux-gnueabi/libc/armv4t/usr/lib/crti.o
                0x0001a36c                _GLOBAL_OFFSET_TABLE_
 *(.got)
 .got           0x0001a418        0x8 c:/program files (x86)/codesourcery/sourcery g++ lite/bin/../arm-none-linux-gnueabi/libc/armv4t/usr/lib/crti.o

.data           0x0001a420     0x2534
                0x0001a420                __data_start = .
 *(.data .data.* .gnu.linkonce.d.*)
 .data          0x0001a420     0x2530 C:/ev3/API\libev3api.a(ev3_lcd.o)
                0x0001a58c                PixelTab
                0x0001a48c                UnPixelTab
                0x0001a450                IconInfo
                0x0001a420                FontInfo
                0x0001a594                Masks
 .data          0x0001c950        0x4 C:/ev3/API\libev3api.a(ev3_timer.o)

.data1
 *(.data1)
                0x0001c954                _edata = .
                0x0001c954                PROVIDE (edata, .)
                0x0001c954                __bss_start = .
                0x0001c954                __bss_start__ = .

.bss            0x0001c958     0x2d40
 *(.dynbss)
 .dynbss        0x00000000        0x0 c:/program files (x86)/codesourcery/sourcery g++ lite/bin/../arm-none-linux-gnueabi/libc/armv4t/usr/lib/crti.o
 *(.bss .bss.* .gnu.linkonce.b.*)
 .bss           0x0001c958        0x1 c:/program files (x86)/codesourcery/sourcery g++ lite/bin/../lib/gcc/arm-none-linux-gnueabi/4.3.3/armv4t/crtbegin.o
 .bss           0x0001c959        0x1 C:/ev3/API\libev3api.a(ev3.o)
 *fill*         0x0001c95a        0x2 00
 .bss           0x0001c95c       0x24 C:/ev3/API\libev3api.a(ev3_sensor.o)
                0x0001c95c                g_uartFile
                0x0001c96c                g_iicSensors
                0x0001c968                g_uartSensors
                0x0001c970                g_analogSensors
                0x0001c964                g_analogFile
                0x0001c960                g_iicFile
 .bss           0x0001c980        0xc C:/ev3/API\libev3api.a(ev3_lcd.o)
 *fill*         0x0001c98c        0x4 00
 .bss           0x0001c990       0xe0 C:/ev3/API\libev3api.a(ev3_timer.o)
 *(COMMON)
 COMMON         0x0001ca70       0x20 C:/ev3/API\libev3api.a(ev3_button.o)
                0x0001ca70                HwVers
                0x0001ca78                ButtonLedInstance
 COMMON         0x0001ca90       0x48 C:/ev3/API\libev3api.a(ev3_output.o)
                0x0001ca90                OutputInstance
 COMMON         0x0001cad8       0x20 C:/ev3/API\libev3api.a(ev3_sensor.o)
                0x0001cad8                ir_sensor_channel
                0x0001cae8                sensor_setup_NAME
 COMMON         0x0001caf8     0x2998 C:/ev3/API\libev3api.a(ev3_lcd.o)
                0x0001caf8                LCDInstance
                0x0001d690                hwBuffer
 COMMON         0x0001f490      0x208 C:/ev3/API\libev3api.a(ev3_sound.o)
                0x0001f490                SoundInstance
                0x0001f698                . = ALIGN ((. != 0x0)?0x4:0x1)
                0x0001f698                _bss_end__ = .
                0x0001f698                __bss_end__ = .
                0x0001f698                . = ALIGN (0x4)
                0x0001f698                . = ALIGN (0x4)
                0x0001f698                __end__ = .
                0x0001f698                _end = .
                0x0001f698                PROVIDE (end, .)
                0x0001f698                . = DATA_SEGMENT_END (.)

.stab
 *(.stab)

.stabstr
 *(.stabstr)

.stab.excl
 *(.stab.excl)

.stab.exclstr
 *(.stab.exclstr)

.stab.index
 *(.stab.index)

.stab.indexstr
 *(.stab.indexstr)

.ARM.attributes
                0x00000000       0x2d
 .ARM.attributes
                0x00000000       0x26 c:/program files (x86)/codesourcery/sourcery g++ lite/bin/../arm-none-linux-gnueabi/libc/armv4t/usr/lib/crt1.o
 .ARM.attributes
                0x00000026       0x2a c:/program files (x86)/codesourcery/sourcery g++ lite/bin/../arm-none-linux-gnueabi/libc/armv4t/usr/lib/crti.o
 .ARM.attributes
                0x00000050       0x2a c:/program files (x86)/codesourcery/sourcery g++ lite/bin/../lib/gcc/arm-none-linux-gnueabi/4.3.3/armv4t/crtbegin.o
 .ARM.attributes
                0x0000007a       0x2c ./src/Sensors/sensors.o
 .ARM.attributes
                0x000000a6       0x2c ./src/Control/control_setup.o
 .ARM.attributes
                0x000000d2       0x2c ./src/Control/goalfinding.o
 .ARM.attributes
                0x000000fe       0x2c ./src/Control/lego_control.o
 .ARM.attributes
                0x0000012a       0x2c ./src/Control/wander.o
 .ARM.attributes
                0x00000156       0x2c ./src/main.o
 .ARM.attributes
                0x00000182       0x31 C:/ev3/API\libev3api.a(ev3_button.o)
 .ARM.attributes
                0x000001b3       0x31 C:/ev3/API\libev3api.a(ev3_output.o)
 .ARM.attributes
                0x000001e4       0x31 C:/ev3/API\libev3api.a(ev3.o)
 .ARM.attributes
                0x00000215       0x31 C:/ev3/API\libev3api.a(ev3_sensor.o)
 .ARM.attributes
                0x00000246       0x31 C:/ev3/API\libev3api.a(ev3_lcd.o)
 .ARM.attributes
                0x00000277       0x31 C:/ev3/API\libev3api.a(ev3_timer.o)
 .ARM.attributes
                0x000002a8       0x31 C:/ev3/API\libev3api.a(ev3_command.o)
 .ARM.attributes
                0x000002d9       0x31 C:/ev3/API\libev3api.a(ev3_sound.o)
 .ARM.attributes
                0x0000030a       0x1a c:/program files (x86)/codesourcery/sourcery g++ lite/bin/../lib/gcc/arm-none-linux-gnueabi/4.3.3/armv4t\libgcc.a(_udivsi3.o)
 .ARM.attributes
                0x00000324       0x1a c:/program files (x86)/codesourcery/sourcery g++ lite/bin/../lib/gcc/arm-none-linux-gnueabi/4.3.3/armv4t\libgcc.a(_divsi3.o)
 .ARM.attributes
                0x0000033e       0x1a c:/program files (x86)/codesourcery/sourcery g++ lite/bin/../lib/gcc/arm-none-linux-gnueabi/4.3.3/armv4t\libgcc.a(_lshrdi3.o)
 .ARM.attributes
                0x00000358       0x1a c:/program files (x86)/codesourcery/sourcery g++ lite/bin/../lib/gcc/arm-none-linux-gnueabi/4.3.3/armv4t\libgcc.a(_arm_addsubdf3.o)
 .ARM.attributes
                0x00000372       0x1a c:/program files (x86)/codesourcery/sourcery g++ lite/bin/../lib/gcc/arm-none-linux-gnueabi/4.3.3/armv4t\libgcc.a(_arm_muldivdf3.o)
 .ARM.attributes
                0x0000038c       0x1a c:/program files (x86)/codesourcery/sourcery g++ lite/bin/../lib/gcc/arm-none-linux-gnueabi/4.3.3/armv4t\libgcc.a(_arm_fixdfsi.o)
 .ARM.attributes
                0x000003a6       0x1a c:/program files (x86)/codesourcery/sourcery g++ lite/bin/../lib/gcc/arm-none-linux-gnueabi/4.3.3/armv4t\libgcc.a(_arm_muldivsf3.o)
 .ARM.attributes
                0x000003c0       0x1a c:/program files (x86)/codesourcery/sourcery g++ lite/bin/../lib/gcc/arm-none-linux-gnueabi/4.3.3/armv4t\libgcc.a(_aeabi_uldivmod.o)
 .ARM.attributes
                0x000003da       0x1a c:/program files (x86)/codesourcery/sourcery g++ lite/bin/../lib/gcc/arm-none-linux-gnueabi/4.3.3/armv4t\libgcc.a(_dvmd_lnx.o)
 .ARM.attributes
                0x000003f4       0x2a c:/program files (x86)/codesourcery/sourcery g++ lite/bin/../lib/gcc/arm-none-linux-gnueabi/4.3.3/armv4t\libgcc.a(bpabi.o)
 .ARM.attributes
                0x0000041e       0x2a c:/program files (x86)/codesourcery/sourcery g++ lite/bin/../lib/gcc/arm-none-linux-gnueabi/4.3.3/armv4t\libgcc.a(_divdi3.o)
 .ARM.attributes
                0x00000448       0x2a c:/program files (x86)/codesourcery/sourcery g++ lite/bin/../lib/gcc/arm-none-linux-gnueabi/4.3.3/armv4t\libgcc.a(_udivdi3.o)
 .ARM.attributes
                0x00000472       0x2a c:/program files (x86)/codesourcery/sourcery g++ lite/bin/../lib/gcc/arm-none-linux-gnueabi/4.3.3/armv4t\libgcc.a(_clz.o)
 .ARM.attributes
                0x0000049c       0x2a c:\program files (x86)\codesourcery\sourcery g++ lite\bin\../arm-none-linux-gnueabi/libc/armv4t/usr/lib/libc_nonshared.a(elf-init.oS)
 .ARM.attributes
                0x000004c6       0x2a c:\program files (x86)\codesourcery\sourcery g++ lite\bin\../arm-none-linux-gnueabi/libc/armv4t/usr/lib/libc_nonshared.a(stat.oS)
 .ARM.attributes
                0x000004f0       0x2a c:/program files (x86)/codesourcery/sourcery g++ lite/bin/../lib/gcc/arm-none-linux-gnueabi/4.3.3/armv4t/crtend.o
 .ARM.attributes
                0x0000051a       0x2a c:/program files (x86)/codesourcery/sourcery g++ lite/bin/../arm-none-linux-gnueabi/libc/armv4t/usr/lib/crtn.o

.comment        0x00000000      0x25a
 *(.comment)
 .comment       0x00000000       0x2b ./src/Sensors/sensors.o
 .comment       0x0000002b       0x2b ./src/Control/control_setup.o
 .comment       0x00000056       0x2b ./src/Control/goalfinding.o
 .comment       0x00000081       0x2b ./src/Control/lego_control.o
 .comment       0x000000ac       0x2b ./src/Control/wander.o
 .comment       0x000000d7       0x2b ./src/main.o
 .comment       0x00000102       0x2b C:/ev3/API\libev3api.a(ev3_button.o)
 .comment       0x0000012d       0x2b C:/ev3/API\libev3api.a(ev3_output.o)
 .comment       0x00000158       0x2b C:/ev3/API\libev3api.a(ev3.o)
 .comment       0x00000183       0x2b C:/ev3/API\libev3api.a(ev3_sensor.o)
 .comment       0x000001ae       0x2b C:/ev3/API\libev3api.a(ev3_lcd.o)
 .comment       0x000001d9       0x2b C:/ev3/API\libev3api.a(ev3_timer.o)
 .comment       0x00000204       0x2b C:/ev3/API\libev3api.a(ev3_command.o)
 .comment       0x0000022f       0x2b C:/ev3/API\libev3api.a(ev3_sound.o)

.debug
 *(.debug)

.line
 *(.line)

.debug_srcinfo
 *(.debug_srcinfo)

.debug_sfnames
 *(.debug_sfnames)

.debug_aranges
 *(.debug_aranges)

.debug_pubnames
 *(.debug_pubnames)

.debug_info
 *(.debug_info .gnu.linkonce.wi.*)

.debug_abbrev
 *(.debug_abbrev)

.debug_line
 *(.debug_line)

.debug_frame
 *(.debug_frame)

.debug_str
 *(.debug_str)

.debug_loc
 *(.debug_loc)

.debug_macinfo
 *(.debug_macinfo)

.debug_weaknames
 *(.debug_weaknames)

.debug_funcnames
 *(.debug_funcnames)

.debug_typenames
 *(.debug_typenames)

.debug_varnames
 *(.debug_varnames)

.debug_pubtypes
 *(.debug_pubtypes)

.debug_ranges
 *(.debug_ranges)

.gnu.attributes
 *(.gnu.attributes)

.note.gnu.arm.ident
 *(.note.gnu.arm.ident)

/DISCARD/
 *(.note.GNU-stack)
 *(.gnu_debuglink)
OUTPUT(robotics_planner.elf elf32-littlearm)
