Archive member included because of file (symbol)

C:/ev3/API\libev3api.a(ev3_button.o)
                              ./src/Control/wander.o (ButtonIsDown)
C:/ev3/API\libev3api.a(ev3_output.o)
                              ./src/Control/control_setup.o (OutputInitialized)
C:/ev3/API\libev3api.a(ev3.o)
                              ./src/Sensors/sensors.o (FreeEV3)
C:/ev3/API\libev3api.a(ev3_sensor.o)
                              ./src/Sensors/sensors.o (SensorsInitialized)
C:/ev3/API\libev3api.a(ev3_lcd.o)
                              C:/ev3/API\libev3api.a(ev3.o) (LcdClean)
C:/ev3/API\libev3api.a(ev3_timer.o)
                              C:/ev3/API\libev3api.a(ev3_lcd.o) (SetTimerCallback)
C:/ev3/API\libev3api.a(ev3_command.o)
                              ./src/Control/lego_control.o (Wait)
C:/ev3/API\libev3api.a(ev3_sound.o)
                              C:/ev3/API\libev3api.a(ev3.o) (SoundInit)
c:/program files (x86)/codesourcery/sourcery g++ lite/bin/../lib/gcc/arm-none-linux-gnueabi/4.3.3/armv4t\libgcc.a(_udivsi3.o)
                              C:/ev3/API\libev3api.a(ev3_timer.o) (__aeabi_uidiv)
c:/program files (x86)/codesourcery/sourcery g++ lite/bin/../lib/gcc/arm-none-linux-gnueabi/4.3.3/armv4t\libgcc.a(_divsi3.o)
                              C:/ev3/API\libev3api.a(ev3_output.o) (__aeabi_idiv)
c:/program files (x86)/codesourcery/sourcery g++ lite/bin/../lib/gcc/arm-none-linux-gnueabi/4.3.3/armv4t\libgcc.a(_lshrdi3.o)
                              C:/ev3/API\libev3api.a(ev3_sensor.o) (__aeabi_llsr)
c:/program files (x86)/codesourcery/sourcery g++ lite/bin/../lib/gcc/arm-none-linux-gnueabi/4.3.3/armv4t\libgcc.a(_arm_addsubdf3.o)
                              ./src/Control/goalfinding.o (__aeabi_dadd)
c:/program files (x86)/codesourcery/sourcery g++ lite/bin/../lib/gcc/arm-none-linux-gnueabi/4.3.3/armv4t\libgcc.a(_arm_muldivdf3.o)
                              ./src/Control/lego_control.o (__aeabi_dmul)
c:/program files (x86)/codesourcery/sourcery g++ lite/bin/../lib/gcc/arm-none-linux-gnueabi/4.3.3/armv4t\libgcc.a(_arm_fixdfsi.o)
                              ./src/Control/goalfinding.o (__aeabi_d2iz)
c:/program files (x86)/codesourcery/sourcery g++ lite/bin/../lib/gcc/arm-none-linux-gnueabi/4.3.3/armv4t\libgcc.a(_arm_muldivsf3.o)
                              C:/ev3/API\libev3api.a(ev3_button.o) (__aeabi_fmul)
c:/program files (x86)/codesourcery/sourcery g++ lite/bin/../lib/gcc/arm-none-linux-gnueabi/4.3.3/armv4t\libgcc.a(_aeabi_uldivmod.o)
                              C:/ev3/API\libev3api.a(ev3_timer.o) (__aeabi_uldivmod)
c:/program files (x86)/codesourcery/sourcery g++ lite/bin/../lib/gcc/arm-none-linux-gnueabi/4.3.3/armv4t\libgcc.a(_dvmd_lnx.o)
                              c:/program files (x86)/codesourcery/sourcery g++ lite/bin/../lib/gcc/arm-none-linux-gnueabi/4.3.3/armv4t\libgcc.a(_udivsi3.o) (__aeabi_idiv0)
c:/program files (x86)/codesourcery/sourcery g++ lite/bin/../lib/gcc/arm-none-linux-gnueabi/4.3.3/armv4t\libgcc.a(bpabi.o)
                              c:/program files (x86)/codesourcery/sourcery g++ lite/bin/../lib/gcc/arm-none-linux-gnueabi/4.3.3/armv4t\libgcc.a(_aeabi_uldivmod.o) (__gnu_uldivmod_helper)
c:/program files (x86)/codesourcery/sourcery g++ lite/bin/../lib/gcc/arm-none-linux-gnueabi/4.3.3/armv4t\libgcc.a(_divdi3.o)
                              c:/program files (x86)/codesourcery/sourcery g++ lite/bin/../lib/gcc/arm-none-linux-gnueabi/4.3.3/armv4t\libgcc.a(bpabi.o) (__divdi3)
c:/program files (x86)/codesourcery/sourcery g++ lite/bin/../lib/gcc/arm-none-linux-gnueabi/4.3.3/armv4t\libgcc.a(_udivdi3.o)
                              c:/program files (x86)/codesourcery/sourcery g++ lite/bin/../lib/gcc/arm-none-linux-gnueabi/4.3.3/armv4t\libgcc.a(bpabi.o) (__udivdi3)
c:/program files (x86)/codesourcery/sourcery g++ lite/bin/../lib/gcc/arm-none-linux-gnueabi/4.3.3/armv4t\libgcc.a(_clz.o)
                              c:/program files (x86)/codesourcery/sourcery g++ lite/bin/../lib/gcc/arm-none-linux-gnueabi/4.3.3/armv4t\libgcc.a(_divdi3.o) (__clz_tab)
c:\program files (x86)\codesourcery\sourcery g++ lite\bin\../arm-none-linux-gnueabi/libc/armv4t/usr/lib/libc_nonshared.a(elf-init.oS)
                              c:/program files (x86)/codesourcery/sourcery g++ lite/bin/../arm-none-linux-gnueabi/libc/armv4t/usr/lib/crt1.o (__libc_csu_fini)
c:\program files (x86)\codesourcery\sourcery g++ lite\bin\../arm-none-linux-gnueabi/libc/armv4t/usr/lib/libc_nonshared.a(stat.oS)
                              C:/ev3/API\libev3api.a(ev3_sound.o) (stat)

Allocating common symbols
Common symbol       size              file

ir_sensor_channel   0x10              C:/ev3/API\libev3api.a(ev3_sensor.o)
LCDInstance         0xb98             C:/ev3/API\libev3api.a(ev3_lcd.o)
hwBuffer            0x1e00            C:/ev3/API\libev3api.a(ev3_lcd.o)
OutputInstance      0x48              C:/ev3/API\libev3api.a(ev3_output.o)
HwVers              0x6               C:/ev3/API\libev3api.a(ev3_button.o)
ButtonLedInstance   0x18              C:/ev3/API\libev3api.a(ev3_button.o)
SoundInstance       0x208             C:/ev3/API\libev3api.a(ev3_sound.o)
sensor_setup_NAME   0x10              C:/ev3/API\libev3api.a(ev3_sensor.o)

Discarded input sections

 .note.ABI-tag  0x00000000        0x0 c:/program files (x86)/codesourcery/sourcery g++ lite/bin/../arm-none-linux-gnueabi/libc/armv4t/usr/lib/crt1.o
 .rodata.cst4   0x00000000        0x0 c:/program files (x86)/codesourcery/sourcery g++ lite/bin/../arm-none-linux-gnueabi/libc/armv4t/usr/lib/crt1.o
 .ARM.extab     0x00000000        0x0 c:/program files (x86)/codesourcery/sourcery g++ lite/bin/../arm-none-linux-gnueabi/libc/armv4t/usr/lib/crt1.o
 .data          0x00000000        0x0 c:/program files (x86)/codesourcery/sourcery g++ lite/bin/../arm-none-linux-gnueabi/libc/armv4t/usr/lib/crt1.o
 .bss           0x00000000        0x0 c:/program files (x86)/codesourcery/sourcery g++ lite/bin/../arm-none-linux-gnueabi/libc/armv4t/usr/lib/crt1.o
 .note.GNU-stack
                0x00000000        0x0 c:/program files (x86)/codesourcery/sourcery g++ lite/bin/../arm-none-linux-gnueabi/libc/armv4t/usr/lib/crt1.o
 .data          0x00000000        0x0 c:/program files (x86)/codesourcery/sourcery g++ lite/bin/../arm-none-linux-gnueabi/libc/armv4t/usr/lib/crti.o
 .bss           0x00000000        0x0 c:/program files (x86)/codesourcery/sourcery g++ lite/bin/../arm-none-linux-gnueabi/libc/armv4t/usr/lib/crti.o
 .ARM.extab     0x00000000        0x0 c:/program files (x86)/codesourcery/sourcery g++ lite/bin/../arm-none-linux-gnueabi/libc/armv4t/usr/lib/crti.o
 .note.GNU-stack
                0x00000000        0x0 c:/program files (x86)/codesourcery/sourcery g++ lite/bin/../arm-none-linux-gnueabi/libc/armv4t/usr/lib/crti.o
 .data          0x00000000        0x0 c:/program files (x86)/codesourcery/sourcery g++ lite/bin/../lib/gcc/arm-none-linux-gnueabi/4.3.3/armv4t/crtbegin.o
 .ARM.extab     0x00000000        0x0 c:/program files (x86)/codesourcery/sourcery g++ lite/bin/../lib/gcc/arm-none-linux-gnueabi/4.3.3/armv4t/crtbegin.o
 .note.GNU-stack
                0x00000000        0x0 c:/program files (x86)/codesourcery/sourcery g++ lite/bin/../lib/gcc/arm-none-linux-gnueabi/4.3.3/armv4t/crtbegin.o
 .text          0x00000000        0x0 ./src/Sensors/sensors.o
 .data          0x00000000        0x0 ./src/Sensors/sensors.o
 .bss           0x00000000        0x0 ./src/Sensors/sensors.o
 .debug_abbrev  0x00000000        0x0 ./src/Sensors/sensors.o
 .debug_info    0x00000000        0x0 ./src/Sensors/sensors.o
 .debug_line    0x00000000        0x0 ./src/Sensors/sensors.o
 .debug_macinfo
                0x00000000        0x0 ./src/Sensors/sensors.o
 .data.__reference_InitEV3
                0x00000000        0x0 ./src/Sensors/sensors.o
 .data.__reference_FreeEV3
                0x00000000        0x0 ./src/Sensors/sensors.o
 .debug_frame   0x00000000        0x0 ./src/Sensors/sensors.o
 .debug_loc     0x00000000        0x0 ./src/Sensors/sensors.o
 .debug_pubnames
                0x00000000        0x0 ./src/Sensors/sensors.o
 .debug_aranges
                0x00000000        0x0 ./src/Sensors/sensors.o
 .debug_ranges  0x00000000        0x0 ./src/Sensors/sensors.o
 .debug_str     0x00000000        0x0 ./src/Sensors/sensors.o
 .note.GNU-stack
                0x00000000        0x0 ./src/Sensors/sensors.o
 .text          0x00000000        0x0 ./src/Control/control_setup.o
 .data          0x00000000        0x0 ./src/Control/control_setup.o
 .bss           0x00000000        0x0 ./src/Control/control_setup.o
 .debug_abbrev  0x00000000        0x0 ./src/Control/control_setup.o
 .debug_info    0x00000000        0x0 ./src/Control/control_setup.o
 .debug_line    0x00000000        0x0 ./src/Control/control_setup.o
 .debug_macinfo
                0x00000000        0x0 ./src/Control/control_setup.o
 .data.__reference_InitEV3
                0x00000000        0x0 ./src/Control/control_setup.o
 .data.__reference_FreeEV3
                0x00000000        0x0 ./src/Control/control_setup.o
 .rodata        0x00000000        0x0 ./src/Control/control_setup.o
 .text.setup    0x00000000        0x0 ./src/Control/control_setup.o
 .ARM.extab.text.setup
                0x00000000        0x0 ./src/Control/control_setup.o
 .ARM.exidx.text.setup
                0x00000000        0x0 ./src/Control/control_setup.o
 .debug_frame   0x00000000        0x0 ./src/Control/control_setup.o
 .debug_loc     0x00000000        0x0 ./src/Control/control_setup.o
 .debug_pubnames
                0x00000000        0x0 ./src/Control/control_setup.o
 .debug_aranges
                0x00000000        0x0 ./src/Control/control_setup.o
 .debug_ranges  0x00000000        0x0 ./src/Control/control_setup.o
 .debug_str     0x00000000        0x0 ./src/Control/control_setup.o
 .note.GNU-stack
                0x00000000        0x0 ./src/Control/control_setup.o
 .text          0x00000000        0x0 ./src/Control/goalfinding.o
 .data          0x00000000        0x0 ./src/Control/goalfinding.o
 .bss           0x00000000        0x0 ./src/Control/goalfinding.o
 .debug_abbrev  0x00000000        0x0 ./src/Control/goalfinding.o
 .debug_info    0x00000000        0x0 ./src/Control/goalfinding.o
 .debug_line    0x00000000        0x0 ./src/Control/goalfinding.o
 .debug_macinfo
                0x00000000        0x0 ./src/Control/goalfinding.o
 .data.__reference_InitEV3
                0x00000000        0x0 ./src/Control/goalfinding.o
 .data.__reference_FreeEV3
                0x00000000        0x0 ./src/Control/goalfinding.o
 .debug_frame   0x00000000        0x0 ./src/Control/goalfinding.o
 .debug_loc     0x00000000        0x0 ./src/Control/goalfinding.o
 .debug_pubnames
                0x00000000        0x0 ./src/Control/goalfinding.o
 .debug_aranges
                0x00000000        0x0 ./src/Control/goalfinding.o
 .debug_ranges  0x00000000        0x0 ./src/Control/goalfinding.o
 .debug_str     0x00000000        0x0 ./src/Control/goalfinding.o
 .note.GNU-stack
                0x00000000        0x0 ./src/Control/goalfinding.o
 .text          0x00000000        0x0 ./src/Control/lego_control.o
 .data          0x00000000        0x0 ./src/Control/lego_control.o
 .bss           0x00000000        0x0 ./src/Control/lego_control.o
 .debug_abbrev  0x00000000        0x0 ./src/Control/lego_control.o
 .debug_info    0x00000000        0x0 ./src/Control/lego_control.o
 .debug_line    0x00000000        0x0 ./src/Control/lego_control.o
 .debug_macinfo
                0x00000000        0x0 ./src/Control/lego_control.o
 .data.__reference_InitEV3
                0x00000000        0x0 ./src/Control/lego_control.o
 .data.__reference_FreeEV3
                0x00000000        0x0 ./src/Control/lego_control.o
 .text.setUpControl
                0x00000000        0x0 ./src/Control/lego_control.o
 .ARM.extab.text.setUpControl
                0x00000000        0x0 ./src/Control/lego_control.o
 .ARM.exidx.text.setUpControl
                0x00000000        0x0 ./src/Control/lego_control.o
 .text.turnVehicleRight
                0x00000000        0x0 ./src/Control/lego_control.o
 .ARM.extab.text.turnVehicleRight
                0x00000000        0x0 ./src/Control/lego_control.o
 .ARM.exidx.text.turnVehicleRight
                0x00000000        0x0 ./src/Control/lego_control.o
 .text.turnVehicleLeft
                0x00000000        0x0 ./src/Control/lego_control.o
 .ARM.extab.text.turnVehicleLeft
                0x00000000        0x0 ./src/Control/lego_control.o
 .ARM.exidx.text.turnVehicleLeft
                0x00000000        0x0 ./src/Control/lego_control.o
 .text.goReverse
                0x00000000        0x0 ./src/Control/lego_control.o
 .ARM.extab.text.goReverse
                0x00000000        0x0 ./src/Control/lego_control.o
 .ARM.exidx.text.goReverse
                0x00000000        0x0 ./src/Control/lego_control.o
 .debug_frame   0x00000000        0x0 ./src/Control/lego_control.o
 .debug_loc     0x00000000        0x0 ./src/Control/lego_control.o
 .debug_pubnames
                0x00000000        0x0 ./src/Control/lego_control.o
 .debug_aranges
                0x00000000        0x0 ./src/Control/lego_control.o
 .debug_ranges  0x00000000        0x0 ./src/Control/lego_control.o
 .debug_str     0x00000000        0x0 ./src/Control/lego_control.o
 .note.GNU-stack
                0x00000000        0x0 ./src/Control/lego_control.o
 .text          0x00000000        0x0 ./src/Control/wander.o
 .data          0x00000000        0x0 ./src/Control/wander.o
 .bss           0x00000000        0x0 ./src/Control/wander.o
 .debug_abbrev  0x00000000        0x0 ./src/Control/wander.o
 .debug_info    0x00000000        0x0 ./src/Control/wander.o
 .debug_line    0x00000000        0x0 ./src/Control/wander.o
 .debug_macinfo
                0x00000000        0x0 ./src/Control/wander.o
 .data.__reference_InitEV3
                0x00000000        0x0 ./src/Control/wander.o
 .data.__reference_FreeEV3
                0x00000000        0x0 ./src/Control/wander.o
 .debug_frame   0x00000000        0x0 ./src/Control/wander.o
 .debug_loc     0x00000000        0x0 ./src/Control/wander.o
 .debug_pubnames
                0x00000000        0x0 ./src/Control/wander.o
 .debug_aranges
                0x00000000        0x0 ./src/Control/wander.o
 .debug_ranges  0x00000000        0x0 ./src/Control/wander.o
 .debug_str     0x00000000        0x0 ./src/Control/wander.o
 .note.GNU-stack
                0x00000000        0x0 ./src/Control/wander.o
 .text          0x00000000        0x0 ./src/main.o
 .data          0x00000000        0x0 ./src/main.o
 .bss           0x00000000        0x0 ./src/main.o
 .debug_abbrev  0x00000000        0x0 ./src/main.o
 .debug_info    0x00000000        0x0 ./src/main.o
 .debug_line    0x00000000        0x0 ./src/main.o
 .debug_macinfo
                0x00000000        0x0 ./src/main.o
 .data.__reference_InitEV3
                0x00000000        0x0 ./src/main.o
 .data.__reference_FreeEV3
                0x00000000        0x0 ./src/main.o
 .debug_frame   0x00000000        0x0 ./src/main.o
 .debug_loc     0x00000000        0x0 ./src/main.o
 .debug_pubnames
                0x00000000        0x0 ./src/main.o
 .debug_aranges
                0x00000000        0x0 ./src/main.o
 .debug_ranges  0x00000000        0x0 ./src/main.o
 .debug_str     0x00000000        0x0 ./src/main.o
 .note.GNU-stack
                0x00000000        0x0 ./src/main.o
 .data          0x00000000        0x0 C:/ev3/API\libev3api.a(ev3_button.o)
 .bss           0x00000000        0x0 C:/ev3/API\libev3api.a(ev3_button.o)
 .ARM.extab     0x00000000        0x0 C:/ev3/API\libev3api.a(ev3_button.o)
 .note.GNU-stack
                0x00000000        0x0 C:/ev3/API\libev3api.a(ev3_button.o)
 .data          0x00000000        0x0 C:/ev3/API\libev3api.a(ev3_output.o)
 .bss           0x00000000        0x0 C:/ev3/API\libev3api.a(ev3_output.o)
 .note.GNU-stack
                0x00000000        0x0 C:/ev3/API\libev3api.a(ev3_output.o)
 .data          0x00000000        0x0 C:/ev3/API\libev3api.a(ev3.o)
 .ARM.extab     0x00000000        0x0 C:/ev3/API\libev3api.a(ev3.o)
 .note.GNU-stack
                0x00000000        0x0 C:/ev3/API\libev3api.a(ev3.o)
 .data          0x00000000        0x0 C:/ev3/API\libev3api.a(ev3_sensor.o)
 .ARM.extab     0x00000000        0x0 C:/ev3/API\libev3api.a(ev3_sensor.o)
 .note.GNU-stack
                0x00000000        0x0 C:/ev3/API\libev3api.a(ev3_sensor.o)
 .note.GNU-stack
                0x00000000        0x0 C:/ev3/API\libev3api.a(ev3_lcd.o)
 .ARM.extab     0x00000000        0x0 C:/ev3/API\libev3api.a(ev3_timer.o)
 .note.GNU-stack
                0x00000000        0x0 C:/ev3/API\libev3api.a(ev3_timer.o)
 .data          0x00000000        0x0 C:/ev3/API\libev3api.a(ev3_command.o)
 .bss           0x00000000        0x0 C:/ev3/API\libev3api.a(ev3_command.o)
 .ARM.extab     0x00000000        0x0 C:/ev3/API\libev3api.a(ev3_command.o)
 .note.GNU-stack
                0x00000000        0x0 C:/ev3/API\libev3api.a(ev3_command.o)
 .data          0x00000000        0x0 C:/ev3/API\libev3api.a(ev3_sound.o)
 .bss           0x00000000        0x0 C:/ev3/API\libev3api.a(ev3_sound.o)
 .note.GNU-stack
                0x00000000        0x0 C:/ev3/API\libev3api.a(ev3_sound.o)
 .data          0x00000000        0x0 c:/program files (x86)/codesourcery/sourcery g++ lite/bin/../lib/gcc/arm-none-linux-gnueabi/4.3.3/armv4t\libgcc.a(_udivsi3.o)
 .bss           0x00000000        0x0 c:/program files (x86)/codesourcery/sourcery g++ lite/bin/../lib/gcc/arm-none-linux-gnueabi/4.3.3/armv4t\libgcc.a(_udivsi3.o)
 .note.GNU-stack
                0x00000000        0x0 c:/program files (x86)/codesourcery/sourcery g++ lite/bin/../lib/gcc/arm-none-linux-gnueabi/4.3.3/armv4t\libgcc.a(_udivsi3.o)
 .debug_frame   0x00000000        0x0 c:/program files (x86)/codesourcery/sourcery g++ lite/bin/../lib/gcc/arm-none-linux-gnueabi/4.3.3/armv4t\libgcc.a(_udivsi3.o)
 .data          0x00000000        0x0 c:/program files (x86)/codesourcery/sourcery g++ lite/bin/../lib/gcc/arm-none-linux-gnueabi/4.3.3/armv4t\libgcc.a(_divsi3.o)
 .bss           0x00000000        0x0 c:/program files (x86)/codesourcery/sourcery g++ lite/bin/../lib/gcc/arm-none-linux-gnueabi/4.3.3/armv4t\libgcc.a(_divsi3.o)
 .note.GNU-stack
                0x00000000        0x0 c:/program files (x86)/codesourcery/sourcery g++ lite/bin/../lib/gcc/arm-none-linux-gnueabi/4.3.3/armv4t\libgcc.a(_divsi3.o)
 .debug_frame   0x00000000        0x0 c:/program files (x86)/codesourcery/sourcery g++ lite/bin/../lib/gcc/arm-none-linux-gnueabi/4.3.3/armv4t\libgcc.a(_divsi3.o)
 .data          0x00000000        0x0 c:/program files (x86)/codesourcery/sourcery g++ lite/bin/../lib/gcc/arm-none-linux-gnueabi/4.3.3/armv4t\libgcc.a(_lshrdi3.o)
 .bss           0x00000000        0x0 c:/program files (x86)/codesourcery/sourcery g++ lite/bin/../lib/gcc/arm-none-linux-gnueabi/4.3.3/armv4t\libgcc.a(_lshrdi3.o)
 .note.GNU-stack
                0x00000000        0x0 c:/program files (x86)/codesourcery/sourcery g++ lite/bin/../lib/gcc/arm-none-linux-gnueabi/4.3.3/armv4t\libgcc.a(_lshrdi3.o)
 .data          0x00000000        0x0 c:/program files (x86)/codesourcery/sourcery g++ lite/bin/../lib/gcc/arm-none-linux-gnueabi/4.3.3/armv4t\libgcc.a(_arm_addsubdf3.o)
 .bss           0x00000000        0x0 c:/program files (x86)/codesourcery/sourcery g++ lite/bin/../lib/gcc/arm-none-linux-gnueabi/4.3.3/armv4t\libgcc.a(_arm_addsubdf3.o)
 .note.GNU-stack
                0x00000000        0x0 c:/program files (x86)/codesourcery/sourcery g++ lite/bin/../lib/gcc/arm-none-linux-gnueabi/4.3.3/armv4t\libgcc.a(_arm_addsubdf3.o)
 .data          0x00000000        0x0 c:/program files (x86)/codesourcery/sourcery g++ lite/bin/../lib/gcc/arm-none-linux-gnueabi/4.3.3/armv4t\libgcc.a(_arm_muldivdf3.o)
 .bss           0x00000000        0x0 c:/program files (x86)/codesourcery/sourcery g++ lite/bin/../lib/gcc/arm-none-linux-gnueabi/4.3.3/armv4t\libgcc.a(_arm_muldivdf3.o)
 .note.GNU-stack
                0x00000000        0x0 c:/program files (x86)/codesourcery/sourcery g++ lite/bin/../lib/gcc/arm-none-linux-gnueabi/4.3.3/armv4t\libgcc.a(_arm_muldivdf3.o)
 .data          0x00000000        0x0 c:/program files (x86)/codesourcery/sourcery g++ lite/bin/../lib/gcc/arm-none-linux-gnueabi/4.3.3/armv4t\libgcc.a(_arm_fixdfsi.o)
 .bss           0x00000000        0x0 c:/program files (x86)/codesourcery/sourcery g++ lite/bin/../lib/gcc/arm-none-linux-gnueabi/4.3.3/armv4t\libgcc.a(_arm_fixdfsi.o)
 .note.GNU-stack
                0x00000000        0x0 c:/program files (x86)/codesourcery/sourcery g++ lite/bin/../lib/gcc/arm-none-linux-gnueabi/4.3.3/armv4t\libgcc.a(_arm_fixdfsi.o)
 .data          0x00000000        0x0 c:/program files (x86)/codesourcery/sourcery g++ lite/bin/../lib/gcc/arm-none-linux-gnueabi/4.3.3/armv4t\libgcc.a(_arm_muldivsf3.o)
 .bss           0x00000000        0x0 c:/program files (x86)/codesourcery/sourcery g++ lite/bin/../lib/gcc/arm-none-linux-gnueabi/4.3.3/armv4t\libgcc.a(_arm_muldivsf3.o)
 .note.GNU-stack
                0x00000000        0x0 c:/program files (x86)/codesourcery/sourcery g++ lite/bin/../lib/gcc/arm-none-linux-gnueabi/4.3.3/armv4t\libgcc.a(_arm_muldivsf3.o)
 .data          0x00000000        0x0 c:/program files (x86)/codesourcery/sourcery g++ lite/bin/../lib/gcc/arm-none-linux-gnueabi/4.3.3/armv4t\libgcc.a(_aeabi_uldivmod.o)
 .bss           0x00000000        0x0 c:/program files (x86)/codesourcery/sourcery g++ lite/bin/../lib/gcc/arm-none-linux-gnueabi/4.3.3/armv4t\libgcc.a(_aeabi_uldivmod.o)
 .note.GNU-stack
                0x00000000        0x0 c:/program files (x86)/codesourcery/sourcery g++ lite/bin/../lib/gcc/arm-none-linux-gnueabi/4.3.3/armv4t\libgcc.a(_aeabi_uldivmod.o)
 .data          0x00000000        0x0 c:/program files (x86)/codesourcery/sourcery g++ lite/bin/../lib/gcc/arm-none-linux-gnueabi/4.3.3/armv4t\libgcc.a(_dvmd_lnx.o)
 .bss           0x00000000        0x0 c:/program files (x86)/codesourcery/sourcery g++ lite/bin/../lib/gcc/arm-none-linux-gnueabi/4.3.3/armv4t\libgcc.a(_dvmd_lnx.o)
 .note.GNU-stack
                0x00000000        0x0 c:/program files (x86)/codesourcery/sourcery g++ lite/bin/../lib/gcc/arm-none-linux-gnueabi/4.3.3/armv4t\libgcc.a(_dvmd_lnx.o)
 .data          0x00000000        0x0 c:/program files (x86)/codesourcery/sourcery g++ lite/bin/../lib/gcc/arm-none-linux-gnueabi/4.3.3/armv4t\libgcc.a(bpabi.o)
 .bss           0x00000000        0x0 c:/program files (x86)/codesourcery/sourcery g++ lite/bin/../lib/gcc/arm-none-linux-gnueabi/4.3.3/armv4t\libgcc.a(bpabi.o)
 .ARM.extab     0x00000000        0x0 c:/program files (x86)/codesourcery/sourcery g++ lite/bin/../lib/gcc/arm-none-linux-gnueabi/4.3.3/armv4t\libgcc.a(bpabi.o)
 .debug_frame   0x00000000        0x0 c:/program files (x86)/codesourcery/sourcery g++ lite/bin/../lib/gcc/arm-none-linux-gnueabi/4.3.3/armv4t\libgcc.a(bpabi.o)
 .note.GNU-stack
                0x00000000        0x0 c:/program files (x86)/codesourcery/sourcery g++ lite/bin/../lib/gcc/arm-none-linux-gnueabi/4.3.3/armv4t\libgcc.a(bpabi.o)
 .data          0x00000000        0x0 c:/program files (x86)/codesourcery/sourcery g++ lite/bin/../lib/gcc/arm-none-linux-gnueabi/4.3.3/armv4t\libgcc.a(_divdi3.o)
 .bss           0x00000000        0x0 c:/program files (x86)/codesourcery/sourcery g++ lite/bin/../lib/gcc/arm-none-linux-gnueabi/4.3.3/armv4t\libgcc.a(_divdi3.o)
 .ARM.extab     0x00000000        0x0 c:/program files (x86)/codesourcery/sourcery g++ lite/bin/../lib/gcc/arm-none-linux-gnueabi/4.3.3/armv4t\libgcc.a(_divdi3.o)
 .debug_frame   0x00000000        0x0 c:/program files (x86)/codesourcery/sourcery g++ lite/bin/../lib/gcc/arm-none-linux-gnueabi/4.3.3/armv4t\libgcc.a(_divdi3.o)
 .note.GNU-stack
                0x00000000        0x0 c:/program files (x86)/codesourcery/sourcery g++ lite/bin/../lib/gcc/arm-none-linux-gnueabi/4.3.3/armv4t\libgcc.a(_divdi3.o)
 .data          0x00000000        0x0 c:/program files (x86)/codesourcery/sourcery g++ lite/bin/../lib/gcc/arm-none-linux-gnueabi/4.3.3/armv4t\libgcc.a(_udivdi3.o)
 .bss           0x00000000        0x0 c:/program files (x86)/codesourcery/sourcery g++ lite/bin/../lib/gcc/arm-none-linux-gnueabi/4.3.3/armv4t\libgcc.a(_udivdi3.o)
 .ARM.extab     0x00000000        0x0 c:/program files (x86)/codesourcery/sourcery g++ lite/bin/../lib/gcc/arm-none-linux-gnueabi/4.3.3/armv4t\libgcc.a(_udivdi3.o)
 .debug_frame   0x00000000        0x0 c:/program files (x86)/codesourcery/sourcery g++ lite/bin/../lib/gcc/arm-none-linux-gnueabi/4.3.3/armv4t\libgcc.a(_udivdi3.o)
 .note.GNU-stack
                0x00000000        0x0 c:/program files (x86)/codesourcery/sourcery g++ lite/bin/../lib/gcc/arm-none-linux-gnueabi/4.3.3/armv4t\libgcc.a(_udivdi3.o)
 .text          0x00000000        0x0 c:/program files (x86)/codesourcery/sourcery g++ lite/bin/../lib/gcc/arm-none-linux-gnueabi/4.3.3/armv4t\libgcc.a(_clz.o)
 .data          0x00000000        0x0 c:/program files (x86)/codesourcery/sourcery g++ lite/bin/../lib/gcc/arm-none-linux-gnueabi/4.3.3/armv4t\libgcc.a(_clz.o)
 .bss           0x00000000        0x0 c:/program files (x86)/codesourcery/sourcery g++ lite/bin/../lib/gcc/arm-none-linux-gnueabi/4.3.3/armv4t\libgcc.a(_clz.o)
 .note.GNU-stack
                0x00000000        0x0 c:/program files (x86)/codesourcery/sourcery g++ lite/bin/../lib/gcc/arm-none-linux-gnueabi/4.3.3/armv4t\libgcc.a(_clz.o)
 .data          0x00000000        0x0 c:\program files (x86)\codesourcery\sourcery g++ lite\bin\../arm-none-linux-gnueabi/libc/armv4t/usr/lib/libc_nonshared.a(elf-init.oS)
 .bss           0x00000000        0x0 c:\program files (x86)\codesourcery\sourcery g++ lite\bin\../arm-none-linux-gnueabi/libc/armv4t/usr/lib/libc_nonshared.a(elf-init.oS)
 .ARM.extab     0x00000000        0x0 c:\program files (x86)\codesourcery\sourcery g++ lite\bin\../arm-none-linux-gnueabi/libc/armv4t/usr/lib/libc_nonshared.a(elf-init.oS)
 .debug_frame   0x00000000        0x0 c:\program files (x86)\codesourcery\sourcery g++ lite\bin\../arm-none-linux-gnueabi/libc/armv4t/usr/lib/libc_nonshared.a(elf-init.oS)
 .note.GNU-stack
                0x00000000        0x0 c:\program files (x86)\codesourcery\sourcery g++ lite\bin\../arm-none-linux-gnueabi/libc/armv4t/usr/lib/libc_nonshared.a(elf-init.oS)
 .data          0x00000000        0x0 c:\program files (x86)\codesourcery\sourcery g++ lite\bin\../arm-none-linux-gnueabi/libc/armv4t/usr/lib/libc_nonshared.a(stat.oS)
 .bss           0x00000000        0x0 c:\program files (x86)\codesourcery\sourcery g++ lite\bin\../arm-none-linux-gnueabi/libc/armv4t/usr/lib/libc_nonshared.a(stat.oS)
 .ARM.extab     0x00000000        0x0 c:\program files (x86)\codesourcery\sourcery g++ lite\bin\../arm-none-linux-gnueabi/libc/armv4t/usr/lib/libc_nonshared.a(stat.oS)
 .debug_frame   0x00000000        0x0 c:\program files (x86)\codesourcery\sourcery g++ lite\bin\../arm-none-linux-gnueabi/libc/armv4t/usr/lib/libc_nonshared.a(stat.oS)
 .note.GNU-stack
                0x00000000        0x0 c:\program files (x86)\codesourcery\sourcery g++ lite\bin\../arm-none-linux-gnueabi/libc/armv4t/usr/lib/libc_nonshared.a(stat.oS)
 .text          0x00000000        0x0 c:/program files (x86)/codesourcery/sourcery g++ lite/bin/../lib/gcc/arm-none-linux-gnueabi/4.3.3/armv4t/crtend.o
 .data          0x00000000        0x0 c:/program files (x86)/codesourcery/sourcery g++ lite/bin/../lib/gcc/arm-none-linux-gnueabi/4.3.3/armv4t/crtend.o
 .bss           0x00000000        0x0 c:/program files (x86)/codesourcery/sourcery g++ lite/bin/../lib/gcc/arm-none-linux-gnueabi/4.3.3/armv4t/crtend.o
 .note.GNU-stack
                0x00000000        0x0 c:/program files (x86)/codesourcery/sourcery g++ lite/bin/../lib/gcc/arm-none-linux-gnueabi/4.3.3/armv4t/crtend.o
 .text          0x00000000        0x0 c:/program files (x86)/codesourcery/sourcery g++ lite/bin/../arm-none-linux-gnueabi/libc/armv4t/usr/lib/crtn.o
 .data          0x00000000        0x0 c:/program files (x86)/codesourcery/sourcery g++ lite/bin/../arm-none-linux-gnueabi/libc/armv4t/usr/lib/crtn.o
 .bss           0x00000000        0x0 c:/program files (x86)/codesourcery/sourcery g++ lite/bin/../arm-none-linux-gnueabi/libc/armv4t/usr/lib/crtn.o
 .ARM.extab.init
                0x00000000        0x0 c:/program files (x86)/codesourcery/sourcery g++ lite/bin/../arm-none-linux-gnueabi/libc/armv4t/usr/lib/crtn.o
 .ARM.extab.fini
                0x00000000        0x0 c:/program files (x86)/codesourcery/sourcery g++ lite/bin/../arm-none-linux-gnueabi/libc/armv4t/usr/lib/crtn.o
 .note.GNU-stack
                0x00000000        0x0 c:/program files (x86)/codesourcery/sourcery g++ lite/bin/../arm-none-linux-gnueabi/libc/armv4t/usr/lib/crtn.o

Memory Configuration

Name             Origin             Length             Attributes
*default*        0x00000000         0xffffffff

Linker script and memory map

LOAD c:/program files (x86)/codesourcery/sourcery g++ lite/bin/../arm-none-linux-gnueabi/libc/armv4t/usr/lib/crt1.o
LOAD c:/program files (x86)/codesourcery/sourcery g++ lite/bin/../arm-none-linux-gnueabi/libc/armv4t/usr/lib/crti.o
LOAD c:/program files (x86)/codesourcery/sourcery g++ lite/bin/../lib/gcc/arm-none-linux-gnueabi/4.3.3/armv4t/crtbegin.o
LOAD ./src/Sensors/sensors.o
LOAD ./src/Control/control_setup.o
LOAD ./src/Control/goalfinding.o
LOAD ./src/Control/lego_control.o
LOAD ./src/Control/wander.o
LOAD ./src/main.o
LOAD C:/ev3/API\libev3api.a
LOAD c:/program files (x86)/codesourcery/sourcery g++ lite/bin/../arm-none-linux-gnueabi/libc/armv4t/usr/lib/libm.so
LOAD c:/program files (x86)/codesourcery/sourcery g++ lite/bin/../lib/gcc/arm-none-linux-gnueabi/4.3.3/armv4t\libgcc.a
LOAD c:/program files (x86)/codesourcery/sourcery g++ lite/bin/../arm-none-linux-gnueabi/libc/armv4t/lib/libgcc_s.so
LOAD c:/program files (x86)/codesourcery/sourcery g++ lite/bin/../arm-none-linux-gnueabi/libc/armv4t/usr/lib/libc.so
START GROUP
LOAD c:\program files (x86)\codesourcery\sourcery g++ lite\bin\../arm-none-linux-gnueabi/libc/armv4t/lib/libc.so.6
LOAD c:\program files (x86)\codesourcery\sourcery g++ lite\bin\../arm-none-linux-gnueabi/libc/armv4t/usr/lib/libc_nonshared.a
LOAD c:\program files (x86)\codesourcery\sourcery g++ lite\bin\../arm-none-linux-gnueabi/libc/armv4t/lib/ld-linux.so.3
END GROUP
LOAD c:/program files (x86)/codesourcery/sourcery g++ lite/bin/../lib/gcc/arm-none-linux-gnueabi/4.3.3/armv4t\libgcc.a
LOAD c:/program files (x86)/codesourcery/sourcery g++ lite/bin/../arm-none-linux-gnueabi/libc/armv4t/lib/libgcc_s.so
LOAD c:/program files (x86)/codesourcery/sourcery g++ lite/bin/../lib/gcc/arm-none-linux-gnueabi/4.3.3/armv4t/crtend.o
LOAD c:/program files (x86)/codesourcery/sourcery g++ lite/bin/../arm-none-linux-gnueabi/libc/armv4t/usr/lib/crtn.o
                0x00008000                PROVIDE (__executable_start, 0x8000)
                0x00008114                . = (0x8000 + SIZEOF_HEADERS)

.interp         0x00008114       0x13
 *(.interp)
 .interp        0x00008114       0x13 c:/program files (x86)/codesourcery/sourcery g++ lite/bin/../arm-none-linux-gnueabi/libc/armv4t/usr/lib/crti.o

.note.gnu.build-id
 *(.note.gnu.build-id)

.hash           0x00008128      0x154
 *(.hash)
 .hash          0x00008128      0x154 c:/program files (x86)/codesourcery/sourcery g++ lite/bin/../arm-none-linux-gnueabi/libc/armv4t/usr/lib/crti.o

.gnu.hash
 *(.gnu.hash)

.dynsym         0x0000827c      0x2e0
 *(.dynsym)
 .dynsym        0x0000827c      0x2e0 c:/program files (x86)/codesourcery/sourcery g++ lite/bin/../arm-none-linux-gnueabi/libc/armv4t/usr/lib/crti.o

.dynstr         0x0000855c      0x1a6
 *(.dynstr)
 .dynstr        0x0000855c      0x1a6 c:/program files (x86)/codesourcery/sourcery g++ lite/bin/../arm-none-linux-gnueabi/libc/armv4t/usr/lib/crti.o

.gnu.version    0x00008702       0x5c
 *(.gnu.version)
 .gnu.version   0x00008702       0x5c c:/program files (x86)/codesourcery/sourcery g++ lite/bin/../arm-none-linux-gnueabi/libc/armv4t/usr/lib/crti.o

.gnu.version_d  0x00008760        0x0 load address 0x0000875e
 *(.gnu.version_d)
 .gnu.version_d
                0x00000000        0x0 c:/program files (x86)/codesourcery/sourcery g++ lite/bin/../arm-none-linux-gnueabi/libc/armv4t/usr/lib/crti.o

.gnu.version_r  0x00008760       0x40
 *(.gnu.version_r)
 .gnu.version_r
                0x00008760       0x40 c:/program files (x86)/codesourcery/sourcery g++ lite/bin/../arm-none-linux-gnueabi/libc/armv4t/usr/lib/crti.o

.rel.dyn        0x000087a0        0x8
 *(.rel.init)
 *(.rel.text .rel.text.* .rel.gnu.linkonce.t.*)
 *(.rel.fini)
 *(.rel.rodata .rel.rodata.* .rel.gnu.linkonce.r.*)
 *(.rel.data.rel.ro* .rel.gnu.linkonce.d.rel.ro.*)
 *(.rel.data .rel.data.* .rel.gnu.linkonce.d.*)
 *(.rel.tdata .rel.tdata.* .rel.gnu.linkonce.td.*)
 *(.rel.tbss .rel.tbss.* .rel.gnu.linkonce.tb.*)
 *(.rel.ctors)
 *(.rel.dtors)
 *(.rel.got)
 .rel.got       0x000087a0        0x8 c:/program files (x86)/codesourcery/sourcery g++ lite/bin/../arm-none-linux-gnueabi/libc/armv4t/usr/lib/crti.o
 *(.rel.bss .rel.bss.* .rel.gnu.linkonce.b.*)
 .rel.bss       0x00000000        0x0 c:/program files (x86)/codesourcery/sourcery g++ lite/bin/../arm-none-linux-gnueabi/libc/armv4t/usr/lib/crti.o

.rel.ifunc.dyn
 *(.rel.ifunc.*)

.rela.dyn
 *(.rela.init)
 *(.rela.text .rela.text.* .rela.gnu.linkonce.t.*)
 *(.rela.fini)
 *(.rela.rodata .rela.rodata.* .rela.gnu.linkonce.r.*)
 *(.rela.data .rela.data.* .rela.gnu.linkonce.d.*)
 *(.rela.tdata .rela.tdata.* .rela.gnu.linkonce.td.*)
 *(.rela.tbss .rela.tbss.* .rela.gnu.linkonce.tb.*)
 *(.rela.ctors)
 *(.rela.dtors)
 *(.rela.got)
 *(.rela.bss .rela.bss.* .rela.gnu.linkonce.b.*)

.rela.ifunc.dyn
 *(.rela.ifunc.*)

.rel.plt        0x000087a8      0x140
 *(.rel.plt)
 .rel.plt       0x000087a8      0x140 c:/program files (x86)/codesourcery/sourcery g++ lite/bin/../arm-none-linux-gnueabi/libc/armv4t/usr/lib/crti.o

.rela.plt
 *(.rela.plt)

.init           0x000088e8       0x10
 *(.init)
 .init          0x000088e8        0x8 c:/program files (x86)/codesourcery/sourcery g++ lite/bin/../arm-none-linux-gnueabi/libc/armv4t/usr/lib/crti.o
                0x000088e8                _init
 .init          0x000088f0        0x8 c:/program files (x86)/codesourcery/sourcery g++ lite/bin/../arm-none-linux-gnueabi/libc/armv4t/usr/lib/crtn.o

.plt            0x000088f8      0x1f4
 *(.plt)
 .plt           0x000088f8      0x1f4 c:/program files (x86)/codesourcery/sourcery g++ lite/bin/../arm-none-linux-gnueabi/libc/armv4t/usr/lib/crti.o
                0x0000890c                open@@GLIBC_2.4
                0x00008918                mmap@@GLIBC_2.4
                0x00008924                abort@@GLIBC_2.4
                0x00008930                __xstat@@GLIBC_2.4
                0x0000893c                __libc_start_main@@GLIBC_2.4
                0x00008954                vsnprintf@@GLIBC_2.4
                0x00008960                vsprintf@@GLIBC_2.4
                0x0000896c                fclose@@GLIBC_2.4
                0x00008978                dirname@@GLIBC_2.4
                0x00008984                fopen@@GLIBC_2.4
                0x00008990                memset@@GLIBC_2.4
                0x0000899c                strrchr@@GLIBC_2.4
                0x000089a8                setitimer@@GLIBC_2.4
                0x000089b4                usleep@@GLIBC_2.4
                0x000089c0                read@@GLIBC_2.4
                0x000089cc                write@@GLIBC_2.4
                0x000089d8                gettimeofday@@GLIBC_2.4
                0x000089e4                ioctl@@GLIBC_2.4
                0x000089f0                strlen@@GLIBC_2.4
                0x000089fc                sscanf@@GLIBC_2.4
                0x00008a08                __xpg_basename@@GLIBC_2.4
                0x00008a14                strcpy@@GLIBC_2.4
                0x00008a20                strncat@@GLIBC_2.4
                0x00008a2c                raise@@GLIBC_2.4
                0x00008a38                strstr@@GLIBC_2.4
                0x00008a44                close@@GLIBC_2.4
                0x00008a50                fwrite@@GLIBC_2.4
                0x00008a5c                fprintf@@GLIBC_2.4
                0x00008a68                strdup@@GLIBC_2.4
                0x00008a74                malloc@@GLIBC_2.4
                0x00008a80                sigaction@@GLIBC_2.4
                0x00008a8c                fputc@@GLIBC_2.4
                0x00008a98                strcat@@GLIBC_2.4
                0x00008aa4                memmove@@GLIBC_2.4
                0x00008ab0                puts@@GLIBC_2.4
                0x00008abc                munmap@@GLIBC_2.4
                0x00008ac8                nanosleep@@GLIBC_2.4
                0x00008ad4                exit@@GLIBC_2.4
                0x00008ae0                fputs@@GLIBC_2.4

.text           0x00008af0     0x8b58
 *(.text .stub .text.* .gnu.linkonce.t.*)
 .text          0x00008af0       0x38 c:/program files (x86)/codesourcery/sourcery g++ lite/bin/../arm-none-linux-gnueabi/libc/armv4t/usr/lib/crt1.o
                0x00008af0                _start
 .text          0x00008b28       0x2c c:/program files (x86)/codesourcery/sourcery g++ lite/bin/../arm-none-linux-gnueabi/libc/armv4t/usr/lib/crti.o
 .text          0x00008b54       0x50 c:/program files (x86)/codesourcery/sourcery g++ lite/bin/../lib/gcc/arm-none-linux-gnueabi/4.3.3/armv4t/crtbegin.o
 .text.setUpSensors
                0x00008ba4       0x58 ./src/Sensors/sensors.o
                0x00008ba4                setUpSensors
 .text.readColorSensor
                0x00008bfc       0x30 ./src/Sensors/sensors.o
                0x00008bfc                readColorSensor
 .text.readUltraSonicSensor
                0x00008c2c       0x40 ./src/Sensors/sensors.o
                0x00008c2c                readUltraSonicSensor
 *fill*         0x00008c6c        0x4 00000000
 .text.goalfinding
                0x00008c70      0x108 ./src/Control/goalfinding.o
                0x00008c70                goalfinding
 .text.goalfindingspin
                0x00008d78      0x148 ./src/Control/goalfinding.o
                0x00008d78                goalfindingspin
 .text.turnVehicledeg
                0x00008ec0       0xe0 ./src/Control/lego_control.o
                0x00008ec0                turnVehicledeg
 .text.goForward
                0x00008fa0       0x90 ./src/Control/lego_control.o
                0x00008fa0                goForward
 .text.wander   0x00009030      0x110 ./src/Control/wander.o
                0x00009030                wander
 .text.main     0x00009140       0xbc ./src/main.o
                0x00009140                main
 .text          0x000091fc      0x604 C:/ev3/API\libev3api.a(ev3_button.o)
                0x00009464                ButtonWaitForPress
                0x00009300                readButtons
                0x00009384                buttonClear
                0x000093d8                ButtonWaitForAnyPress
                0x00009318                ButtonIsUp
                0x0000966c                SetLedPattern
                0x00009298                LedWarning
                0x00009714                ButtonLedExit
                0x000091fc                checkButtons
                0x000095dc                WriteToButtonLedDevice
                0x00009734                ButtonLedInit
                0x000097c8                SetLedWarning
                0x00009380                ButtonPressedEx
                0x00009260                MappedPattern
                0x000092d8                getButtons
                0x00009578                HardwareVersion
                0x000096a0                ButtonLedCloseDevices
                0x00009518                ButtonWaitForPressAndRelease
                0x000093a0                ButtonLedClose
                0x0000961c                UpdateLed
                0x00009360                ReadButtonEx
                0x0000953c                HardwareVersionString
                0x00009334                ButtonIsDown
                0x00009238                ButtonLedInitialized
                0x00009348                ButtonState
                0x00009480                ButtonWaitForAnyEvent
                0x000092b4                LedPattern
                0x000093bc                ButtonLedOpen
 .text          0x00009800     0x1430 C:/ev3/API\libev3api.a(ev3_output.o)
                0x0000a90c                OnForEx
                0x00009998                OutputGetActualSpeed
                0x00009ca4                ResetRotationCount
                0x0000a8f4                OffEx
                0x000099d4                MotorBlockTachoCount
                0x00009ca8                OutputTimeSyncEx
                0x0000a580                SetSpeed
                0x0000a05c                RotateMotorRampNoWait
                0x00009af0                OutputTest
                0x00009874                OutputInitialized
                0x0000a584                OutputReset
                0x0000a824                OutputStop
                0x0000a0c8                RotateMotorNoWaitEx
                0x00009c04                OutputClearCount
                0x00009f8c                OutputStepSpeedEx
                0x0000a9e4                OnFwdEx
                0x0000a290                OutputStepPowerEx
                0x0000a360                OutputPolarity
                0x0000989c                OutputRead
                0x00009bc4                WriteToPWMDevice
                0x0000a404                OutputStartEx
                0x0000a084                RotateMotorRamp
                0x000099b8                MotorTachoCount
                0x0000ab68                OutputInit
                0x0000a17c                RotateMotorEx
                0x0000aa78                ResetOutputs
                0x00009a0c                MotorActualSpeed
                0x0000a3cc                SetDirection
                0x0000aaa0                OutputExit
                0x0000a900                OnEx
                0x0000a8e8                FloatEx
                0x0000a510                SetPower
                0x00009a44                OutputState
                0x00009800                OutputToMotorNum
                0x0000a6a0                OutputSetTypes
                0x0000a600                ResetTachoCount
                0x0000ab28                OutputOpen
                0x0000a3fc                Toggle
                0x00009dc8                OutputStepSyncEx
                0x00009974                OutputGetTachoCount
                0x0000a4a4                OutputPower
                0x0000a950                OnRevEx
                0x0000a890                SetOutputEx
                0x0000a5e8                ResetAllTachoCounts
                0x00009ebc                OutputTimeSpeedEx
                0x0000a3f4                Fwd
                0x0000ab10                OutputClose
                0x000099f0                MotorPower
                0x00009a28                MotorRotationCount
                0x0000a1c0                OutputTimePowerEx
                0x0000a608                ResetBlockTachoCount
                0x0000a690                OnRevSyncEx
                0x00009ba8                MotorBusy
                0x0000a60c                ResetCount
                0x00009950                OutputGetCount
                0x0000a760                OutputSetTypesArray
                0x00009d9c                OnForSyncEx
                0x0000a604                ResetBlockAndTachoCount
                0x0000a7f0                OutputProgramStop
                0x0000a514                OutputSpeed
                0x0000a778                OutputSetType
                0x0000a3ec                Rev
                0x0000aa1c                OnFwdRegEx
                0x0000a988                OnRevRegEx
                0x0000a654                OnFwdSyncEx
                0x00009858                DecodeOutputs
 .text          0x0000ac30       0x80 C:/ev3/API\libev3api.a(ev3.o)
                0x0000ac40                FreeEV3
                0x0000ac70                InitEV3
                0x0000ac30                EV3IsInitialized
 .text          0x0000acb0      0x8e0 C:/ev3/API\libev3api.a(ev3_sensor.o)
                0x0000b110                SetSensorMode
                0x0000b118                SetIRBeaconCH
                0x0000ae48                ReadSensor
                0x0000ad4c                readIicSensor
                0x0000acb0                SensorsInitialized
                0x0000adb8                readNxtColor
                0x0000adc0                ReadSensorData
                0x0000ad0c                readUartSensor
                0x0000b12c                SensorsExit
                0x0000ada4                readOldDumbSensor
                0x0000ad8c                readNewDumbSensor
                0x0000b1b0                SensorsInit
                0x0000b2ec                SetAllSensorMode
 .text          0x0000b590     0x2f98 C:/ev3/API\libev3api.a(ev3_lcd.o)
                0x0000e2fc                LcdUpdate
                0x0000b8d0                dLcdDrawPixel
                0x0000cd04                CmdDrawLine
                0x0000c880                vasprintf
                0x0000b9e4                dLcdDrawChar
                0x0000df54                LcdScroll
                0x0000c59c                DisplayLineX
                0x0000b5a8                dLcdGetFontHeight
                0x0000b770                lcdToFrameBuffer
                0x0000cc00                DisplayDraw
                0x0000c210                LcdText
                0x0000d8d0                CmdDrawCircle
                0x0000c394                DisplayClrPixel
                0x0000c200                reverse_bits
                0x0000c8d8                LcdPrintf
                0x0000bf34                dLcdDrawBitmap
                0x0000b8a8                LcdInitialized
                0x0000c1e4                LcdGetDisplay
                0x0000c1ac                LcdSelectFont
                0x0000dabc                Ev3Clear
                0x0000d2dc                CmdDrawEllipse
                0x0000e250                TermPrintln
                0x0000b608                dLcdGetNumIcons
                0x0000b5c0                dLcdGetIconBits
                0x0000d064                CmdDrawRect
                0x0000e428                LcdInit
                0x0000c340                DisplaySetPixel
                0x0000bdac                dLcdDrawPicture
                0x0000cb18                LcdTextf
                0x0000c31c                DisplayLineHeight
                0x0000d970                LcdFillWindow
                0x0000cff4                LineOutEx
                0x0000cb64                asprintf
                0x0000dacc                LcdBmpFile
                0x0000e328                LcdSplash
                0x0000c828                LcdSetCursorX
                0x0000caa4                Ev3Printf
                0x0000d854                EllipseOutEx
                0x0000e01c                TermPrintf
                0x0000c724                DisplayFrame
                0x0000bf10                dLcdGetBitmapSize
                0x0000e2e4                LcdRefresh
                0x0000c2cc                LcdPicture
                0x0000e38c                LcdUpdateHandler
                0x0000de9c                LcdWriteDisplayToFile
                0x0000b590                dLcdGetFontWidth
                0x0000c848                LcdGetCursorX
                0x0000c19c                LcdSetAutoRefresh
                0x0000cb8c                DisplayErase
                0x0000c43c                DisplayFillScreen
                0x0000b5f0                dLcdGetIconHeight
                0x0000db60                _lcdWriteBytesToFile
                0x0000c268                LcdIcon
                0x0000e4e8                WriteToLcdDevice
                0x0000bd2c                dLcdDrawText
                0x0000c838                LcdSetCursorY
                0x0000df18                LcdWriteFrameBufferToFile
                0x0000d1c4                RectOutEx
                0x0000da6c                LcdClean
                0x0000c670                DisplayLineY
                0x0000cbb4                DisplayEraseLine
                0x0000c3e8                DisplayXorPixel
                0x0000e28c                doUpdateScreen
                0x0000b97c                dLcdReadPixel
                0x0000ded8                LcdGetFrameBuffer
                0x0000b5d8                dLcdGetIconWidth
                0x0000c7ac                CmdResolveDrawingMode
                0x0000c868                LcdResetCursor
                0x0000cadc                Ev3Println
                0x0000e3a4                LcdCloseDevices
                0x0000c858                LcdGetCursorY
                0x0000e3f8                LcdExit
                0x0000b638                frameBufferToLcd
                0x0000d904                CircleOutEx
                0x0000be6c                dLcdDrawIcon
                0x0000d238                CmdSetPixel
                0x0000d288                PointOutEx
 .text          0x0000e528      0x724 C:/ev3/API\libev3api.a(ev3_timer.o)
                0x0000e804                TimerGetMS
                0x0000e89c                ClearTimer
                0x0000e528                _timerSigHandler
                0x0000ea2c                ClearTimerUS
                0x0000ec1c                TimerReady
                0x0000ea58                TimerUS
                0x0000e730                SetTimerCallback
                0x0000ea88                _timerCallbackInit
                0x0000e9a8                TimerWait
                0x0000e94c                ClearTimerMS
                0x0000e9ec                SetTimerUS
                0x0000e85c                SetTimer
                0x0000e8c8                FastTimer
                0x0000e9bc                TimerGetUS
                0x0000e8f8                Timer
                0x0000e978                TimerMS
                0x0000eb88                TimerInit
                0x0000e90c                SetTimerMS
                0x0000e840                TimerGetCS
 .text          0x0000ec4c       0x48 C:/ev3/API\libev3api.a(ev3_command.o)
                0x0000ec4c                Wait
 .text          0x0000ec94      0xefc C:/ev3/API\libev3api.a(ev3_sound.o)
                0x0000f1f4                PlayTonesEx
                0x0000efac                SoundCloseDevices
                0x0000ecc4                SoundTest
                0x0000f120                ClearSound
                0x0000f71c                _playRSOFile
                0x0000eeb8                _readInt
                0x0000ee54                _readShort
                0x0000f150                SoundExit
                0x0000ef70                SoundReady
                0x0000f170                PlayToneEx
                0x0000f08c                WriteToSoundDevice
                0x0000eff4                SoundInit
                0x0000ecf4                _soundInitAdPcm
                0x0000f5bc                _playSoundSamplesFromStream
                0x0000ed18                _soundGetAdPcmValue
                0x0000fadc                PlayFileEx
                0x0000f8b0                _playWAVFile
                0x0000ec9c                SoundInitialized
                0x0000ec94                SoundOpen
                0x0000f140                SoundClose
                0x0000ee24                SoundState
                0x0000f3d0                _playRMDFile
                0x0000f0d4                StopSound
                0x0000f124                MuteSound
                0x0000f260                PlaySound
                0x0000ee40                UnmuteSound
 .text          0x0000fb90      0x114 c:/program files (x86)/codesourcery/sourcery g++ lite/bin/../lib/gcc/arm-none-linux-gnueabi/4.3.3/armv4t\libgcc.a(_udivsi3.o)
                0x0000fb90                __udivsi3
                0x0000fb90                __aeabi_uidiv
                0x0000fc84                __aeabi_uidivmod
 .text          0x0000fca4      0x148 c:/program files (x86)/codesourcery/sourcery g++ lite/bin/../lib/gcc/arm-none-linux-gnueabi/4.3.3/armv4t\libgcc.a(_divsi3.o)
                0x0000fca4                __divsi3
                0x0000fdcc                __aeabi_idivmod
                0x0000fca4                __aeabi_idiv
 .text          0x0000fdec       0x1c c:/program files (x86)/codesourcery/sourcery g++ lite/bin/../lib/gcc/arm-none-linux-gnueabi/4.3.3/armv4t\libgcc.a(_lshrdi3.o)
                0x0000fdec                __aeabi_llsr
                0x0000fdec                __lshrdi3
 .text          0x0000fe08      0x41c c:/program files (x86)/codesourcery/sourcery g++ lite/bin/../lib/gcc/arm-none-linux-gnueabi/4.3.3/armv4t\libgcc.a(_arm_addsubdf3.o)
                0x000101b0                __floatundidf
                0x00010148                __floatsidf
                0x00010124                __aeabi_ui2d
                0x00010148                __aeabi_i2d
                0x00010124                __floatunsidf
                0x0000fe10                __subdf3
                0x000101c4                __floatdidf
                0x0000fe14                __adddf3
                0x000101c4                __aeabi_l2d
                0x00010170                __aeabi_f2d
                0x000101b0                __aeabi_ul2d
                0x0000fe08                __aeabi_drsub
                0x00010170                __extendsfdf2
                0x0000fe14                __aeabi_dadd
                0x0000fe10                __aeabi_dsub
 .text          0x00010224      0x49c c:/program files (x86)/codesourcery/sourcery g++ lite/bin/../lib/gcc/arm-none-linux-gnueabi/4.3.3/armv4t\libgcc.a(_arm_muldivdf3.o)
                0x00010224                __muldf3
                0x000104b4                __divdf3
                0x00010224                __aeabi_dmul
                0x000104b4                __aeabi_ddiv
 .text          0x000106c0       0x5c c:/program files (x86)/codesourcery/sourcery g++ lite/bin/../lib/gcc/arm-none-linux-gnueabi/4.3.3/armv4t\libgcc.a(_arm_fixdfsi.o)
                0x000106c0                __fixdfsi
                0x000106c0                __aeabi_d2iz
 .text          0x0001071c      0x2f8 c:/program files (x86)/codesourcery/sourcery g++ lite/bin/../lib/gcc/arm-none-linux-gnueabi/4.3.3/armv4t\libgcc.a(_arm_muldivsf3.o)
                0x000108b4                __aeabi_fdiv
                0x000108b4                __divsf3
                0x0001071c                __aeabi_fmul
                0x0001071c                __mulsf3
 .text          0x00010a14       0x3c c:/program files (x86)/codesourcery/sourcery g++ lite/bin/../lib/gcc/arm-none-linux-gnueabi/4.3.3/armv4t\libgcc.a(_aeabi_uldivmod.o)
                0x00010a14                __aeabi_uldivmod
 .text          0x00010a50       0x14 c:/program files (x86)/codesourcery/sourcery g++ lite/bin/../lib/gcc/arm-none-linux-gnueabi/4.3.3/armv4t\libgcc.a(_dvmd_lnx.o)
                0x00010a50                __aeabi_idiv0
                0x00010a50                __aeabi_ldiv0
 .text          0x00010a64       0x80 c:/program files (x86)/codesourcery/sourcery g++ lite/bin/../lib/gcc/arm-none-linux-gnueabi/4.3.3/armv4t\libgcc.a(bpabi.o)
                0x00010aa4                __gnu_ldivmod_helper
                0x00010a64                __gnu_uldivmod_helper
 .text          0x00010ae4      0x5a4 c:/program files (x86)/codesourcery/sourcery g++ lite/bin/../lib/gcc/arm-none-linux-gnueabi/4.3.3/armv4t\libgcc.a(_divdi3.o)
                0x00010ae4                __divdi3
 .text          0x00011088      0x52c c:/program files (x86)/codesourcery/sourcery g++ lite/bin/../lib/gcc/arm-none-linux-gnueabi/4.3.3/armv4t\libgcc.a(_udivdi3.o)
                0x00011088                __udivdi3
 .text          0x000115b4       0x78 c:\program files (x86)\codesourcery\sourcery g++ lite\bin\../arm-none-linux-gnueabi/libc/armv4t/usr/lib/libc_nonshared.a(elf-init.oS)
                0x000115b4                __libc_csu_fini
                0x000115b8                __libc_csu_init
 .text          0x0001162c       0x1c c:\program files (x86)\codesourcery\sourcery g++ lite\bin\../arm-none-linux-gnueabi/libc/armv4t/usr/lib/libc_nonshared.a(stat.oS)
                0x0001162c                __stat
                0x0001162c                stat
 *(.gnu.warning)
 *(.glue_7t)
 .glue_7t       0x00000000        0x0 linker stubs
 *(.glue_7)
 .glue_7        0x00000000        0x0 linker stubs
 *(.vfp11_veneer)
 .vfp11_veneer  0x00000000        0x0 linker stubs
 *(.v4_bx)
 .v4_bx         0x00000000        0x0 linker stubs

.fini           0x00011648        0xc
 *(.fini)
 .fini          0x00011648        0x4 c:/program files (x86)/codesourcery/sourcery g++ lite/bin/../arm-none-linux-gnueabi/libc/armv4t/usr/lib/crti.o
                0x00011648                _fini
 .fini          0x0001164c        0x8 c:/program files (x86)/codesourcery/sourcery g++ lite/bin/../arm-none-linux-gnueabi/libc/armv4t/usr/lib/crtn.o
                0x00011654                PROVIDE (__etext, .)
                0x00011654                PROVIDE (_etext, .)
                0x00011654                PROVIDE (etext, .)

.rodata         0x00011654      0x47d
 *(.rodata .rodata.* .gnu.linkonce.r.*)
 .rodata        0x00011654       0x4c ./src/Sensors/sensors.o
 .rodata        0x000116a0       0x28 ./src/main.o
 .rodata.str1.1
                0x000116c8        0xf C:/ev3/API\libev3api.a(ev3_button.o)
                                 0x10 (size before relaxing)
 .rodata.str1.1
                0x000116d7       0x22 C:/ev3/API\libev3api.a(ev3_output.o)
 .rodata.str1.1
                0x000116f9       0x2b C:/ev3/API\libev3api.a(ev3_sensor.o)
 .rodata        0x00011724      0x100 C:/ev3/API\libev3api.a(ev3_lcd.o)
 .rodata.str1.1
                0x00011824       0xc1 C:/ev3/API\libev3api.a(ev3_lcd.o)
 *fill*         0x000118e5        0x1 00
 .rodata        0x000118e6       0xd2 C:/ev3/API\libev3api.a(ev3_sound.o)
                0x000118e6                StepSizeTable
                0x00011998                IndexTable
 .rodata.str1.1
                0x000119b8       0x19 C:/ev3/API\libev3api.a(ev3_sound.o)
 .rodata        0x000119d1      0x100 c:/program files (x86)/codesourcery/sourcery g++ lite/bin/../lib/gcc/arm-none-linux-gnueabi/4.3.3/armv4t\libgcc.a(_clz.o)
                0x000119d1                __clz_tab

.rodata1
 *(.rodata1)

.ARM.extab      0x00011ad4      0x18c
 *(.ARM.extab* .gnu.linkonce.armextab.*)
 .ARM.extab.text.setUpSensors
                0x00011ad4        0xc ./src/Sensors/sensors.o
 .ARM.extab.text.readColorSensor
                0x00011ae0        0xc ./src/Sensors/sensors.o
 .ARM.extab.text.readUltraSonicSensor
                0x00011aec        0xc ./src/Sensors/sensors.o
 .ARM.extab.text.goalfinding
                0x00011af8        0xc ./src/Control/goalfinding.o
 .ARM.extab.text.goalfindingspin
                0x00011b04        0xc ./src/Control/goalfinding.o
 .ARM.extab.text.turnVehicledeg
                0x00011b10        0xc ./src/Control/lego_control.o
 .ARM.extab.text.goForward
                0x00011b1c        0xc ./src/Control/lego_control.o
 .ARM.extab.text.wander
                0x00011b28        0xc ./src/Control/wander.o
 .ARM.extab.text.main
                0x00011b34        0xc ./src/main.o
 .ARM.extab     0x00011b40       0x90 C:/ev3/API\libev3api.a(ev3_output.o)
 .ARM.extab     0x00011bd0       0x78 C:/ev3/API\libev3api.a(ev3_lcd.o)
 .ARM.extab     0x00011c48       0x18 C:/ev3/API\libev3api.a(ev3_sound.o)
                0x00011c60                __exidx_start = .

.ARM.exidx      0x00011c60      0x5d8
 *(.ARM.exidx* .gnu.linkonce.armexidx.*)
 .ARM.exidx     0x00011c70        0x0 c:/program files (x86)/codesourcery/sourcery g++ lite/bin/../arm-none-linux-gnueabi/libc/armv4t/usr/lib/crt1.o
                                  0x8 (size before relaxing)
 .ARM.exidx     0x00011c70        0x8 c:/program files (x86)/codesourcery/sourcery g++ lite/bin/../arm-none-linux-gnueabi/libc/armv4t/usr/lib/crti.o
 .ARM.exidx     0x00011c78       0x10 c:/program files (x86)/codesourcery/sourcery g++ lite/bin/../lib/gcc/arm-none-linux-gnueabi/4.3.3/armv4t/crtbegin.o
 .ARM.exidx.text.setUpSensors
                0x00011c88        0x8 ./src/Sensors/sensors.o
 .ARM.exidx.text.readColorSensor
                0x00011c90        0x8 ./src/Sensors/sensors.o
 .ARM.exidx.text.readUltraSonicSensor
                0x00011c98        0x8 ./src/Sensors/sensors.o
 .ARM.exidx.text.goalfinding
                0x00011ca0        0x8 ./src/Control/goalfinding.o
 .ARM.exidx.text.goalfindingspin
                0x00011ca8        0x8 ./src/Control/goalfinding.o
 .ARM.exidx.text.turnVehicledeg
                0x00011cb0        0x8 ./src/Control/lego_control.o
 .ARM.exidx.text.goForward
                0x00011cb8        0x8 ./src/Control/lego_control.o
 .ARM.exidx.text.wander
                0x00011cc0        0x8 ./src/Control/wander.o
 .ARM.exidx.text.main
                0x00011cc8        0x8 ./src/main.o
 .ARM.exidx     0x00011cd0       0x70 C:/ev3/API\libev3api.a(ev3_button.o)
                                 0xe0 (size before relaxing)
 .ARM.exidx     0x00011d40      0x178 C:/ev3/API\libev3api.a(ev3_output.o)
                                0x210 (size before relaxing)
 .ARM.exidx     0x00011eb8       0x10 C:/ev3/API\libev3api.a(ev3.o)
                                 0x18 (size before relaxing)
 .ARM.exidx     0x00011ec8       0x30 C:/ev3/API\libev3api.a(ev3_sensor.o)
                                 0x68 (size before relaxing)
 .ARM.exidx     0x00011ef8      0x1d8 C:/ev3/API\libev3api.a(ev3_lcd.o)
                                0x268 (size before relaxing)
 .ARM.exidx     0x000120d0       0x70 C:/ev3/API\libev3api.a(ev3_timer.o)
                                 0x98 (size before relaxing)
 .ARM.exidx     0x00012140        0x8 C:/ev3/API\libev3api.a(ev3_command.o)
 .ARM.exidx     0x00012148       0xb0 C:/ev3/API\libev3api.a(ev3_sound.o)
                                 0xd0 (size before relaxing)
 .ARM.exidx     0x000121f8        0x8 c:/program files (x86)/codesourcery/sourcery g++ lite/bin/../lib/gcc/arm-none-linux-gnueabi/4.3.3/armv4t\libgcc.a(bpabi.o)
                                 0x10 (size before relaxing)
 .ARM.exidx     0x00012200        0x8 c:/program files (x86)/codesourcery/sourcery g++ lite/bin/../lib/gcc/arm-none-linux-gnueabi/4.3.3/armv4t\libgcc.a(_divdi3.o)
 .ARM.exidx     0x00012208        0x0 c:/program files (x86)/codesourcery/sourcery g++ lite/bin/../lib/gcc/arm-none-linux-gnueabi/4.3.3/armv4t\libgcc.a(_udivdi3.o)
                                  0x8 (size before relaxing)
 .ARM.exidx     0x00012208       0x10 c:\program files (x86)\codesourcery\sourcery g++ lite\bin\../arm-none-linux-gnueabi/libc/armv4t/usr/lib/libc_nonshared.a(elf-init.oS)
 .ARM.exidx     0x00012218       0x10 c:\program files (x86)\codesourcery\sourcery g++ lite\bin\../arm-none-linux-gnueabi/libc/armv4t/usr/lib/libc_nonshared.a(stat.oS)
                                  0x8 (size before relaxing)
 .ARM.exidx.init
                0x00011c60       0x10 c:/program files (x86)/codesourcery/sourcery g++ lite/bin/../arm-none-linux-gnueabi/libc/armv4t/usr/lib/crtn.o
                                  0x8 (size before relaxing)
 .ARM.exidx.fini
                0x00012228       0x10 c:/program files (x86)/codesourcery/sourcery g++ lite/bin/../arm-none-linux-gnueabi/libc/armv4t/usr/lib/crtn.o
                                  0x8 (size before relaxing)
                0x00012238                __exidx_end = .

.eh_frame_hdr
 *(.eh_frame_hdr)

.eh_frame       0x00012238        0x4
 *(.eh_frame)
 .eh_frame      0x00012238        0x4 c:/program files (x86)/codesourcery/sourcery g++ lite/bin/../lib/gcc/arm-none-linux-gnueabi/4.3.3/armv4t/crtend.o

.gcc_except_table
 *(.gcc_except_table .gcc_except_table.*)
                0x0001223c                . = (ALIGN (0x8000) - ((0x8000 - .) & 0x7fff))
                0x0001a23c                . = (0x8000 DATA_SEGMENT_ALIGN 0x1000)

.eh_frame
 *(.eh_frame)

.gcc_except_table
 *(.gcc_except_table .gcc_except_table.*)

.tdata
 *(.tdata .tdata.* .gnu.linkonce.td.*)

.tbss
 *(.tbss .tbss.* .gnu.linkonce.tb.*)
 *(.tcommon)

.preinit_array  0x0001a23c        0x0
                0x0001a23c                PROVIDE (__preinit_array_start, .)
 *(.preinit_array)
                0x0001a23c                PROVIDE (__preinit_array_end, .)

.init_array     0x0001a23c        0x8
                0x0001a23c                PROVIDE (__init_array_start, .)
 *(SORT(.init_array.*))
 *(.init_array)
 .init_array    0x0001a23c        0x4 c:/program files (x86)/codesourcery/sourcery g++ lite/bin/../lib/gcc/arm-none-linux-gnueabi/4.3.3/armv4t/crtbegin.o
 .init_array    0x0001a240        0x4 C:/ev3/API\libev3api.a(ev3.o)
                0x0001a244                PROVIDE (__init_array_end, .)

.fini_array     0x0001a244        0x8
                0x0001a244                PROVIDE (__fini_array_start, .)
 *(.fini_array)
 .fini_array    0x0001a244        0x4 c:/program files (x86)/codesourcery/sourcery g++ lite/bin/../lib/gcc/arm-none-linux-gnueabi/4.3.3/armv4t/crtbegin.o
 .fini_array    0x0001a248        0x4 C:/ev3/API\libev3api.a(ev3.o)
 *(SORT(.fini_array.*))
                0x0001a24c                PROVIDE (__fini_array_end, .)

.ctors
 *crtbegin.o(.ctors)
 *crtbegin?.o(.ctors)
 *(EXCLUDE_FILE(*crtend?.o *crtend.o) .ctors)
 *(SORT(.ctors.*))
 *(.ctors)

.dtors
 *crtbegin.o(.dtors)
 *crtbegin?.o(.dtors)
 *(EXCLUDE_FILE(*crtend?.o *crtend.o) .dtors)
 *(SORT(.dtors.*))
 *(.dtors)

.jcr            0x0001a24c        0x4
 *(.jcr)
 .jcr           0x0001a24c        0x0 c:/program files (x86)/codesourcery/sourcery g++ lite/bin/../lib/gcc/arm-none-linux-gnueabi/4.3.3/armv4t/crtbegin.o
 .jcr           0x0001a24c        0x4 c:/program files (x86)/codesourcery/sourcery g++ lite/bin/../lib/gcc/arm-none-linux-gnueabi/4.3.3/armv4t/crtend.o

.data.rel.ro
 *(.data.rel.ro.local* .gnu.linkonce.d.rel.ro.local.*)
 *(.data.rel.ro* .gnu.linkonce.d.rel.ro.*)

.dynamic        0x0001a250       0xf8
 *(.dynamic)
 .dynamic       0x0001a250       0xf8 c:/program files (x86)/codesourcery/sourcery g++ lite/bin/../arm-none-linux-gnueabi/libc/armv4t/usr/lib/crti.o
                0x0001a250                _DYNAMIC
                0x0001a348                . = (. DATA_SEGMENT_RELRO_END 0x0)

.got            0x0001a348       0xb4
 *(.got.plt)
 .got.plt       0x0001a348       0xac c:/program files (x86)/codesourcery/sourcery g++ lite/bin/../arm-none-linux-gnueabi/libc/armv4t/usr/lib/crti.o
                0x0001a348                _GLOBAL_OFFSET_TABLE_
 *(.got)
 .got           0x0001a3f4        0x8 c:/program files (x86)/codesourcery/sourcery g++ lite/bin/../arm-none-linux-gnueabi/libc/armv4t/usr/lib/crti.o

.data           0x0001a3fc     0x2534
                0x0001a3fc                __data_start = .
 *(.data .data.* .gnu.linkonce.d.*)
 .data          0x0001a3fc     0x2530 C:/ev3/API\libev3api.a(ev3_lcd.o)
                0x0001a568                PixelTab
                0x0001a468                UnPixelTab
                0x0001a42c                IconInfo
                0x0001a3fc                FontInfo
                0x0001a570                Masks
 .data          0x0001c92c        0x4 C:/ev3/API\libev3api.a(ev3_timer.o)

.data1
 *(.data1)
                0x0001c930                _edata = .
                0x0001c930                PROVIDE (edata, .)
                0x0001c930                __bss_start = .
                0x0001c930                __bss_start__ = .

.bss            0x0001c930     0x2d40
 *(.dynbss)
 .dynbss        0x00000000        0x0 c:/program files (x86)/codesourcery/sourcery g++ lite/bin/../arm-none-linux-gnueabi/libc/armv4t/usr/lib/crti.o
 *(.bss .bss.* .gnu.linkonce.b.*)
 .bss           0x0001c930        0x1 c:/program files (x86)/codesourcery/sourcery g++ lite/bin/../lib/gcc/arm-none-linux-gnueabi/4.3.3/armv4t/crtbegin.o
 .bss           0x0001c931        0x1 C:/ev3/API\libev3api.a(ev3.o)
 *fill*         0x0001c932        0x2 00
 .bss           0x0001c934       0x24 C:/ev3/API\libev3api.a(ev3_sensor.o)
                0x0001c934                g_uartFile
                0x0001c944                g_iicSensors
                0x0001c940                g_uartSensors
                0x0001c948                g_analogSensors
                0x0001c93c                g_analogFile
                0x0001c938                g_iicFile
 .bss           0x0001c958        0xc C:/ev3/API\libev3api.a(ev3_lcd.o)
 *fill*         0x0001c964        0x4 00
 .bss           0x0001c968       0xe0 C:/ev3/API\libev3api.a(ev3_timer.o)
 *(COMMON)
 COMMON         0x0001ca48       0x20 C:/ev3/API\libev3api.a(ev3_button.o)
                0x0001ca48                HwVers
                0x0001ca50                ButtonLedInstance
 COMMON         0x0001ca68       0x48 C:/ev3/API\libev3api.a(ev3_output.o)
                0x0001ca68                OutputInstance
 COMMON         0x0001cab0       0x20 C:/ev3/API\libev3api.a(ev3_sensor.o)
                0x0001cab0                ir_sensor_channel
                0x0001cac0                sensor_setup_NAME
 COMMON         0x0001cad0     0x2998 C:/ev3/API\libev3api.a(ev3_lcd.o)
                0x0001cad0                LCDInstance
                0x0001d668                hwBuffer
 COMMON         0x0001f468      0x208 C:/ev3/API\libev3api.a(ev3_sound.o)
                0x0001f468                SoundInstance
                0x0001f670                . = ALIGN ((. != 0x0)?0x4:0x1)
                0x0001f670                _bss_end__ = .
                0x0001f670                __bss_end__ = .
                0x0001f670                . = ALIGN (0x4)
                0x0001f670                . = ALIGN (0x4)
                0x0001f670                __end__ = .
                0x0001f670                _end = .
                0x0001f670                PROVIDE (end, .)
                0x0001f670                . = DATA_SEGMENT_END (.)

.stab
 *(.stab)

.stabstr
 *(.stabstr)

.stab.excl
 *(.stab.excl)

.stab.exclstr
 *(.stab.exclstr)

.stab.index
 *(.stab.index)

.stab.indexstr
 *(.stab.indexstr)

.ARM.attributes
                0x00000000       0x2d
 .ARM.attributes
                0x00000000       0x26 c:/program files (x86)/codesourcery/sourcery g++ lite/bin/../arm-none-linux-gnueabi/libc/armv4t/usr/lib/crt1.o
 .ARM.attributes
                0x00000026       0x2a c:/program files (x86)/codesourcery/sourcery g++ lite/bin/../arm-none-linux-gnueabi/libc/armv4t/usr/lib/crti.o
 .ARM.attributes
                0x00000050       0x2a c:/program files (x86)/codesourcery/sourcery g++ lite/bin/../lib/gcc/arm-none-linux-gnueabi/4.3.3/armv4t/crtbegin.o
 .ARM.attributes
                0x0000007a       0x2c ./src/Sensors/sensors.o
 .ARM.attributes
                0x000000a6       0x2c ./src/Control/control_setup.o
 .ARM.attributes
                0x000000d2       0x2c ./src/Control/goalfinding.o
 .ARM.attributes
                0x000000fe       0x2c ./src/Control/lego_control.o
 .ARM.attributes
                0x0000012a       0x2c ./src/Control/wander.o
 .ARM.attributes
                0x00000156       0x2c ./src/main.o
 .ARM.attributes
                0x00000182       0x31 C:/ev3/API\libev3api.a(ev3_button.o)
 .ARM.attributes
                0x000001b3       0x31 C:/ev3/API\libev3api.a(ev3_output.o)
 .ARM.attributes
                0x000001e4       0x31 C:/ev3/API\libev3api.a(ev3.o)
 .ARM.attributes
                0x00000215       0x31 C:/ev3/API\libev3api.a(ev3_sensor.o)
 .ARM.attributes
                0x00000246       0x31 C:/ev3/API\libev3api.a(ev3_lcd.o)
 .ARM.attributes
                0x00000277       0x31 C:/ev3/API\libev3api.a(ev3_timer.o)
 .ARM.attributes
                0x000002a8       0x31 C:/ev3/API\libev3api.a(ev3_command.o)
 .ARM.attributes
                0x000002d9       0x31 C:/ev3/API\libev3api.a(ev3_sound.o)
 .ARM.attributes
                0x0000030a       0x1a c:/program files (x86)/codesourcery/sourcery g++ lite/bin/../lib/gcc/arm-none-linux-gnueabi/4.3.3/armv4t\libgcc.a(_udivsi3.o)
 .ARM.attributes
                0x00000324       0x1a c:/program files (x86)/codesourcery/sourcery g++ lite/bin/../lib/gcc/arm-none-linux-gnueabi/4.3.3/armv4t\libgcc.a(_divsi3.o)
 .ARM.attributes
                0x0000033e       0x1a c:/program files (x86)/codesourcery/sourcery g++ lite/bin/../lib/gcc/arm-none-linux-gnueabi/4.3.3/armv4t\libgcc.a(_lshrdi3.o)
 .ARM.attributes
                0x00000358       0x1a c:/program files (x86)/codesourcery/sourcery g++ lite/bin/../lib/gcc/arm-none-linux-gnueabi/4.3.3/armv4t\libgcc.a(_arm_addsubdf3.o)
 .ARM.attributes
                0x00000372       0x1a c:/program files (x86)/codesourcery/sourcery g++ lite/bin/../lib/gcc/arm-none-linux-gnueabi/4.3.3/armv4t\libgcc.a(_arm_muldivdf3.o)
 .ARM.attributes
                0x0000038c       0x1a c:/program files (x86)/codesourcery/sourcery g++ lite/bin/../lib/gcc/arm-none-linux-gnueabi/4.3.3/armv4t\libgcc.a(_arm_fixdfsi.o)
 .ARM.attributes
                0x000003a6       0x1a c:/program files (x86)/codesourcery/sourcery g++ lite/bin/../lib/gcc/arm-none-linux-gnueabi/4.3.3/armv4t\libgcc.a(_arm_muldivsf3.o)
 .ARM.attributes
                0x000003c0       0x1a c:/program files (x86)/codesourcery/sourcery g++ lite/bin/../lib/gcc/arm-none-linux-gnueabi/4.3.3/armv4t\libgcc.a(_aeabi_uldivmod.o)
 .ARM.attributes
                0x000003da       0x1a c:/program files (x86)/codesourcery/sourcery g++ lite/bin/../lib/gcc/arm-none-linux-gnueabi/4.3.3/armv4t\libgcc.a(_dvmd_lnx.o)
 .ARM.attributes
                0x000003f4       0x2a c:/program files (x86)/codesourcery/sourcery g++ lite/bin/../lib/gcc/arm-none-linux-gnueabi/4.3.3/armv4t\libgcc.a(bpabi.o)
 .ARM.attributes
                0x0000041e       0x2a c:/program files (x86)/codesourcery/sourcery g++ lite/bin/../lib/gcc/arm-none-linux-gnueabi/4.3.3/armv4t\libgcc.a(_divdi3.o)
 .ARM.attributes
                0x00000448       0x2a c:/program files (x86)/codesourcery/sourcery g++ lite/bin/../lib/gcc/arm-none-linux-gnueabi/4.3.3/armv4t\libgcc.a(_udivdi3.o)
 .ARM.attributes
                0x00000472       0x2a c:/program files (x86)/codesourcery/sourcery g++ lite/bin/../lib/gcc/arm-none-linux-gnueabi/4.3.3/armv4t\libgcc.a(_clz.o)
 .ARM.attributes
                0x0000049c       0x2a c:\program files (x86)\codesourcery\sourcery g++ lite\bin\../arm-none-linux-gnueabi/libc/armv4t/usr/lib/libc_nonshared.a(elf-init.oS)
 .ARM.attributes
                0x000004c6       0x2a c:\program files (x86)\codesourcery\sourcery g++ lite\bin\../arm-none-linux-gnueabi/libc/armv4t/usr/lib/libc_nonshared.a(stat.oS)
 .ARM.attributes
                0x000004f0       0x2a c:/program files (x86)/codesourcery/sourcery g++ lite/bin/../lib/gcc/arm-none-linux-gnueabi/4.3.3/armv4t/crtend.o
 .ARM.attributes
                0x0000051a       0x2a c:/program files (x86)/codesourcery/sourcery g++ lite/bin/../arm-none-linux-gnueabi/libc/armv4t/usr/lib/crtn.o

.comment        0x00000000      0x25a
 *(.comment)
 .comment       0x00000000       0x2b ./src/Sensors/sensors.o
 .comment       0x0000002b       0x2b ./src/Control/control_setup.o
 .comment       0x00000056       0x2b ./src/Control/goalfinding.o
 .comment       0x00000081       0x2b ./src/Control/lego_control.o
 .comment       0x000000ac       0x2b ./src/Control/wander.o
 .comment       0x000000d7       0x2b ./src/main.o
 .comment       0x00000102       0x2b C:/ev3/API\libev3api.a(ev3_button.o)
 .comment       0x0000012d       0x2b C:/ev3/API\libev3api.a(ev3_output.o)
 .comment       0x00000158       0x2b C:/ev3/API\libev3api.a(ev3.o)
 .comment       0x00000183       0x2b C:/ev3/API\libev3api.a(ev3_sensor.o)
 .comment       0x000001ae       0x2b C:/ev3/API\libev3api.a(ev3_lcd.o)
 .comment       0x000001d9       0x2b C:/ev3/API\libev3api.a(ev3_timer.o)
 .comment       0x00000204       0x2b C:/ev3/API\libev3api.a(ev3_command.o)
 .comment       0x0000022f       0x2b C:/ev3/API\libev3api.a(ev3_sound.o)

.debug
 *(.debug)

.line
 *(.line)

.debug_srcinfo
 *(.debug_srcinfo)

.debug_sfnames
 *(.debug_sfnames)

.debug_aranges
 *(.debug_aranges)

.debug_pubnames
 *(.debug_pubnames)

.debug_info
 *(.debug_info .gnu.linkonce.wi.*)

.debug_abbrev
 *(.debug_abbrev)

.debug_line
 *(.debug_line)

.debug_frame
 *(.debug_frame)

.debug_str
 *(.debug_str)

.debug_loc
 *(.debug_loc)

.debug_macinfo
 *(.debug_macinfo)

.debug_weaknames
 *(.debug_weaknames)

.debug_funcnames
 *(.debug_funcnames)

.debug_typenames
 *(.debug_typenames)

.debug_varnames
 *(.debug_varnames)

.debug_pubtypes
 *(.debug_pubtypes)

.debug_ranges
 *(.debug_ranges)

.gnu.attributes
 *(.gnu.attributes)

.note.gnu.arm.ident
 *(.note.gnu.arm.ident)

/DISCARD/
 *(.note.GNU-stack)
 *(.gnu_debuglink)
OUTPUT(robotics_planner.elf elf32-littlearm)
