Archive member included because of file (symbol)

C:/ev3/API\libev3api.a(ev3_button.o)
                              ./src/Control/wander.o (ButtonIsDown)
C:/ev3/API\libev3api.a(ev3_output.o)
                              ./src/Control/control_setup.o (OutputInitialized)
C:/ev3/API\libev3api.a(ev3.o)
                              ./src/Sensors/sensors.o (FreeEV3)
C:/ev3/API\libev3api.a(ev3_sensor.o)
                              ./src/Sensors/sensors.o (SensorsInitialized)
C:/ev3/API\libev3api.a(ev3_lcd.o)
                              C:/ev3/API\libev3api.a(ev3.o) (LcdClean)
C:/ev3/API\libev3api.a(ev3_timer.o)
                              C:/ev3/API\libev3api.a(ev3_lcd.o) (SetTimerCallback)
C:/ev3/API\libev3api.a(ev3_command.o)
                              ./src/Control/lego_control.o (Wait)
C:/ev3/API\libev3api.a(ev3_sound.o)
                              C:/ev3/API\libev3api.a(ev3.o) (SoundInit)
c:/program files (x86)/codesourcery/sourcery g++ lite/bin/../lib/gcc/arm-none-linux-gnueabi/4.3.3/armv4t\libgcc.a(_udivsi3.o)
                              C:/ev3/API\libev3api.a(ev3_timer.o) (__aeabi_uidiv)
c:/program files (x86)/codesourcery/sourcery g++ lite/bin/../lib/gcc/arm-none-linux-gnueabi/4.3.3/armv4t\libgcc.a(_divsi3.o)
                              C:/ev3/API\libev3api.a(ev3_output.o) (__aeabi_idiv)
c:/program files (x86)/codesourcery/sourcery g++ lite/bin/../lib/gcc/arm-none-linux-gnueabi/4.3.3/armv4t\libgcc.a(_lshrdi3.o)
                              C:/ev3/API\libev3api.a(ev3_sensor.o) (__aeabi_llsr)
c:/program files (x86)/codesourcery/sourcery g++ lite/bin/../lib/gcc/arm-none-linux-gnueabi/4.3.3/armv4t\libgcc.a(_arm_addsubdf3.o)
                              ./src/Control/goalfinding.o (__aeabi_i2d)
c:/program files (x86)/codesourcery/sourcery g++ lite/bin/../lib/gcc/arm-none-linux-gnueabi/4.3.3/armv4t\libgcc.a(_arm_muldivdf3.o)
                              ./src/Control/lego_control.o (__aeabi_dmul)
c:/program files (x86)/codesourcery/sourcery g++ lite/bin/../lib/gcc/arm-none-linux-gnueabi/4.3.3/armv4t\libgcc.a(_arm_fixdfsi.o)
                              ./src/Control/lego_control.o (__aeabi_d2iz)
c:/program files (x86)/codesourcery/sourcery g++ lite/bin/../lib/gcc/arm-none-linux-gnueabi/4.3.3/armv4t\libgcc.a(_arm_muldivsf3.o)
                              C:/ev3/API\libev3api.a(ev3_button.o) (__aeabi_fmul)
c:/program files (x86)/codesourcery/sourcery g++ lite/bin/../lib/gcc/arm-none-linux-gnueabi/4.3.3/armv4t\libgcc.a(_aeabi_uldivmod.o)
                              C:/ev3/API\libev3api.a(ev3_timer.o) (__aeabi_uldivmod)
c:/program files (x86)/codesourcery/sourcery g++ lite/bin/../lib/gcc/arm-none-linux-gnueabi/4.3.3/armv4t\libgcc.a(_dvmd_lnx.o)
                              c:/program files (x86)/codesourcery/sourcery g++ lite/bin/../lib/gcc/arm-none-linux-gnueabi/4.3.3/armv4t\libgcc.a(_udivsi3.o) (__aeabi_idiv0)
c:/program files (x86)/codesourcery/sourcery g++ lite/bin/../lib/gcc/arm-none-linux-gnueabi/4.3.3/armv4t\libgcc.a(bpabi.o)
                              c:/program files (x86)/codesourcery/sourcery g++ lite/bin/../lib/gcc/arm-none-linux-gnueabi/4.3.3/armv4t\libgcc.a(_aeabi_uldivmod.o) (__gnu_uldivmod_helper)
c:/program files (x86)/codesourcery/sourcery g++ lite/bin/../lib/gcc/arm-none-linux-gnueabi/4.3.3/armv4t\libgcc.a(_divdi3.o)
                              c:/program files (x86)/codesourcery/sourcery g++ lite/bin/../lib/gcc/arm-none-linux-gnueabi/4.3.3/armv4t\libgcc.a(bpabi.o) (__divdi3)
c:/program files (x86)/codesourcery/sourcery g++ lite/bin/../lib/gcc/arm-none-linux-gnueabi/4.3.3/armv4t\libgcc.a(_udivdi3.o)
                              c:/program files (x86)/codesourcery/sourcery g++ lite/bin/../lib/gcc/arm-none-linux-gnueabi/4.3.3/armv4t\libgcc.a(bpabi.o) (__udivdi3)
c:/program files (x86)/codesourcery/sourcery g++ lite/bin/../lib/gcc/arm-none-linux-gnueabi/4.3.3/armv4t\libgcc.a(_clz.o)
                              c:/program files (x86)/codesourcery/sourcery g++ lite/bin/../lib/gcc/arm-none-linux-gnueabi/4.3.3/armv4t\libgcc.a(_divdi3.o) (__clz_tab)
c:\program files (x86)\codesourcery\sourcery g++ lite\bin\../arm-none-linux-gnueabi/libc/armv4t/usr/lib/libc_nonshared.a(elf-init.oS)
                              c:/program files (x86)/codesourcery/sourcery g++ lite/bin/../arm-none-linux-gnueabi/libc/armv4t/usr/lib/crt1.o (__libc_csu_fini)
c:\program files (x86)\codesourcery\sourcery g++ lite\bin\../arm-none-linux-gnueabi/libc/armv4t/usr/lib/libc_nonshared.a(stat.oS)
                              C:/ev3/API\libev3api.a(ev3_sound.o) (stat)

Allocating common symbols
Common symbol       size              file

ir_sensor_channel   0x10              C:/ev3/API\libev3api.a(ev3_sensor.o)
LCDInstance         0xb98             C:/ev3/API\libev3api.a(ev3_lcd.o)
hwBuffer            0x1e00            C:/ev3/API\libev3api.a(ev3_lcd.o)
OutputInstance      0x48              C:/ev3/API\libev3api.a(ev3_output.o)
HwVers              0x6               C:/ev3/API\libev3api.a(ev3_button.o)
ButtonLedInstance   0x18              C:/ev3/API\libev3api.a(ev3_button.o)
SoundInstance       0x208             C:/ev3/API\libev3api.a(ev3_sound.o)
sensor_setup_NAME   0x10              C:/ev3/API\libev3api.a(ev3_sensor.o)

Discarded input sections

 .note.ABI-tag  0x00000000        0x0 c:/program files (x86)/codesourcery/sourcery g++ lite/bin/../arm-none-linux-gnueabi/libc/armv4t/usr/lib/crt1.o
 .rodata.cst4   0x00000000        0x0 c:/program files (x86)/codesourcery/sourcery g++ lite/bin/../arm-none-linux-gnueabi/libc/armv4t/usr/lib/crt1.o
 .ARM.extab     0x00000000        0x0 c:/program files (x86)/codesourcery/sourcery g++ lite/bin/../arm-none-linux-gnueabi/libc/armv4t/usr/lib/crt1.o
 .data          0x00000000        0x0 c:/program files (x86)/codesourcery/sourcery g++ lite/bin/../arm-none-linux-gnueabi/libc/armv4t/usr/lib/crt1.o
 .bss           0x00000000        0x0 c:/program files (x86)/codesourcery/sourcery g++ lite/bin/../arm-none-linux-gnueabi/libc/armv4t/usr/lib/crt1.o
 .note.GNU-stack
                0x00000000        0x0 c:/program files (x86)/codesourcery/sourcery g++ lite/bin/../arm-none-linux-gnueabi/libc/armv4t/usr/lib/crt1.o
 .data          0x00000000        0x0 c:/program files (x86)/codesourcery/sourcery g++ lite/bin/../arm-none-linux-gnueabi/libc/armv4t/usr/lib/crti.o
 .bss           0x00000000        0x0 c:/program files (x86)/codesourcery/sourcery g++ lite/bin/../arm-none-linux-gnueabi/libc/armv4t/usr/lib/crti.o
 .ARM.extab     0x00000000        0x0 c:/program files (x86)/codesourcery/sourcery g++ lite/bin/../arm-none-linux-gnueabi/libc/armv4t/usr/lib/crti.o
 .note.GNU-stack
                0x00000000        0x0 c:/program files (x86)/codesourcery/sourcery g++ lite/bin/../arm-none-linux-gnueabi/libc/armv4t/usr/lib/crti.o
 .data          0x00000000        0x0 c:/program files (x86)/codesourcery/sourcery g++ lite/bin/../lib/gcc/arm-none-linux-gnueabi/4.3.3/armv4t/crtbegin.o
 .ARM.extab     0x00000000        0x0 c:/program files (x86)/codesourcery/sourcery g++ lite/bin/../lib/gcc/arm-none-linux-gnueabi/4.3.3/armv4t/crtbegin.o
 .note.GNU-stack
                0x00000000        0x0 c:/program files (x86)/codesourcery/sourcery g++ lite/bin/../lib/gcc/arm-none-linux-gnueabi/4.3.3/armv4t/crtbegin.o
 .text          0x00000000        0x0 ./src/Sensors/sensors.o
 .data          0x00000000        0x0 ./src/Sensors/sensors.o
 .bss           0x00000000        0x0 ./src/Sensors/sensors.o
 .debug_abbrev  0x00000000        0x0 ./src/Sensors/sensors.o
 .debug_info    0x00000000        0x0 ./src/Sensors/sensors.o
 .debug_line    0x00000000        0x0 ./src/Sensors/sensors.o
 .debug_macinfo
                0x00000000        0x0 ./src/Sensors/sensors.o
 .data.__reference_InitEV3
                0x00000000        0x0 ./src/Sensors/sensors.o
 .data.__reference_FreeEV3
                0x00000000        0x0 ./src/Sensors/sensors.o
 .debug_frame   0x00000000        0x0 ./src/Sensors/sensors.o
 .debug_loc     0x00000000        0x0 ./src/Sensors/sensors.o
 .debug_pubnames
                0x00000000        0x0 ./src/Sensors/sensors.o
 .debug_aranges
                0x00000000        0x0 ./src/Sensors/sensors.o
 .debug_ranges  0x00000000        0x0 ./src/Sensors/sensors.o
 .debug_str     0x00000000        0x0 ./src/Sensors/sensors.o
 .note.GNU-stack
                0x00000000        0x0 ./src/Sensors/sensors.o
 .text          0x00000000        0x0 ./src/Control/control_setup.o
 .data          0x00000000        0x0 ./src/Control/control_setup.o
 .bss           0x00000000        0x0 ./src/Control/control_setup.o
 .debug_abbrev  0x00000000        0x0 ./src/Control/control_setup.o
 .debug_info    0x00000000        0x0 ./src/Control/control_setup.o
 .debug_line    0x00000000        0x0 ./src/Control/control_setup.o
 .debug_macinfo
                0x00000000        0x0 ./src/Control/control_setup.o
 .data.__reference_InitEV3
                0x00000000        0x0 ./src/Control/control_setup.o
 .data.__reference_FreeEV3
                0x00000000        0x0 ./src/Control/control_setup.o
 .rodata        0x00000000        0x0 ./src/Control/control_setup.o
 .text.setup    0x00000000        0x0 ./src/Control/control_setup.o
 .ARM.extab.text.setup
                0x00000000        0x0 ./src/Control/control_setup.o
 .ARM.exidx.text.setup
                0x00000000        0x0 ./src/Control/control_setup.o
 .debug_frame   0x00000000        0x0 ./src/Control/control_setup.o
 .debug_loc     0x00000000        0x0 ./src/Control/control_setup.o
 .debug_pubnames
                0x00000000        0x0 ./src/Control/control_setup.o
 .debug_aranges
                0x00000000        0x0 ./src/Control/control_setup.o
 .debug_ranges  0x00000000        0x0 ./src/Control/control_setup.o
 .debug_str     0x00000000        0x0 ./src/Control/control_setup.o
 .note.GNU-stack
                0x00000000        0x0 ./src/Control/control_setup.o
 .text          0x00000000        0x0 ./src/Control/goalfinding.o
 .data          0x00000000        0x0 ./src/Control/goalfinding.o
 .bss           0x00000000        0x0 ./src/Control/goalfinding.o
 .debug_abbrev  0x00000000        0x0 ./src/Control/goalfinding.o
 .debug_info    0x00000000        0x0 ./src/Control/goalfinding.o
 .debug_line    0x00000000        0x0 ./src/Control/goalfinding.o
 .debug_macinfo
                0x00000000        0x0 ./src/Control/goalfinding.o
 .data.__reference_InitEV3
                0x00000000        0x0 ./src/Control/goalfinding.o
 .data.__reference_FreeEV3
                0x00000000        0x0 ./src/Control/goalfinding.o
 .debug_frame   0x00000000        0x0 ./src/Control/goalfinding.o
 .debug_loc     0x00000000        0x0 ./src/Control/goalfinding.o
 .debug_pubnames
                0x00000000        0x0 ./src/Control/goalfinding.o
 .debug_aranges
                0x00000000        0x0 ./src/Control/goalfinding.o
 .debug_ranges  0x00000000        0x0 ./src/Control/goalfinding.o
 .debug_str     0x00000000        0x0 ./src/Control/goalfinding.o
 .note.GNU-stack
                0x00000000        0x0 ./src/Control/goalfinding.o
 .text          0x00000000        0x0 ./src/Control/lego_control.o
 .data          0x00000000        0x0 ./src/Control/lego_control.o
 .bss           0x00000000        0x0 ./src/Control/lego_control.o
 .debug_abbrev  0x00000000        0x0 ./src/Control/lego_control.o
 .debug_info    0x00000000        0x0 ./src/Control/lego_control.o
 .debug_line    0x00000000        0x0 ./src/Control/lego_control.o
 .debug_macinfo
                0x00000000        0x0 ./src/Control/lego_control.o
 .data.__reference_InitEV3
                0x00000000        0x0 ./src/Control/lego_control.o
 .data.__reference_FreeEV3
                0x00000000        0x0 ./src/Control/lego_control.o
 .text.setUpControl
                0x00000000        0x0 ./src/Control/lego_control.o
 .ARM.extab.text.setUpControl
                0x00000000        0x0 ./src/Control/lego_control.o
 .ARM.exidx.text.setUpControl
                0x00000000        0x0 ./src/Control/lego_control.o
 .text.turnVehicleRight
                0x00000000        0x0 ./src/Control/lego_control.o
 .ARM.extab.text.turnVehicleRight
                0x00000000        0x0 ./src/Control/lego_control.o
 .ARM.exidx.text.turnVehicleRight
                0x00000000        0x0 ./src/Control/lego_control.o
 .text.turnVehicleLeft
                0x00000000        0x0 ./src/Control/lego_control.o
 .ARM.extab.text.turnVehicleLeft
                0x00000000        0x0 ./src/Control/lego_control.o
 .ARM.exidx.text.turnVehicleLeft
                0x00000000        0x0 ./src/Control/lego_control.o
 .text.goReverse
                0x00000000        0x0 ./src/Control/lego_control.o
 .ARM.extab.text.goReverse
                0x00000000        0x0 ./src/Control/lego_control.o
 .ARM.exidx.text.goReverse
                0x00000000        0x0 ./src/Control/lego_control.o
 .debug_frame   0x00000000        0x0 ./src/Control/lego_control.o
 .debug_loc     0x00000000        0x0 ./src/Control/lego_control.o
 .debug_pubnames
                0x00000000        0x0 ./src/Control/lego_control.o
 .debug_aranges
                0x00000000        0x0 ./src/Control/lego_control.o
 .debug_ranges  0x00000000        0x0 ./src/Control/lego_control.o
 .debug_str     0x00000000        0x0 ./src/Control/lego_control.o
 .note.GNU-stack
                0x00000000        0x0 ./src/Control/lego_control.o
 .text          0x00000000        0x0 ./src/Control/wander.o
 .data          0x00000000        0x0 ./src/Control/wander.o
 .bss           0x00000000        0x0 ./src/Control/wander.o
 .debug_abbrev  0x00000000        0x0 ./src/Control/wander.o
 .debug_info    0x00000000        0x0 ./src/Control/wander.o
 .debug_line    0x00000000        0x0 ./src/Control/wander.o
 .debug_macinfo
                0x00000000        0x0 ./src/Control/wander.o
 .data.__reference_InitEV3
                0x00000000        0x0 ./src/Control/wander.o
 .data.__reference_FreeEV3
                0x00000000        0x0 ./src/Control/wander.o
 .debug_frame   0x00000000        0x0 ./src/Control/wander.o
 .debug_loc     0x00000000        0x0 ./src/Control/wander.o
 .debug_pubnames
                0x00000000        0x0 ./src/Control/wander.o
 .debug_aranges
                0x00000000        0x0 ./src/Control/wander.o
 .debug_ranges  0x00000000        0x0 ./src/Control/wander.o
 .debug_str     0x00000000        0x0 ./src/Control/wander.o
 .note.GNU-stack
                0x00000000        0x0 ./src/Control/wander.o
 .text          0x00000000        0x0 ./src/main.o
 .data          0x00000000        0x0 ./src/main.o
 .bss           0x00000000        0x0 ./src/main.o
 .debug_abbrev  0x00000000        0x0 ./src/main.o
 .debug_info    0x00000000        0x0 ./src/main.o
 .debug_line    0x00000000        0x0 ./src/main.o
 .debug_macinfo
                0x00000000        0x0 ./src/main.o
 .data.__reference_InitEV3
                0x00000000        0x0 ./src/main.o
 .data.__reference_FreeEV3
                0x00000000        0x0 ./src/main.o
 .debug_frame   0x00000000        0x0 ./src/main.o
 .debug_loc     0x00000000        0x0 ./src/main.o
 .debug_pubnames
                0x00000000        0x0 ./src/main.o
 .debug_aranges
                0x00000000        0x0 ./src/main.o
 .debug_ranges  0x00000000        0x0 ./src/main.o
 .debug_str     0x00000000        0x0 ./src/main.o
 .note.GNU-stack
                0x00000000        0x0 ./src/main.o
 .data          0x00000000        0x0 C:/ev3/API\libev3api.a(ev3_button.o)
 .bss           0x00000000        0x0 C:/ev3/API\libev3api.a(ev3_button.o)
 .ARM.extab     0x00000000        0x0 C:/ev3/API\libev3api.a(ev3_button.o)
 .note.GNU-stack
                0x00000000        0x0 C:/ev3/API\libev3api.a(ev3_button.o)
 .data          0x00000000        0x0 C:/ev3/API\libev3api.a(ev3_output.o)
 .bss           0x00000000        0x0 C:/ev3/API\libev3api.a(ev3_output.o)
 .note.GNU-stack
                0x00000000        0x0 C:/ev3/API\libev3api.a(ev3_output.o)
 .data          0x00000000        0x0 C:/ev3/API\libev3api.a(ev3.o)
 .ARM.extab     0x00000000        0x0 C:/ev3/API\libev3api.a(ev3.o)
 .note.GNU-stack
                0x00000000        0x0 C:/ev3/API\libev3api.a(ev3.o)
 .data          0x00000000        0x0 C:/ev3/API\libev3api.a(ev3_sensor.o)
 .ARM.extab     0x00000000        0x0 C:/ev3/API\libev3api.a(ev3_sensor.o)
 .note.GNU-stack
                0x00000000        0x0 C:/ev3/API\libev3api.a(ev3_sensor.o)
 .note.GNU-stack
                0x00000000        0x0 C:/ev3/API\libev3api.a(ev3_lcd.o)
 .ARM.extab     0x00000000        0x0 C:/ev3/API\libev3api.a(ev3_timer.o)
 .note.GNU-stack
                0x00000000        0x0 C:/ev3/API\libev3api.a(ev3_timer.o)
 .data          0x00000000        0x0 C:/ev3/API\libev3api.a(ev3_command.o)
 .bss           0x00000000        0x0 C:/ev3/API\libev3api.a(ev3_command.o)
 .ARM.extab     0x00000000        0x0 C:/ev3/API\libev3api.a(ev3_command.o)
 .note.GNU-stack
                0x00000000        0x0 C:/ev3/API\libev3api.a(ev3_command.o)
 .data          0x00000000        0x0 C:/ev3/API\libev3api.a(ev3_sound.o)
 .bss           0x00000000        0x0 C:/ev3/API\libev3api.a(ev3_sound.o)
 .note.GNU-stack
                0x00000000        0x0 C:/ev3/API\libev3api.a(ev3_sound.o)
 .data          0x00000000        0x0 c:/program files (x86)/codesourcery/sourcery g++ lite/bin/../lib/gcc/arm-none-linux-gnueabi/4.3.3/armv4t\libgcc.a(_udivsi3.o)
 .bss           0x00000000        0x0 c:/program files (x86)/codesourcery/sourcery g++ lite/bin/../lib/gcc/arm-none-linux-gnueabi/4.3.3/armv4t\libgcc.a(_udivsi3.o)
 .note.GNU-stack
                0x00000000        0x0 c:/program files (x86)/codesourcery/sourcery g++ lite/bin/../lib/gcc/arm-none-linux-gnueabi/4.3.3/armv4t\libgcc.a(_udivsi3.o)
 .debug_frame   0x00000000        0x0 c:/program files (x86)/codesourcery/sourcery g++ lite/bin/../lib/gcc/arm-none-linux-gnueabi/4.3.3/armv4t\libgcc.a(_udivsi3.o)
 .data          0x00000000        0x0 c:/program files (x86)/codesourcery/sourcery g++ lite/bin/../lib/gcc/arm-none-linux-gnueabi/4.3.3/armv4t\libgcc.a(_divsi3.o)
 .bss           0x00000000        0x0 c:/program files (x86)/codesourcery/sourcery g++ lite/bin/../lib/gcc/arm-none-linux-gnueabi/4.3.3/armv4t\libgcc.a(_divsi3.o)
 .note.GNU-stack
                0x00000000        0x0 c:/program files (x86)/codesourcery/sourcery g++ lite/bin/../lib/gcc/arm-none-linux-gnueabi/4.3.3/armv4t\libgcc.a(_divsi3.o)
 .debug_frame   0x00000000        0x0 c:/program files (x86)/codesourcery/sourcery g++ lite/bin/../lib/gcc/arm-none-linux-gnueabi/4.3.3/armv4t\libgcc.a(_divsi3.o)
 .data          0x00000000        0x0 c:/program files (x86)/codesourcery/sourcery g++ lite/bin/../lib/gcc/arm-none-linux-gnueabi/4.3.3/armv4t\libgcc.a(_lshrdi3.o)
 .bss           0x00000000        0x0 c:/program files (x86)/codesourcery/sourcery g++ lite/bin/../lib/gcc/arm-none-linux-gnueabi/4.3.3/armv4t\libgcc.a(_lshrdi3.o)
 .note.GNU-stack
                0x00000000        0x0 c:/program files (x86)/codesourcery/sourcery g++ lite/bin/../lib/gcc/arm-none-linux-gnueabi/4.3.3/armv4t\libgcc.a(_lshrdi3.o)
 .data          0x00000000        0x0 c:/program files (x86)/codesourcery/sourcery g++ lite/bin/../lib/gcc/arm-none-linux-gnueabi/4.3.3/armv4t\libgcc.a(_arm_addsubdf3.o)
 .bss           0x00000000        0x0 c:/program files (x86)/codesourcery/sourcery g++ lite/bin/../lib/gcc/arm-none-linux-gnueabi/4.3.3/armv4t\libgcc.a(_arm_addsubdf3.o)
 .note.GNU-stack
                0x00000000        0x0 c:/program files (x86)/codesourcery/sourcery g++ lite/bin/../lib/gcc/arm-none-linux-gnueabi/4.3.3/armv4t\libgcc.a(_arm_addsubdf3.o)
 .data          0x00000000        0x0 c:/program files (x86)/codesourcery/sourcery g++ lite/bin/../lib/gcc/arm-none-linux-gnueabi/4.3.3/armv4t\libgcc.a(_arm_muldivdf3.o)
 .bss           0x00000000        0x0 c:/program files (x86)/codesourcery/sourcery g++ lite/bin/../lib/gcc/arm-none-linux-gnueabi/4.3.3/armv4t\libgcc.a(_arm_muldivdf3.o)
 .note.GNU-stack
                0x00000000        0x0 c:/program files (x86)/codesourcery/sourcery g++ lite/bin/../lib/gcc/arm-none-linux-gnueabi/4.3.3/armv4t\libgcc.a(_arm_muldivdf3.o)
 .data          0x00000000        0x0 c:/program files (x86)/codesourcery/sourcery g++ lite/bin/../lib/gcc/arm-none-linux-gnueabi/4.3.3/armv4t\libgcc.a(_arm_fixdfsi.o)
 .bss           0x00000000        0x0 c:/program files (x86)/codesourcery/sourcery g++ lite/bin/../lib/gcc/arm-none-linux-gnueabi/4.3.3/armv4t\libgcc.a(_arm_fixdfsi.o)
 .note.GNU-stack
                0x00000000        0x0 c:/program files (x86)/codesourcery/sourcery g++ lite/bin/../lib/gcc/arm-none-linux-gnueabi/4.3.3/armv4t\libgcc.a(_arm_fixdfsi.o)
 .data          0x00000000        0x0 c:/program files (x86)/codesourcery/sourcery g++ lite/bin/../lib/gcc/arm-none-linux-gnueabi/4.3.3/armv4t\libgcc.a(_arm_muldivsf3.o)
 .bss           0x00000000        0x0 c:/program files (x86)/codesourcery/sourcery g++ lite/bin/../lib/gcc/arm-none-linux-gnueabi/4.3.3/armv4t\libgcc.a(_arm_muldivsf3.o)
 .note.GNU-stack
                0x00000000        0x0 c:/program files (x86)/codesourcery/sourcery g++ lite/bin/../lib/gcc/arm-none-linux-gnueabi/4.3.3/armv4t\libgcc.a(_arm_muldivsf3.o)
 .data          0x00000000        0x0 c:/program files (x86)/codesourcery/sourcery g++ lite/bin/../lib/gcc/arm-none-linux-gnueabi/4.3.3/armv4t\libgcc.a(_aeabi_uldivmod.o)
 .bss           0x00000000        0x0 c:/program files (x86)/codesourcery/sourcery g++ lite/bin/../lib/gcc/arm-none-linux-gnueabi/4.3.3/armv4t\libgcc.a(_aeabi_uldivmod.o)
 .note.GNU-stack
                0x00000000        0x0 c:/program files (x86)/codesourcery/sourcery g++ lite/bin/../lib/gcc/arm-none-linux-gnueabi/4.3.3/armv4t\libgcc.a(_aeabi_uldivmod.o)
 .data          0x00000000        0x0 c:/program files (x86)/codesourcery/sourcery g++ lite/bin/../lib/gcc/arm-none-linux-gnueabi/4.3.3/armv4t\libgcc.a(_dvmd_lnx.o)
 .bss           0x00000000        0x0 c:/program files (x86)/codesourcery/sourcery g++ lite/bin/../lib/gcc/arm-none-linux-gnueabi/4.3.3/armv4t\libgcc.a(_dvmd_lnx.o)
 .note.GNU-stack
                0x00000000        0x0 c:/program files (x86)/codesourcery/sourcery g++ lite/bin/../lib/gcc/arm-none-linux-gnueabi/4.3.3/armv4t\libgcc.a(_dvmd_lnx.o)
 .data          0x00000000        0x0 c:/program files (x86)/codesourcery/sourcery g++ lite/bin/../lib/gcc/arm-none-linux-gnueabi/4.3.3/armv4t\libgcc.a(bpabi.o)
 .bss           0x00000000        0x0 c:/program files (x86)/codesourcery/sourcery g++ lite/bin/../lib/gcc/arm-none-linux-gnueabi/4.3.3/armv4t\libgcc.a(bpabi.o)
 .ARM.extab     0x00000000        0x0 c:/program files (x86)/codesourcery/sourcery g++ lite/bin/../lib/gcc/arm-none-linux-gnueabi/4.3.3/armv4t\libgcc.a(bpabi.o)
 .debug_frame   0x00000000        0x0 c:/program files (x86)/codesourcery/sourcery g++ lite/bin/../lib/gcc/arm-none-linux-gnueabi/4.3.3/armv4t\libgcc.a(bpabi.o)
 .note.GNU-stack
                0x00000000        0x0 c:/program files (x86)/codesourcery/sourcery g++ lite/bin/../lib/gcc/arm-none-linux-gnueabi/4.3.3/armv4t\libgcc.a(bpabi.o)
 .data          0x00000000        0x0 c:/program files (x86)/codesourcery/sourcery g++ lite/bin/../lib/gcc/arm-none-linux-gnueabi/4.3.3/armv4t\libgcc.a(_divdi3.o)
 .bss           0x00000000        0x0 c:/program files (x86)/codesourcery/sourcery g++ lite/bin/../lib/gcc/arm-none-linux-gnueabi/4.3.3/armv4t\libgcc.a(_divdi3.o)
 .ARM.extab     0x00000000        0x0 c:/program files (x86)/codesourcery/sourcery g++ lite/bin/../lib/gcc/arm-none-linux-gnueabi/4.3.3/armv4t\libgcc.a(_divdi3.o)
 .debug_frame   0x00000000        0x0 c:/program files (x86)/codesourcery/sourcery g++ lite/bin/../lib/gcc/arm-none-linux-gnueabi/4.3.3/armv4t\libgcc.a(_divdi3.o)
 .note.GNU-stack
                0x00000000        0x0 c:/program files (x86)/codesourcery/sourcery g++ lite/bin/../lib/gcc/arm-none-linux-gnueabi/4.3.3/armv4t\libgcc.a(_divdi3.o)
 .data          0x00000000        0x0 c:/program files (x86)/codesourcery/sourcery g++ lite/bin/../lib/gcc/arm-none-linux-gnueabi/4.3.3/armv4t\libgcc.a(_udivdi3.o)
 .bss           0x00000000        0x0 c:/program files (x86)/codesourcery/sourcery g++ lite/bin/../lib/gcc/arm-none-linux-gnueabi/4.3.3/armv4t\libgcc.a(_udivdi3.o)
 .ARM.extab     0x00000000        0x0 c:/program files (x86)/codesourcery/sourcery g++ lite/bin/../lib/gcc/arm-none-linux-gnueabi/4.3.3/armv4t\libgcc.a(_udivdi3.o)
 .debug_frame   0x00000000        0x0 c:/program files (x86)/codesourcery/sourcery g++ lite/bin/../lib/gcc/arm-none-linux-gnueabi/4.3.3/armv4t\libgcc.a(_udivdi3.o)
 .note.GNU-stack
                0x00000000        0x0 c:/program files (x86)/codesourcery/sourcery g++ lite/bin/../lib/gcc/arm-none-linux-gnueabi/4.3.3/armv4t\libgcc.a(_udivdi3.o)
 .text          0x00000000        0x0 c:/program files (x86)/codesourcery/sourcery g++ lite/bin/../lib/gcc/arm-none-linux-gnueabi/4.3.3/armv4t\libgcc.a(_clz.o)
 .data          0x00000000        0x0 c:/program files (x86)/codesourcery/sourcery g++ lite/bin/../lib/gcc/arm-none-linux-gnueabi/4.3.3/armv4t\libgcc.a(_clz.o)
 .bss           0x00000000        0x0 c:/program files (x86)/codesourcery/sourcery g++ lite/bin/../lib/gcc/arm-none-linux-gnueabi/4.3.3/armv4t\libgcc.a(_clz.o)
 .note.GNU-stack
                0x00000000        0x0 c:/program files (x86)/codesourcery/sourcery g++ lite/bin/../lib/gcc/arm-none-linux-gnueabi/4.3.3/armv4t\libgcc.a(_clz.o)
 .data          0x00000000        0x0 c:\program files (x86)\codesourcery\sourcery g++ lite\bin\../arm-none-linux-gnueabi/libc/armv4t/usr/lib/libc_nonshared.a(elf-init.oS)
 .bss           0x00000000        0x0 c:\program files (x86)\codesourcery\sourcery g++ lite\bin\../arm-none-linux-gnueabi/libc/armv4t/usr/lib/libc_nonshared.a(elf-init.oS)
 .ARM.extab     0x00000000        0x0 c:\program files (x86)\codesourcery\sourcery g++ lite\bin\../arm-none-linux-gnueabi/libc/armv4t/usr/lib/libc_nonshared.a(elf-init.oS)
 .debug_frame   0x00000000        0x0 c:\program files (x86)\codesourcery\sourcery g++ lite\bin\../arm-none-linux-gnueabi/libc/armv4t/usr/lib/libc_nonshared.a(elf-init.oS)
 .note.GNU-stack
                0x00000000        0x0 c:\program files (x86)\codesourcery\sourcery g++ lite\bin\../arm-none-linux-gnueabi/libc/armv4t/usr/lib/libc_nonshared.a(elf-init.oS)
 .data          0x00000000        0x0 c:\program files (x86)\codesourcery\sourcery g++ lite\bin\../arm-none-linux-gnueabi/libc/armv4t/usr/lib/libc_nonshared.a(stat.oS)
 .bss           0x00000000        0x0 c:\program files (x86)\codesourcery\sourcery g++ lite\bin\../arm-none-linux-gnueabi/libc/armv4t/usr/lib/libc_nonshared.a(stat.oS)
 .ARM.extab     0x00000000        0x0 c:\program files (x86)\codesourcery\sourcery g++ lite\bin\../arm-none-linux-gnueabi/libc/armv4t/usr/lib/libc_nonshared.a(stat.oS)
 .debug_frame   0x00000000        0x0 c:\program files (x86)\codesourcery\sourcery g++ lite\bin\../arm-none-linux-gnueabi/libc/armv4t/usr/lib/libc_nonshared.a(stat.oS)
 .note.GNU-stack
                0x00000000        0x0 c:\program files (x86)\codesourcery\sourcery g++ lite\bin\../arm-none-linux-gnueabi/libc/armv4t/usr/lib/libc_nonshared.a(stat.oS)
 .text          0x00000000        0x0 c:/program files (x86)/codesourcery/sourcery g++ lite/bin/../lib/gcc/arm-none-linux-gnueabi/4.3.3/armv4t/crtend.o
 .data          0x00000000        0x0 c:/program files (x86)/codesourcery/sourcery g++ lite/bin/../lib/gcc/arm-none-linux-gnueabi/4.3.3/armv4t/crtend.o
 .bss           0x00000000        0x0 c:/program files (x86)/codesourcery/sourcery g++ lite/bin/../lib/gcc/arm-none-linux-gnueabi/4.3.3/armv4t/crtend.o
 .note.GNU-stack
                0x00000000        0x0 c:/program files (x86)/codesourcery/sourcery g++ lite/bin/../lib/gcc/arm-none-linux-gnueabi/4.3.3/armv4t/crtend.o
 .text          0x00000000        0x0 c:/program files (x86)/codesourcery/sourcery g++ lite/bin/../arm-none-linux-gnueabi/libc/armv4t/usr/lib/crtn.o
 .data          0x00000000        0x0 c:/program files (x86)/codesourcery/sourcery g++ lite/bin/../arm-none-linux-gnueabi/libc/armv4t/usr/lib/crtn.o
 .bss           0x00000000        0x0 c:/program files (x86)/codesourcery/sourcery g++ lite/bin/../arm-none-linux-gnueabi/libc/armv4t/usr/lib/crtn.o
 .ARM.extab.init
                0x00000000        0x0 c:/program files (x86)/codesourcery/sourcery g++ lite/bin/../arm-none-linux-gnueabi/libc/armv4t/usr/lib/crtn.o
 .ARM.extab.fini
                0x00000000        0x0 c:/program files (x86)/codesourcery/sourcery g++ lite/bin/../arm-none-linux-gnueabi/libc/armv4t/usr/lib/crtn.o
 .note.GNU-stack
                0x00000000        0x0 c:/program files (x86)/codesourcery/sourcery g++ lite/bin/../arm-none-linux-gnueabi/libc/armv4t/usr/lib/crtn.o

Memory Configuration

Name             Origin             Length             Attributes
*default*        0x00000000         0xffffffff

Linker script and memory map

LOAD c:/program files (x86)/codesourcery/sourcery g++ lite/bin/../arm-none-linux-gnueabi/libc/armv4t/usr/lib/crt1.o
LOAD c:/program files (x86)/codesourcery/sourcery g++ lite/bin/../arm-none-linux-gnueabi/libc/armv4t/usr/lib/crti.o
LOAD c:/program files (x86)/codesourcery/sourcery g++ lite/bin/../lib/gcc/arm-none-linux-gnueabi/4.3.3/armv4t/crtbegin.o
LOAD ./src/Sensors/sensors.o
LOAD ./src/Control/control_setup.o
LOAD ./src/Control/goalfinding.o
LOAD ./src/Control/lego_control.o
LOAD ./src/Control/wander.o
LOAD ./src/main.o
LOAD C:/ev3/API\libev3api.a
LOAD c:/program files (x86)/codesourcery/sourcery g++ lite/bin/../arm-none-linux-gnueabi/libc/armv4t/usr/lib/libm.so
LOAD c:/program files (x86)/codesourcery/sourcery g++ lite/bin/../lib/gcc/arm-none-linux-gnueabi/4.3.3/armv4t\libgcc.a
LOAD c:/program files (x86)/codesourcery/sourcery g++ lite/bin/../arm-none-linux-gnueabi/libc/armv4t/lib/libgcc_s.so
LOAD c:/program files (x86)/codesourcery/sourcery g++ lite/bin/../arm-none-linux-gnueabi/libc/armv4t/usr/lib/libc.so
START GROUP
LOAD c:\program files (x86)\codesourcery\sourcery g++ lite\bin\../arm-none-linux-gnueabi/libc/armv4t/lib/libc.so.6
LOAD c:\program files (x86)\codesourcery\sourcery g++ lite\bin\../arm-none-linux-gnueabi/libc/armv4t/usr/lib/libc_nonshared.a
LOAD c:\program files (x86)\codesourcery\sourcery g++ lite\bin\../arm-none-linux-gnueabi/libc/armv4t/lib/ld-linux.so.3
END GROUP
LOAD c:/program files (x86)/codesourcery/sourcery g++ lite/bin/../lib/gcc/arm-none-linux-gnueabi/4.3.3/armv4t\libgcc.a
LOAD c:/program files (x86)/codesourcery/sourcery g++ lite/bin/../arm-none-linux-gnueabi/libc/armv4t/lib/libgcc_s.so
LOAD c:/program files (x86)/codesourcery/sourcery g++ lite/bin/../lib/gcc/arm-none-linux-gnueabi/4.3.3/armv4t/crtend.o
LOAD c:/program files (x86)/codesourcery/sourcery g++ lite/bin/../arm-none-linux-gnueabi/libc/armv4t/usr/lib/crtn.o
                0x00008000                PROVIDE (__executable_start, 0x8000)
                0x00008114                . = (0x8000 + SIZEOF_HEADERS)

.interp         0x00008114       0x13
 *(.interp)
 .interp        0x00008114       0x13 c:/program files (x86)/codesourcery/sourcery g++ lite/bin/../arm-none-linux-gnueabi/libc/armv4t/usr/lib/crti.o

.note.gnu.build-id
 *(.note.gnu.build-id)

.hash           0x00008128      0x154
 *(.hash)
 .hash          0x00008128      0x154 c:/program files (x86)/codesourcery/sourcery g++ lite/bin/../arm-none-linux-gnueabi/libc/armv4t/usr/lib/crti.o

.gnu.hash
 *(.gnu.hash)

.dynsym         0x0000827c      0x2e0
 *(.dynsym)
 .dynsym        0x0000827c      0x2e0 c:/program files (x86)/codesourcery/sourcery g++ lite/bin/../arm-none-linux-gnueabi/libc/armv4t/usr/lib/crti.o

.dynstr         0x0000855c      0x1a6
 *(.dynstr)
 .dynstr        0x0000855c      0x1a6 c:/program files (x86)/codesourcery/sourcery g++ lite/bin/../arm-none-linux-gnueabi/libc/armv4t/usr/lib/crti.o

.gnu.version    0x00008702       0x5c
 *(.gnu.version)
 .gnu.version   0x00008702       0x5c c:/program files (x86)/codesourcery/sourcery g++ lite/bin/../arm-none-linux-gnueabi/libc/armv4t/usr/lib/crti.o

.gnu.version_d  0x00008760        0x0 load address 0x0000875e
 *(.gnu.version_d)
 .gnu.version_d
                0x00000000        0x0 c:/program files (x86)/codesourcery/sourcery g++ lite/bin/../arm-none-linux-gnueabi/libc/armv4t/usr/lib/crti.o

.gnu.version_r  0x00008760       0x40
 *(.gnu.version_r)
 .gnu.version_r
                0x00008760       0x40 c:/program files (x86)/codesourcery/sourcery g++ lite/bin/../arm-none-linux-gnueabi/libc/armv4t/usr/lib/crti.o

.rel.dyn        0x000087a0        0x8
 *(.rel.init)
 *(.rel.text .rel.text.* .rel.gnu.linkonce.t.*)
 *(.rel.fini)
 *(.rel.rodata .rel.rodata.* .rel.gnu.linkonce.r.*)
 *(.rel.data.rel.ro* .rel.gnu.linkonce.d.rel.ro.*)
 *(.rel.data .rel.data.* .rel.gnu.linkonce.d.*)
 *(.rel.tdata .rel.tdata.* .rel.gnu.linkonce.td.*)
 *(.rel.tbss .rel.tbss.* .rel.gnu.linkonce.tb.*)
 *(.rel.ctors)
 *(.rel.dtors)
 *(.rel.got)
 .rel.got       0x000087a0        0x8 c:/program files (x86)/codesourcery/sourcery g++ lite/bin/../arm-none-linux-gnueabi/libc/armv4t/usr/lib/crti.o
 *(.rel.bss .rel.bss.* .rel.gnu.linkonce.b.*)
 .rel.bss       0x00000000        0x0 c:/program files (x86)/codesourcery/sourcery g++ lite/bin/../arm-none-linux-gnueabi/libc/armv4t/usr/lib/crti.o

.rel.ifunc.dyn
 *(.rel.ifunc.*)

.rela.dyn
 *(.rela.init)
 *(.rela.text .rela.text.* .rela.gnu.linkonce.t.*)
 *(.rela.fini)
 *(.rela.rodata .rela.rodata.* .rela.gnu.linkonce.r.*)
 *(.rela.data .rela.data.* .rela.gnu.linkonce.d.*)
 *(.rela.tdata .rela.tdata.* .rela.gnu.linkonce.td.*)
 *(.rela.tbss .rela.tbss.* .rela.gnu.linkonce.tb.*)
 *(.rela.ctors)
 *(.rela.dtors)
 *(.rela.got)
 *(.rela.bss .rela.bss.* .rela.gnu.linkonce.b.*)

.rela.ifunc.dyn
 *(.rela.ifunc.*)

.rel.plt        0x000087a8      0x140
 *(.rel.plt)
 .rel.plt       0x000087a8      0x140 c:/program files (x86)/codesourcery/sourcery g++ lite/bin/../arm-none-linux-gnueabi/libc/armv4t/usr/lib/crti.o

.rela.plt
 *(.rela.plt)

.init           0x000088e8       0x10
 *(.init)
 .init          0x000088e8        0x8 c:/program files (x86)/codesourcery/sourcery g++ lite/bin/../arm-none-linux-gnueabi/libc/armv4t/usr/lib/crti.o
                0x000088e8                _init
 .init          0x000088f0        0x8 c:/program files (x86)/codesourcery/sourcery g++ lite/bin/../arm-none-linux-gnueabi/libc/armv4t/usr/lib/crtn.o

.plt            0x000088f8      0x1f4
 *(.plt)
 .plt           0x000088f8      0x1f4 c:/program files (x86)/codesourcery/sourcery g++ lite/bin/../arm-none-linux-gnueabi/libc/armv4t/usr/lib/crti.o
                0x0000890c                open@@GLIBC_2.4
                0x00008918                mmap@@GLIBC_2.4
                0x00008924                abort@@GLIBC_2.4
                0x00008930                __xstat@@GLIBC_2.4
                0x0000893c                __libc_start_main@@GLIBC_2.4
                0x00008954                vsnprintf@@GLIBC_2.4
                0x00008960                vsprintf@@GLIBC_2.4
                0x0000896c                fclose@@GLIBC_2.4
                0x00008978                dirname@@GLIBC_2.4
                0x00008984                fopen@@GLIBC_2.4
                0x00008990                memset@@GLIBC_2.4
                0x0000899c                strrchr@@GLIBC_2.4
                0x000089a8                setitimer@@GLIBC_2.4
                0x000089b4                usleep@@GLIBC_2.4
                0x000089c0                read@@GLIBC_2.4
                0x000089cc                write@@GLIBC_2.4
                0x000089d8                gettimeofday@@GLIBC_2.4
                0x000089e4                ioctl@@GLIBC_2.4
                0x000089f0                strlen@@GLIBC_2.4
                0x000089fc                sscanf@@GLIBC_2.4
                0x00008a08                __xpg_basename@@GLIBC_2.4
                0x00008a14                strcpy@@GLIBC_2.4
                0x00008a20                strncat@@GLIBC_2.4
                0x00008a2c                raise@@GLIBC_2.4
                0x00008a38                strstr@@GLIBC_2.4
                0x00008a44                close@@GLIBC_2.4
                0x00008a50                fwrite@@GLIBC_2.4
                0x00008a5c                fprintf@@GLIBC_2.4
                0x00008a68                strdup@@GLIBC_2.4
                0x00008a74                malloc@@GLIBC_2.4
                0x00008a80                sigaction@@GLIBC_2.4
                0x00008a8c                fputc@@GLIBC_2.4
                0x00008a98                strcat@@GLIBC_2.4
                0x00008aa4                memmove@@GLIBC_2.4
                0x00008ab0                puts@@GLIBC_2.4
                0x00008abc                munmap@@GLIBC_2.4
                0x00008ac8                nanosleep@@GLIBC_2.4
                0x00008ad4                exit@@GLIBC_2.4
                0x00008ae0                fputs@@GLIBC_2.4

.text           0x00008af0     0x88e8
 *(.text .stub .text.* .gnu.linkonce.t.*)
 .text          0x00008af0       0x38 c:/program files (x86)/codesourcery/sourcery g++ lite/bin/../arm-none-linux-gnueabi/libc/armv4t/usr/lib/crt1.o
                0x00008af0                _start
 .text          0x00008b28       0x2c c:/program files (x86)/codesourcery/sourcery g++ lite/bin/../arm-none-linux-gnueabi/libc/armv4t/usr/lib/crti.o
 .text          0x00008b54       0x50 c:/program files (x86)/codesourcery/sourcery g++ lite/bin/../lib/gcc/arm-none-linux-gnueabi/4.3.3/armv4t/crtbegin.o
 .text.setUpSensors
                0x00008ba4       0x58 ./src/Sensors/sensors.o
                0x00008ba4                setUpSensors
 .text.readColorSensor
                0x00008bfc       0x40 ./src/Sensors/sensors.o
                0x00008bfc                readColorSensor
 .text.readUltraSonicSensor
                0x00008c3c       0x30 ./src/Sensors/sensors.o
                0x00008c3c                readUltraSonicSensor
 .text.goalfinding
                0x00008c6c       0x7c ./src/Control/goalfinding.o
                0x00008c6c                goalfinding
 .text.turnVehicledeg
                0x00008ce8       0xe0 ./src/Control/lego_control.o
                0x00008ce8                turnVehicledeg
 .text.goForward
                0x00008dc8       0x90 ./src/Control/lego_control.o
                0x00008dc8                goForward
 .text.wander   0x00008e58       0xa0 ./src/Control/wander.o
                0x00008e58                wander
 .text.main     0x00008ef8       0x94 ./src/main.o
                0x00008ef8                main
 .text          0x00008f8c      0x604 C:/ev3/API\libev3api.a(ev3_button.o)
                0x000091f4                ButtonWaitForPress
                0x00009090                readButtons
                0x00009114                buttonClear
                0x00009168                ButtonWaitForAnyPress
                0x000090a8                ButtonIsUp
                0x000093fc                SetLedPattern
                0x00009028                LedWarning
                0x000094a4                ButtonLedExit
                0x00008f8c                checkButtons
                0x0000936c                WriteToButtonLedDevice
                0x000094c4                ButtonLedInit
                0x00009558                SetLedWarning
                0x00009110                ButtonPressedEx
                0x00008ff0                MappedPattern
                0x00009068                getButtons
                0x00009308                HardwareVersion
                0x00009430                ButtonLedCloseDevices
                0x000092a8                ButtonWaitForPressAndRelease
                0x00009130                ButtonLedClose
                0x000093ac                UpdateLed
                0x000090f0                ReadButtonEx
                0x000092cc                HardwareVersionString
                0x000090c4                ButtonIsDown
                0x00008fc8                ButtonLedInitialized
                0x000090d8                ButtonState
                0x00009210                ButtonWaitForAnyEvent
                0x00009044                LedPattern
                0x0000914c                ButtonLedOpen
 .text          0x00009590     0x1430 C:/ev3/API\libev3api.a(ev3_output.o)
                0x0000a69c                OnForEx
                0x00009728                OutputGetActualSpeed
                0x00009a34                ResetRotationCount
                0x0000a684                OffEx
                0x00009764                MotorBlockTachoCount
                0x00009a38                OutputTimeSyncEx
                0x0000a310                SetSpeed
                0x00009dec                RotateMotorRampNoWait
                0x00009880                OutputTest
                0x00009604                OutputInitialized
                0x0000a314                OutputReset
                0x0000a5b4                OutputStop
                0x00009e58                RotateMotorNoWaitEx
                0x00009994                OutputClearCount
                0x00009d1c                OutputStepSpeedEx
                0x0000a774                OnFwdEx
                0x0000a020                OutputStepPowerEx
                0x0000a0f0                OutputPolarity
                0x0000962c                OutputRead
                0x00009954                WriteToPWMDevice
                0x0000a194                OutputStartEx
                0x00009e14                RotateMotorRamp
                0x00009748                MotorTachoCount
                0x0000a8f8                OutputInit
                0x00009f0c                RotateMotorEx
                0x0000a808                ResetOutputs
                0x0000979c                MotorActualSpeed
                0x0000a15c                SetDirection
                0x0000a830                OutputExit
                0x0000a690                OnEx
                0x0000a678                FloatEx
                0x0000a2a0                SetPower
                0x000097d4                OutputState
                0x00009590                OutputToMotorNum
                0x0000a430                OutputSetTypes
                0x0000a390                ResetTachoCount
                0x0000a8b8                OutputOpen
                0x0000a18c                Toggle
                0x00009b58                OutputStepSyncEx
                0x00009704                OutputGetTachoCount
                0x0000a234                OutputPower
                0x0000a6e0                OnRevEx
                0x0000a620                SetOutputEx
                0x0000a378                ResetAllTachoCounts
                0x00009c4c                OutputTimeSpeedEx
                0x0000a184                Fwd
                0x0000a8a0                OutputClose
                0x00009780                MotorPower
                0x000097b8                MotorRotationCount
                0x00009f50                OutputTimePowerEx
                0x0000a398                ResetBlockTachoCount
                0x0000a420                OnRevSyncEx
                0x00009938                MotorBusy
                0x0000a39c                ResetCount
                0x000096e0                OutputGetCount
                0x0000a4f0                OutputSetTypesArray
                0x00009b2c                OnForSyncEx
                0x0000a394                ResetBlockAndTachoCount
                0x0000a580                OutputProgramStop
                0x0000a2a4                OutputSpeed
                0x0000a508                OutputSetType
                0x0000a17c                Rev
                0x0000a7ac                OnFwdRegEx
                0x0000a718                OnRevRegEx
                0x0000a3e4                OnFwdSyncEx
                0x000095e8                DecodeOutputs
 .text          0x0000a9c0       0x80 C:/ev3/API\libev3api.a(ev3.o)
                0x0000a9d0                FreeEV3
                0x0000aa00                InitEV3
                0x0000a9c0                EV3IsInitialized
 .text          0x0000aa40      0x8e0 C:/ev3/API\libev3api.a(ev3_sensor.o)
                0x0000aea0                SetSensorMode
                0x0000aea8                SetIRBeaconCH
                0x0000abd8                ReadSensor
                0x0000aadc                readIicSensor
                0x0000aa40                SensorsInitialized
                0x0000ab48                readNxtColor
                0x0000ab50                ReadSensorData
                0x0000aa9c                readUartSensor
                0x0000aebc                SensorsExit
                0x0000ab34                readOldDumbSensor
                0x0000ab1c                readNewDumbSensor
                0x0000af40                SensorsInit
                0x0000b07c                SetAllSensorMode
 .text          0x0000b320     0x2f98 C:/ev3/API\libev3api.a(ev3_lcd.o)
                0x0000e08c                LcdUpdate
                0x0000b660                dLcdDrawPixel
                0x0000ca94                CmdDrawLine
                0x0000c610                vasprintf
                0x0000b774                dLcdDrawChar
                0x0000dce4                LcdScroll
                0x0000c32c                DisplayLineX
                0x0000b338                dLcdGetFontHeight
                0x0000b500                lcdToFrameBuffer
                0x0000c990                DisplayDraw
                0x0000bfa0                LcdText
                0x0000d660                CmdDrawCircle
                0x0000c124                DisplayClrPixel
                0x0000bf90                reverse_bits
                0x0000c668                LcdPrintf
                0x0000bcc4                dLcdDrawBitmap
                0x0000b638                LcdInitialized
                0x0000bf74                LcdGetDisplay
                0x0000bf3c                LcdSelectFont
                0x0000d84c                Ev3Clear
                0x0000d06c                CmdDrawEllipse
                0x0000dfe0                TermPrintln
                0x0000b398                dLcdGetNumIcons
                0x0000b350                dLcdGetIconBits
                0x0000cdf4                CmdDrawRect
                0x0000e1b8                LcdInit
                0x0000c0d0                DisplaySetPixel
                0x0000bb3c                dLcdDrawPicture
                0x0000c8a8                LcdTextf
                0x0000c0ac                DisplayLineHeight
                0x0000d700                LcdFillWindow
                0x0000cd84                LineOutEx
                0x0000c8f4                asprintf
                0x0000d85c                LcdBmpFile
                0x0000e0b8                LcdSplash
                0x0000c5b8                LcdSetCursorX
                0x0000c834                Ev3Printf
                0x0000d5e4                EllipseOutEx
                0x0000ddac                TermPrintf
                0x0000c4b4                DisplayFrame
                0x0000bca0                dLcdGetBitmapSize
                0x0000e074                LcdRefresh
                0x0000c05c                LcdPicture
                0x0000e11c                LcdUpdateHandler
                0x0000dc2c                LcdWriteDisplayToFile
                0x0000b320                dLcdGetFontWidth
                0x0000c5d8                LcdGetCursorX
                0x0000bf2c                LcdSetAutoRefresh
                0x0000c91c                DisplayErase
                0x0000c1cc                DisplayFillScreen
                0x0000b380                dLcdGetIconHeight
                0x0000d8f0                _lcdWriteBytesToFile
                0x0000bff8                LcdIcon
                0x0000e278                WriteToLcdDevice
                0x0000babc                dLcdDrawText
                0x0000c5c8                LcdSetCursorY
                0x0000dca8                LcdWriteFrameBufferToFile
                0x0000cf54                RectOutEx
                0x0000d7fc                LcdClean
                0x0000c400                DisplayLineY
                0x0000c944                DisplayEraseLine
                0x0000c178                DisplayXorPixel
                0x0000e01c                doUpdateScreen
                0x0000b70c                dLcdReadPixel
                0x0000dc68                LcdGetFrameBuffer
                0x0000b368                dLcdGetIconWidth
                0x0000c53c                CmdResolveDrawingMode
                0x0000c5f8                LcdResetCursor
                0x0000c86c                Ev3Println
                0x0000e134                LcdCloseDevices
                0x0000c5e8                LcdGetCursorY
                0x0000e188                LcdExit
                0x0000b3c8                frameBufferToLcd
                0x0000d694                CircleOutEx
                0x0000bbfc                dLcdDrawIcon
                0x0000cfc8                CmdSetPixel
                0x0000d018                PointOutEx
 .text          0x0000e2b8      0x724 C:/ev3/API\libev3api.a(ev3_timer.o)
                0x0000e594                TimerGetMS
                0x0000e62c                ClearTimer
                0x0000e2b8                _timerSigHandler
                0x0000e7bc                ClearTimerUS
                0x0000e9ac                TimerReady
                0x0000e7e8                TimerUS
                0x0000e4c0                SetTimerCallback
                0x0000e818                _timerCallbackInit
                0x0000e738                TimerWait
                0x0000e6dc                ClearTimerMS
                0x0000e77c                SetTimerUS
                0x0000e5ec                SetTimer
                0x0000e658                FastTimer
                0x0000e74c                TimerGetUS
                0x0000e688                Timer
                0x0000e708                TimerMS
                0x0000e918                TimerInit
                0x0000e69c                SetTimerMS
                0x0000e5d0                TimerGetCS
 .text          0x0000e9dc       0x48 C:/ev3/API\libev3api.a(ev3_command.o)
                0x0000e9dc                Wait
 .text          0x0000ea24      0xefc C:/ev3/API\libev3api.a(ev3_sound.o)
                0x0000ef84                PlayTonesEx
                0x0000ed3c                SoundCloseDevices
                0x0000ea54                SoundTest
                0x0000eeb0                ClearSound
                0x0000f4ac                _playRSOFile
                0x0000ec48                _readInt
                0x0000ebe4                _readShort
                0x0000eee0                SoundExit
                0x0000ed00                SoundReady
                0x0000ef00                PlayToneEx
                0x0000ee1c                WriteToSoundDevice
                0x0000ed84                SoundInit
                0x0000ea84                _soundInitAdPcm
                0x0000f34c                _playSoundSamplesFromStream
                0x0000eaa8                _soundGetAdPcmValue
                0x0000f86c                PlayFileEx
                0x0000f640                _playWAVFile
                0x0000ea2c                SoundInitialized
                0x0000ea24                SoundOpen
                0x0000eed0                SoundClose
                0x0000ebb4                SoundState
                0x0000f160                _playRMDFile
                0x0000ee64                StopSound
                0x0000eeb4                MuteSound
                0x0000eff0                PlaySound
                0x0000ebd0                UnmuteSound
 .text          0x0000f920      0x114 c:/program files (x86)/codesourcery/sourcery g++ lite/bin/../lib/gcc/arm-none-linux-gnueabi/4.3.3/armv4t\libgcc.a(_udivsi3.o)
                0x0000f920                __udivsi3
                0x0000f920                __aeabi_uidiv
                0x0000fa14                __aeabi_uidivmod
 .text          0x0000fa34      0x148 c:/program files (x86)/codesourcery/sourcery g++ lite/bin/../lib/gcc/arm-none-linux-gnueabi/4.3.3/armv4t\libgcc.a(_divsi3.o)
                0x0000fa34                __divsi3
                0x0000fb5c                __aeabi_idivmod
                0x0000fa34                __aeabi_idiv
 .text          0x0000fb7c       0x1c c:/program files (x86)/codesourcery/sourcery g++ lite/bin/../lib/gcc/arm-none-linux-gnueabi/4.3.3/armv4t\libgcc.a(_lshrdi3.o)
                0x0000fb7c                __aeabi_llsr
                0x0000fb7c                __lshrdi3
 .text          0x0000fb98      0x41c c:/program files (x86)/codesourcery/sourcery g++ lite/bin/../lib/gcc/arm-none-linux-gnueabi/4.3.3/armv4t\libgcc.a(_arm_addsubdf3.o)
                0x0000ff40                __floatundidf
                0x0000fed8                __floatsidf
                0x0000feb4                __aeabi_ui2d
                0x0000fed8                __aeabi_i2d
                0x0000feb4                __floatunsidf
                0x0000fba0                __subdf3
                0x0000ff54                __floatdidf
                0x0000fba4                __adddf3
                0x0000ff54                __aeabi_l2d
                0x0000ff00                __aeabi_f2d
                0x0000ff40                __aeabi_ul2d
                0x0000fb98                __aeabi_drsub
                0x0000ff00                __extendsfdf2
                0x0000fba4                __aeabi_dadd
                0x0000fba0                __aeabi_dsub
 .text          0x0000ffb4      0x49c c:/program files (x86)/codesourcery/sourcery g++ lite/bin/../lib/gcc/arm-none-linux-gnueabi/4.3.3/armv4t\libgcc.a(_arm_muldivdf3.o)
                0x0000ffb4                __muldf3
                0x00010244                __divdf3
                0x0000ffb4                __aeabi_dmul
                0x00010244                __aeabi_ddiv
 .text          0x00010450       0x5c c:/program files (x86)/codesourcery/sourcery g++ lite/bin/../lib/gcc/arm-none-linux-gnueabi/4.3.3/armv4t\libgcc.a(_arm_fixdfsi.o)
                0x00010450                __fixdfsi
                0x00010450                __aeabi_d2iz
 .text          0x000104ac      0x2f8 c:/program files (x86)/codesourcery/sourcery g++ lite/bin/../lib/gcc/arm-none-linux-gnueabi/4.3.3/armv4t\libgcc.a(_arm_muldivsf3.o)
                0x00010644                __aeabi_fdiv
                0x00010644                __divsf3
                0x000104ac                __aeabi_fmul
                0x000104ac                __mulsf3
 .text          0x000107a4       0x3c c:/program files (x86)/codesourcery/sourcery g++ lite/bin/../lib/gcc/arm-none-linux-gnueabi/4.3.3/armv4t\libgcc.a(_aeabi_uldivmod.o)
                0x000107a4                __aeabi_uldivmod
 .text          0x000107e0       0x14 c:/program files (x86)/codesourcery/sourcery g++ lite/bin/../lib/gcc/arm-none-linux-gnueabi/4.3.3/armv4t\libgcc.a(_dvmd_lnx.o)
                0x000107e0                __aeabi_idiv0
                0x000107e0                __aeabi_ldiv0
 .text          0x000107f4       0x80 c:/program files (x86)/codesourcery/sourcery g++ lite/bin/../lib/gcc/arm-none-linux-gnueabi/4.3.3/armv4t\libgcc.a(bpabi.o)
                0x00010834                __gnu_ldivmod_helper
                0x000107f4                __gnu_uldivmod_helper
 .text          0x00010874      0x5a4 c:/program files (x86)/codesourcery/sourcery g++ lite/bin/../lib/gcc/arm-none-linux-gnueabi/4.3.3/armv4t\libgcc.a(_divdi3.o)
                0x00010874                __divdi3
 .text          0x00010e18      0x52c c:/program files (x86)/codesourcery/sourcery g++ lite/bin/../lib/gcc/arm-none-linux-gnueabi/4.3.3/armv4t\libgcc.a(_udivdi3.o)
                0x00010e18                __udivdi3
 .text          0x00011344       0x78 c:\program files (x86)\codesourcery\sourcery g++ lite\bin\../arm-none-linux-gnueabi/libc/armv4t/usr/lib/libc_nonshared.a(elf-init.oS)
                0x00011344                __libc_csu_fini
                0x00011348                __libc_csu_init
 .text          0x000113bc       0x1c c:\program files (x86)\codesourcery\sourcery g++ lite\bin\../arm-none-linux-gnueabi/libc/armv4t/usr/lib/libc_nonshared.a(stat.oS)
                0x000113bc                __stat
                0x000113bc                stat
 *(.gnu.warning)
 *(.glue_7t)
 .glue_7t       0x00000000        0x0 linker stubs
 *(.glue_7)
 .glue_7        0x00000000        0x0 linker stubs
 *(.vfp11_veneer)
 .vfp11_veneer  0x00000000        0x0 linker stubs
 *(.v4_bx)
 .v4_bx         0x00000000        0x0 linker stubs

.fini           0x000113d8        0xc
 *(.fini)
 .fini          0x000113d8        0x4 c:/program files (x86)/codesourcery/sourcery g++ lite/bin/../arm-none-linux-gnueabi/libc/armv4t/usr/lib/crti.o
                0x000113d8                _fini
 .fini          0x000113dc        0x8 c:/program files (x86)/codesourcery/sourcery g++ lite/bin/../arm-none-linux-gnueabi/libc/armv4t/usr/lib/crtn.o
                0x000113e4                PROVIDE (__etext, .)
                0x000113e4                PROVIDE (_etext, .)
                0x000113e4                PROVIDE (etext, .)

.rodata         0x000113e4      0x47d
 *(.rodata .rodata.* .gnu.linkonce.r.*)
 .rodata        0x000113e4       0x4c ./src/Sensors/sensors.o
 .rodata        0x00011430       0x28 ./src/main.o
 .rodata.str1.1
                0x00011458        0xf C:/ev3/API\libev3api.a(ev3_button.o)
                                 0x10 (size before relaxing)
 .rodata.str1.1
                0x00011467       0x22 C:/ev3/API\libev3api.a(ev3_output.o)
 .rodata.str1.1
                0x00011489       0x2b C:/ev3/API\libev3api.a(ev3_sensor.o)
 .rodata        0x000114b4      0x100 C:/ev3/API\libev3api.a(ev3_lcd.o)
 .rodata.str1.1
                0x000115b4       0xc1 C:/ev3/API\libev3api.a(ev3_lcd.o)
 *fill*         0x00011675        0x1 00
 .rodata        0x00011676       0xd2 C:/ev3/API\libev3api.a(ev3_sound.o)
                0x00011676                StepSizeTable
                0x00011728                IndexTable
 .rodata.str1.1
                0x00011748       0x19 C:/ev3/API\libev3api.a(ev3_sound.o)
 .rodata        0x00011761      0x100 c:/program files (x86)/codesourcery/sourcery g++ lite/bin/../lib/gcc/arm-none-linux-gnueabi/4.3.3/armv4t\libgcc.a(_clz.o)
                0x00011761                __clz_tab

.rodata1
 *(.rodata1)

.ARM.extab      0x00011864      0x180
 *(.ARM.extab* .gnu.linkonce.armextab.*)
 .ARM.extab.text.setUpSensors
                0x00011864        0xc ./src/Sensors/sensors.o
 .ARM.extab.text.readColorSensor
                0x00011870        0xc ./src/Sensors/sensors.o
 .ARM.extab.text.readUltraSonicSensor
                0x0001187c        0xc ./src/Sensors/sensors.o
 .ARM.extab.text.goalfinding
                0x00011888        0xc ./src/Control/goalfinding.o
 .ARM.extab.text.turnVehicledeg
                0x00011894        0xc ./src/Control/lego_control.o
 .ARM.extab.text.goForward
                0x000118a0        0xc ./src/Control/lego_control.o
 .ARM.extab.text.wander
                0x000118ac        0xc ./src/Control/wander.o
 .ARM.extab.text.main
                0x000118b8        0xc ./src/main.o
 .ARM.extab     0x000118c4       0x90 C:/ev3/API\libev3api.a(ev3_output.o)
 .ARM.extab     0x00011954       0x78 C:/ev3/API\libev3api.a(ev3_lcd.o)
 .ARM.extab     0x000119cc       0x18 C:/ev3/API\libev3api.a(ev3_sound.o)
                0x000119e4                __exidx_start = .

.ARM.exidx      0x000119e4      0x5d0
 *(.ARM.exidx* .gnu.linkonce.armexidx.*)
 .ARM.exidx     0x000119f4        0x0 c:/program files (x86)/codesourcery/sourcery g++ lite/bin/../arm-none-linux-gnueabi/libc/armv4t/usr/lib/crt1.o
                                  0x8 (size before relaxing)
 .ARM.exidx     0x000119f4        0x8 c:/program files (x86)/codesourcery/sourcery g++ lite/bin/../arm-none-linux-gnueabi/libc/armv4t/usr/lib/crti.o
 .ARM.exidx     0x000119fc       0x10 c:/program files (x86)/codesourcery/sourcery g++ lite/bin/../lib/gcc/arm-none-linux-gnueabi/4.3.3/armv4t/crtbegin.o
 .ARM.exidx.text.setUpSensors
                0x00011a0c        0x8 ./src/Sensors/sensors.o
 .ARM.exidx.text.readColorSensor
                0x00011a14        0x8 ./src/Sensors/sensors.o
 .ARM.exidx.text.readUltraSonicSensor
                0x00011a1c        0x8 ./src/Sensors/sensors.o
 .ARM.exidx.text.goalfinding
                0x00011a24        0x8 ./src/Control/goalfinding.o
 .ARM.exidx.text.turnVehicledeg
                0x00011a2c        0x8 ./src/Control/lego_control.o
 .ARM.exidx.text.goForward
                0x00011a34        0x8 ./src/Control/lego_control.o
 .ARM.exidx.text.wander
                0x00011a3c        0x8 ./src/Control/wander.o
 .ARM.exidx.text.main
                0x00011a44        0x8 ./src/main.o
 .ARM.exidx     0x00011a4c       0x70 C:/ev3/API\libev3api.a(ev3_button.o)
                                 0xe0 (size before relaxing)
 .ARM.exidx     0x00011abc      0x178 C:/ev3/API\libev3api.a(ev3_output.o)
                                0x210 (size before relaxing)
 .ARM.exidx     0x00011c34       0x10 C:/ev3/API\libev3api.a(ev3.o)
                                 0x18 (size before relaxing)
 .ARM.exidx     0x00011c44       0x30 C:/ev3/API\libev3api.a(ev3_sensor.o)
                                 0x68 (size before relaxing)
 .ARM.exidx     0x00011c74      0x1d8 C:/ev3/API\libev3api.a(ev3_lcd.o)
                                0x268 (size before relaxing)
 .ARM.exidx     0x00011e4c       0x70 C:/ev3/API\libev3api.a(ev3_timer.o)
                                 0x98 (size before relaxing)
 .ARM.exidx     0x00011ebc        0x8 C:/ev3/API\libev3api.a(ev3_command.o)
 .ARM.exidx     0x00011ec4       0xb0 C:/ev3/API\libev3api.a(ev3_sound.o)
                                 0xd0 (size before relaxing)
 .ARM.exidx     0x00011f74        0x8 c:/program files (x86)/codesourcery/sourcery g++ lite/bin/../lib/gcc/arm-none-linux-gnueabi/4.3.3/armv4t\libgcc.a(bpabi.o)
                                 0x10 (size before relaxing)
 .ARM.exidx     0x00011f7c        0x8 c:/program files (x86)/codesourcery/sourcery g++ lite/bin/../lib/gcc/arm-none-linux-gnueabi/4.3.3/armv4t\libgcc.a(_divdi3.o)
 .ARM.exidx     0x00011f84        0x0 c:/program files (x86)/codesourcery/sourcery g++ lite/bin/../lib/gcc/arm-none-linux-gnueabi/4.3.3/armv4t\libgcc.a(_udivdi3.o)
                                  0x8 (size before relaxing)
 .ARM.exidx     0x00011f84       0x10 c:\program files (x86)\codesourcery\sourcery g++ lite\bin\../arm-none-linux-gnueabi/libc/armv4t/usr/lib/libc_nonshared.a(elf-init.oS)
 .ARM.exidx     0x00011f94       0x10 c:\program files (x86)\codesourcery\sourcery g++ lite\bin\../arm-none-linux-gnueabi/libc/armv4t/usr/lib/libc_nonshared.a(stat.oS)
                                  0x8 (size before relaxing)
 .ARM.exidx.init
                0x000119e4       0x10 c:/program files (x86)/codesourcery/sourcery g++ lite/bin/../arm-none-linux-gnueabi/libc/armv4t/usr/lib/crtn.o
                                  0x8 (size before relaxing)
 .ARM.exidx.fini
                0x00011fa4       0x10 c:/program files (x86)/codesourcery/sourcery g++ lite/bin/../arm-none-linux-gnueabi/libc/armv4t/usr/lib/crtn.o
                                  0x8 (size before relaxing)
                0x00011fb4                __exidx_end = .

.eh_frame_hdr
 *(.eh_frame_hdr)

.eh_frame       0x00011fb4        0x4
 *(.eh_frame)
 .eh_frame      0x00011fb4        0x4 c:/program files (x86)/codesourcery/sourcery g++ lite/bin/../lib/gcc/arm-none-linux-gnueabi/4.3.3/armv4t/crtend.o

.gcc_except_table
 *(.gcc_except_table .gcc_except_table.*)
                0x00011fb8                . = (ALIGN (0x8000) - ((0x8000 - .) & 0x7fff))
                0x0001a000                . = (0x8000 DATA_SEGMENT_ALIGN 0x1000)

.eh_frame
 *(.eh_frame)

.gcc_except_table
 *(.gcc_except_table .gcc_except_table.*)

.tdata
 *(.tdata .tdata.* .gnu.linkonce.td.*)

.tbss
 *(.tbss .tbss.* .gnu.linkonce.tb.*)
 *(.tcommon)

.preinit_array  0x0001a000        0x0
                0x0001a000                PROVIDE (__preinit_array_start, .)
 *(.preinit_array)
                0x0001a000                PROVIDE (__preinit_array_end, .)

.init_array     0x0001a000        0x8
                0x0001a000                PROVIDE (__init_array_start, .)
 *(SORT(.init_array.*))
 *(.init_array)
 .init_array    0x0001a000        0x4 c:/program files (x86)/codesourcery/sourcery g++ lite/bin/../lib/gcc/arm-none-linux-gnueabi/4.3.3/armv4t/crtbegin.o
 .init_array    0x0001a004        0x4 C:/ev3/API\libev3api.a(ev3.o)
                0x0001a008                PROVIDE (__init_array_end, .)

.fini_array     0x0001a008        0x8
                0x0001a008                PROVIDE (__fini_array_start, .)
 *(.fini_array)
 .fini_array    0x0001a008        0x4 c:/program files (x86)/codesourcery/sourcery g++ lite/bin/../lib/gcc/arm-none-linux-gnueabi/4.3.3/armv4t/crtbegin.o
 .fini_array    0x0001a00c        0x4 C:/ev3/API\libev3api.a(ev3.o)
 *(SORT(.fini_array.*))
                0x0001a010                PROVIDE (__fini_array_end, .)

.ctors
 *crtbegin.o(.ctors)
 *crtbegin?.o(.ctors)
 *(EXCLUDE_FILE(*crtend?.o *crtend.o) .ctors)
 *(SORT(.ctors.*))
 *(.ctors)

.dtors
 *crtbegin.o(.dtors)
 *crtbegin?.o(.dtors)
 *(EXCLUDE_FILE(*crtend?.o *crtend.o) .dtors)
 *(SORT(.dtors.*))
 *(.dtors)

.jcr            0x0001a010        0x4
 *(.jcr)
 .jcr           0x0001a010        0x0 c:/program files (x86)/codesourcery/sourcery g++ lite/bin/../lib/gcc/arm-none-linux-gnueabi/4.3.3/armv4t/crtbegin.o
 .jcr           0x0001a010        0x4 c:/program files (x86)/codesourcery/sourcery g++ lite/bin/../lib/gcc/arm-none-linux-gnueabi/4.3.3/armv4t/crtend.o

.data.rel.ro
 *(.data.rel.ro.local* .gnu.linkonce.d.rel.ro.local.*)
 *(.data.rel.ro* .gnu.linkonce.d.rel.ro.*)

.dynamic        0x0001a014       0xf8
 *(.dynamic)
 .dynamic       0x0001a014       0xf8 c:/program files (x86)/codesourcery/sourcery g++ lite/bin/../arm-none-linux-gnueabi/libc/armv4t/usr/lib/crti.o
                0x0001a014                _DYNAMIC
                0x0001a10c                . = (. DATA_SEGMENT_RELRO_END 0x0)

.got            0x0001a10c       0xb4
 *(.got.plt)
 .got.plt       0x0001a10c       0xac c:/program files (x86)/codesourcery/sourcery g++ lite/bin/../arm-none-linux-gnueabi/libc/armv4t/usr/lib/crti.o
                0x0001a10c                _GLOBAL_OFFSET_TABLE_
 *(.got)
 .got           0x0001a1b8        0x8 c:/program files (x86)/codesourcery/sourcery g++ lite/bin/../arm-none-linux-gnueabi/libc/armv4t/usr/lib/crti.o

.data           0x0001a1c0     0x2534
                0x0001a1c0                __data_start = .
 *(.data .data.* .gnu.linkonce.d.*)
 .data          0x0001a1c0     0x2530 C:/ev3/API\libev3api.a(ev3_lcd.o)
                0x0001a32c                PixelTab
                0x0001a22c                UnPixelTab
                0x0001a1f0                IconInfo
                0x0001a1c0                FontInfo
                0x0001a334                Masks
 .data          0x0001c6f0        0x4 C:/ev3/API\libev3api.a(ev3_timer.o)

.data1
 *(.data1)
                0x0001c6f4                _edata = .
                0x0001c6f4                PROVIDE (edata, .)
                0x0001c6f4                __bss_start = .
                0x0001c6f4                __bss_start__ = .

.bss            0x0001c6f8     0x2d40
 *(.dynbss)
 .dynbss        0x00000000        0x0 c:/program files (x86)/codesourcery/sourcery g++ lite/bin/../arm-none-linux-gnueabi/libc/armv4t/usr/lib/crti.o
 *(.bss .bss.* .gnu.linkonce.b.*)
 .bss           0x0001c6f8        0x1 c:/program files (x86)/codesourcery/sourcery g++ lite/bin/../lib/gcc/arm-none-linux-gnueabi/4.3.3/armv4t/crtbegin.o
 .bss           0x0001c6f9        0x1 C:/ev3/API\libev3api.a(ev3.o)
 *fill*         0x0001c6fa        0x2 00
 .bss           0x0001c6fc       0x24 C:/ev3/API\libev3api.a(ev3_sensor.o)
                0x0001c6fc                g_uartFile
                0x0001c70c                g_iicSensors
                0x0001c708                g_uartSensors
                0x0001c710                g_analogSensors
                0x0001c704                g_analogFile
                0x0001c700                g_iicFile
 .bss           0x0001c720        0xc C:/ev3/API\libev3api.a(ev3_lcd.o)
 *fill*         0x0001c72c        0x4 00
 .bss           0x0001c730       0xe0 C:/ev3/API\libev3api.a(ev3_timer.o)
 *(COMMON)
 COMMON         0x0001c810       0x20 C:/ev3/API\libev3api.a(ev3_button.o)
                0x0001c810                HwVers
                0x0001c818                ButtonLedInstance
 COMMON         0x0001c830       0x48 C:/ev3/API\libev3api.a(ev3_output.o)
                0x0001c830                OutputInstance
 COMMON         0x0001c878       0x20 C:/ev3/API\libev3api.a(ev3_sensor.o)
                0x0001c878                ir_sensor_channel
                0x0001c888                sensor_setup_NAME
 COMMON         0x0001c898     0x2998 C:/ev3/API\libev3api.a(ev3_lcd.o)
                0x0001c898                LCDInstance
                0x0001d430                hwBuffer
 COMMON         0x0001f230      0x208 C:/ev3/API\libev3api.a(ev3_sound.o)
                0x0001f230                SoundInstance
                0x0001f438                . = ALIGN ((. != 0x0)?0x4:0x1)
                0x0001f438                _bss_end__ = .
                0x0001f438                __bss_end__ = .
                0x0001f438                . = ALIGN (0x4)
                0x0001f438                . = ALIGN (0x4)
                0x0001f438                __end__ = .
                0x0001f438                _end = .
                0x0001f438                PROVIDE (end, .)
                0x0001f438                . = DATA_SEGMENT_END (.)

.stab
 *(.stab)

.stabstr
 *(.stabstr)

.stab.excl
 *(.stab.excl)

.stab.exclstr
 *(.stab.exclstr)

.stab.index
 *(.stab.index)

.stab.indexstr
 *(.stab.indexstr)

.ARM.attributes
                0x00000000       0x2d
 .ARM.attributes
                0x00000000       0x26 c:/program files (x86)/codesourcery/sourcery g++ lite/bin/../arm-none-linux-gnueabi/libc/armv4t/usr/lib/crt1.o
 .ARM.attributes
                0x00000026       0x2a c:/program files (x86)/codesourcery/sourcery g++ lite/bin/../arm-none-linux-gnueabi/libc/armv4t/usr/lib/crti.o
 .ARM.attributes
                0x00000050       0x2a c:/program files (x86)/codesourcery/sourcery g++ lite/bin/../lib/gcc/arm-none-linux-gnueabi/4.3.3/armv4t/crtbegin.o
 .ARM.attributes
                0x0000007a       0x2c ./src/Sensors/sensors.o
 .ARM.attributes
                0x000000a6       0x2c ./src/Control/control_setup.o
 .ARM.attributes
                0x000000d2       0x2c ./src/Control/goalfinding.o
 .ARM.attributes
                0x000000fe       0x2c ./src/Control/lego_control.o
 .ARM.attributes
                0x0000012a       0x2c ./src/Control/wander.o
 .ARM.attributes
                0x00000156       0x2c ./src/main.o
 .ARM.attributes
                0x00000182       0x31 C:/ev3/API\libev3api.a(ev3_button.o)
 .ARM.attributes
                0x000001b3       0x31 C:/ev3/API\libev3api.a(ev3_output.o)
 .ARM.attributes
                0x000001e4       0x31 C:/ev3/API\libev3api.a(ev3.o)
 .ARM.attributes
                0x00000215       0x31 C:/ev3/API\libev3api.a(ev3_sensor.o)
 .ARM.attributes
                0x00000246       0x31 C:/ev3/API\libev3api.a(ev3_lcd.o)
 .ARM.attributes
                0x00000277       0x31 C:/ev3/API\libev3api.a(ev3_timer.o)
 .ARM.attributes
                0x000002a8       0x31 C:/ev3/API\libev3api.a(ev3_command.o)
 .ARM.attributes
                0x000002d9       0x31 C:/ev3/API\libev3api.a(ev3_sound.o)
 .ARM.attributes
                0x0000030a       0x1a c:/program files (x86)/codesourcery/sourcery g++ lite/bin/../lib/gcc/arm-none-linux-gnueabi/4.3.3/armv4t\libgcc.a(_udivsi3.o)
 .ARM.attributes
                0x00000324       0x1a c:/program files (x86)/codesourcery/sourcery g++ lite/bin/../lib/gcc/arm-none-linux-gnueabi/4.3.3/armv4t\libgcc.a(_divsi3.o)
 .ARM.attributes
                0x0000033e       0x1a c:/program files (x86)/codesourcery/sourcery g++ lite/bin/../lib/gcc/arm-none-linux-gnueabi/4.3.3/armv4t\libgcc.a(_lshrdi3.o)
 .ARM.attributes
                0x00000358       0x1a c:/program files (x86)/codesourcery/sourcery g++ lite/bin/../lib/gcc/arm-none-linux-gnueabi/4.3.3/armv4t\libgcc.a(_arm_addsubdf3.o)
 .ARM.attributes
                0x00000372       0x1a c:/program files (x86)/codesourcery/sourcery g++ lite/bin/../lib/gcc/arm-none-linux-gnueabi/4.3.3/armv4t\libgcc.a(_arm_muldivdf3.o)
 .ARM.attributes
                0x0000038c       0x1a c:/program files (x86)/codesourcery/sourcery g++ lite/bin/../lib/gcc/arm-none-linux-gnueabi/4.3.3/armv4t\libgcc.a(_arm_fixdfsi.o)
 .ARM.attributes
                0x000003a6       0x1a c:/program files (x86)/codesourcery/sourcery g++ lite/bin/../lib/gcc/arm-none-linux-gnueabi/4.3.3/armv4t\libgcc.a(_arm_muldivsf3.o)
 .ARM.attributes
                0x000003c0       0x1a c:/program files (x86)/codesourcery/sourcery g++ lite/bin/../lib/gcc/arm-none-linux-gnueabi/4.3.3/armv4t\libgcc.a(_aeabi_uldivmod.o)
 .ARM.attributes
                0x000003da       0x1a c:/program files (x86)/codesourcery/sourcery g++ lite/bin/../lib/gcc/arm-none-linux-gnueabi/4.3.3/armv4t\libgcc.a(_dvmd_lnx.o)
 .ARM.attributes
                0x000003f4       0x2a c:/program files (x86)/codesourcery/sourcery g++ lite/bin/../lib/gcc/arm-none-linux-gnueabi/4.3.3/armv4t\libgcc.a(bpabi.o)
 .ARM.attributes
                0x0000041e       0x2a c:/program files (x86)/codesourcery/sourcery g++ lite/bin/../lib/gcc/arm-none-linux-gnueabi/4.3.3/armv4t\libgcc.a(_divdi3.o)
 .ARM.attributes
                0x00000448       0x2a c:/program files (x86)/codesourcery/sourcery g++ lite/bin/../lib/gcc/arm-none-linux-gnueabi/4.3.3/armv4t\libgcc.a(_udivdi3.o)
 .ARM.attributes
                0x00000472       0x2a c:/program files (x86)/codesourcery/sourcery g++ lite/bin/../lib/gcc/arm-none-linux-gnueabi/4.3.3/armv4t\libgcc.a(_clz.o)
 .ARM.attributes
                0x0000049c       0x2a c:\program files (x86)\codesourcery\sourcery g++ lite\bin\../arm-none-linux-gnueabi/libc/armv4t/usr/lib/libc_nonshared.a(elf-init.oS)
 .ARM.attributes
                0x000004c6       0x2a c:\program files (x86)\codesourcery\sourcery g++ lite\bin\../arm-none-linux-gnueabi/libc/armv4t/usr/lib/libc_nonshared.a(stat.oS)
 .ARM.attributes
                0x000004f0       0x2a c:/program files (x86)/codesourcery/sourcery g++ lite/bin/../lib/gcc/arm-none-linux-gnueabi/4.3.3/armv4t/crtend.o
 .ARM.attributes
                0x0000051a       0x2a c:/program files (x86)/codesourcery/sourcery g++ lite/bin/../arm-none-linux-gnueabi/libc/armv4t/usr/lib/crtn.o

.comment        0x00000000      0x25a
 *(.comment)
 .comment       0x00000000       0x2b ./src/Sensors/sensors.o
 .comment       0x0000002b       0x2b ./src/Control/control_setup.o
 .comment       0x00000056       0x2b ./src/Control/goalfinding.o
 .comment       0x00000081       0x2b ./src/Control/lego_control.o
 .comment       0x000000ac       0x2b ./src/Control/wander.o
 .comment       0x000000d7       0x2b ./src/main.o
 .comment       0x00000102       0x2b C:/ev3/API\libev3api.a(ev3_button.o)
 .comment       0x0000012d       0x2b C:/ev3/API\libev3api.a(ev3_output.o)
 .comment       0x00000158       0x2b C:/ev3/API\libev3api.a(ev3.o)
 .comment       0x00000183       0x2b C:/ev3/API\libev3api.a(ev3_sensor.o)
 .comment       0x000001ae       0x2b C:/ev3/API\libev3api.a(ev3_lcd.o)
 .comment       0x000001d9       0x2b C:/ev3/API\libev3api.a(ev3_timer.o)
 .comment       0x00000204       0x2b C:/ev3/API\libev3api.a(ev3_command.o)
 .comment       0x0000022f       0x2b C:/ev3/API\libev3api.a(ev3_sound.o)

.debug
 *(.debug)

.line
 *(.line)

.debug_srcinfo
 *(.debug_srcinfo)

.debug_sfnames
 *(.debug_sfnames)

.debug_aranges
 *(.debug_aranges)

.debug_pubnames
 *(.debug_pubnames)

.debug_info
 *(.debug_info .gnu.linkonce.wi.*)

.debug_abbrev
 *(.debug_abbrev)

.debug_line
 *(.debug_line)

.debug_frame
 *(.debug_frame)

.debug_str
 *(.debug_str)

.debug_loc
 *(.debug_loc)

.debug_macinfo
 *(.debug_macinfo)

.debug_weaknames
 *(.debug_weaknames)

.debug_funcnames
 *(.debug_funcnames)

.debug_typenames
 *(.debug_typenames)

.debug_varnames
 *(.debug_varnames)

.debug_pubtypes
 *(.debug_pubtypes)

.debug_ranges
 *(.debug_ranges)

.gnu.attributes
 *(.gnu.attributes)

.note.gnu.arm.ident
 *(.note.gnu.arm.ident)

/DISCARD/
 *(.note.GNU-stack)
 *(.gnu_debuglink)
OUTPUT(robotics_planner.elf elf32-littlearm)
